Archive member included to satisfy reference by file (symbol)

C:/ST/STM32CubeIDE_1.13.2/STM32CubeIDE/plugins/com.st.stm32cube.ide.mcu.externaltools.gnu-tools-for-stm32.11.3.rel1.win32_1.1.100.202309141235/tools/bin/../lib/gcc/arm-none-eabi/11.3.1/../../../../arm-none-eabi/lib/thumb/v7e-m+fp/hard\libc_nano.a(libc_a-exit.o)
                              C:/ST/STM32CubeIDE_1.13.2/STM32CubeIDE/plugins/com.st.stm32cube.ide.mcu.externaltools.gnu-tools-for-stm32.11.3.rel1.win32_1.1.100.202309141235/tools/bin/../lib/gcc/arm-none-eabi/11.3.1/../../../../arm-none-eabi/lib/thumb/v7e-m+fp/hard/crt0.o (exit)
C:/ST/STM32CubeIDE_1.13.2/STM32CubeIDE/plugins/com.st.stm32cube.ide.mcu.externaltools.gnu-tools-for-stm32.11.3.rel1.win32_1.1.100.202309141235/tools/bin/../lib/gcc/arm-none-eabi/11.3.1/../../../../arm-none-eabi/lib/thumb/v7e-m+fp/hard\libc_nano.a(libc_a-findfp.o)
                              ./Middlewares/Third_Party/FreeRTOS/Source/tasks.o (__sf)
C:/ST/STM32CubeIDE_1.13.2/STM32CubeIDE/plugins/com.st.stm32cube.ide.mcu.externaltools.gnu-tools-for-stm32.11.3.rel1.win32_1.1.100.202309141235/tools/bin/../lib/gcc/arm-none-eabi/11.3.1/../../../../arm-none-eabi/lib/thumb/v7e-m+fp/hard\libc_nano.a(libc_a-fwalk.o)
                              C:/ST/STM32CubeIDE_1.13.2/STM32CubeIDE/plugins/com.st.stm32cube.ide.mcu.externaltools.gnu-tools-for-stm32.11.3.rel1.win32_1.1.100.202309141235/tools/bin/../lib/gcc/arm-none-eabi/11.3.1/../../../../arm-none-eabi/lib/thumb/v7e-m+fp/hard\libc_nano.a(libc_a-findfp.o) (_fwalk_sglue)
C:/ST/STM32CubeIDE_1.13.2/STM32CubeIDE/plugins/com.st.stm32cube.ide.mcu.externaltools.gnu-tools-for-stm32.11.3.rel1.win32_1.1.100.202309141235/tools/bin/../lib/gcc/arm-none-eabi/11.3.1/../../../../arm-none-eabi/lib/thumb/v7e-m+fp/hard\libc_nano.a(libc_a-sprintf.o)
                              ./UGV/Drivers/GPS/gps.o (sprintf)
C:/ST/STM32CubeIDE_1.13.2/STM32CubeIDE/plugins/com.st.stm32cube.ide.mcu.externaltools.gnu-tools-for-stm32.11.3.rel1.win32_1.1.100.202309141235/tools/bin/../lib/gcc/arm-none-eabi/11.3.1/../../../../arm-none-eabi/lib/thumb/v7e-m+fp/hard\libc_nano.a(libc_a-stdio.o)
                              C:/ST/STM32CubeIDE_1.13.2/STM32CubeIDE/plugins/com.st.stm32cube.ide.mcu.externaltools.gnu-tools-for-stm32.11.3.rel1.win32_1.1.100.202309141235/tools/bin/../lib/gcc/arm-none-eabi/11.3.1/../../../../arm-none-eabi/lib/thumb/v7e-m+fp/hard\libc_nano.a(libc_a-findfp.o) (__sread)
C:/ST/STM32CubeIDE_1.13.2/STM32CubeIDE/plugins/com.st.stm32cube.ide.mcu.externaltools.gnu-tools-for-stm32.11.3.rel1.win32_1.1.100.202309141235/tools/bin/../lib/gcc/arm-none-eabi/11.3.1/../../../../arm-none-eabi/lib/thumb/v7e-m+fp/hard\libc_nano.a(libc_a-memset.o)
                              C:/ST/STM32CubeIDE_1.13.2/STM32CubeIDE/plugins/com.st.stm32cube.ide.mcu.externaltools.gnu-tools-for-stm32.11.3.rel1.win32_1.1.100.202309141235/tools/bin/../lib/gcc/arm-none-eabi/11.3.1/../../../../arm-none-eabi/lib/thumb/v7e-m+fp/hard/crt0.o (memset)
C:/ST/STM32CubeIDE_1.13.2/STM32CubeIDE/plugins/com.st.stm32cube.ide.mcu.externaltools.gnu-tools-for-stm32.11.3.rel1.win32_1.1.100.202309141235/tools/bin/../lib/gcc/arm-none-eabi/11.3.1/../../../../arm-none-eabi/lib/thumb/v7e-m+fp/hard\libc_nano.a(libc_a-strncmp.o)
                              ./UGV/Drivers/GPS/gps.o (strncmp)
C:/ST/STM32CubeIDE_1.13.2/STM32CubeIDE/plugins/com.st.stm32cube.ide.mcu.externaltools.gnu-tools-for-stm32.11.3.rel1.win32_1.1.100.202309141235/tools/bin/../lib/gcc/arm-none-eabi/11.3.1/../../../../arm-none-eabi/lib/thumb/v7e-m+fp/hard\libc_nano.a(libc_a-closer.o)
                              C:/ST/STM32CubeIDE_1.13.2/STM32CubeIDE/plugins/com.st.stm32cube.ide.mcu.externaltools.gnu-tools-for-stm32.11.3.rel1.win32_1.1.100.202309141235/tools/bin/../lib/gcc/arm-none-eabi/11.3.1/../../../../arm-none-eabi/lib/thumb/v7e-m+fp/hard\libc_nano.a(libc_a-stdio.o) (_close_r)
C:/ST/STM32CubeIDE_1.13.2/STM32CubeIDE/plugins/com.st.stm32cube.ide.mcu.externaltools.gnu-tools-for-stm32.11.3.rel1.win32_1.1.100.202309141235/tools/bin/../lib/gcc/arm-none-eabi/11.3.1/../../../../arm-none-eabi/lib/thumb/v7e-m+fp/hard\libc_nano.a(libc_a-reent.o)
                              ./Middlewares/Third_Party/FreeRTOS/Source/tasks.o (_reclaim_reent)
C:/ST/STM32CubeIDE_1.13.2/STM32CubeIDE/plugins/com.st.stm32cube.ide.mcu.externaltools.gnu-tools-for-stm32.11.3.rel1.win32_1.1.100.202309141235/tools/bin/../lib/gcc/arm-none-eabi/11.3.1/../../../../arm-none-eabi/lib/thumb/v7e-m+fp/hard\libc_nano.a(libc_a-impure.o)
                              ./Middlewares/Third_Party/FreeRTOS/Source/tasks.o (_impure_ptr)
C:/ST/STM32CubeIDE_1.13.2/STM32CubeIDE/plugins/com.st.stm32cube.ide.mcu.externaltools.gnu-tools-for-stm32.11.3.rel1.win32_1.1.100.202309141235/tools/bin/../lib/gcc/arm-none-eabi/11.3.1/../../../../arm-none-eabi/lib/thumb/v7e-m+fp/hard\libc_nano.a(libc_a-lseekr.o)
[...]
Memory Configuration

Name             Origin             Length             Attributes
RAM              0x0000000020000000 0x0000000000020000 xrw
FLASH            0x0000000008000000 0x0000000000080000 xr
*default*        0x0000000000000000 0xffffffffffffffff

Linker script and memory map

LOAD C:/ST/STM32CubeIDE_1.13.2/STM32CubeIDE/plugins/com.st.stm32cube.ide.mcu.externaltools.gnu-tools-for-stm32.11.3.rel1.win32_1.1.100.202309141235/tools/bin/../lib/gcc/arm-none-eabi/11.3.1/thumb/v7e-m+fp/hard/crti.o
LOAD C:/ST/STM32CubeIDE_1.13.2/STM32CubeIDE/plugins/com.st.stm32cube.ide.mcu.externaltools.gnu-tools-for-stm32.11.3.rel1.win32_1.1.100.202309141235/tools/bin/../lib/gcc/arm-none-eabi/11.3.1/thumb/v7e-m+fp/hard/crtbegin.o
LOAD C:/ST/STM32CubeIDE_1.13.2/STM32CubeIDE/plugins/com.st.stm32cube.ide.mcu.externaltools.gnu-tools-for-stm32.11.3.rel1.win32_1.1.100.202309141235/tools/bin/../lib/gcc/arm-none-eabi/11.3.1/../../../../arm-none-eabi/lib/thumb/v7e-m+fp/hard/crt0.o
LOAD ./Core/Src/freertos.o
LOAD ./Core/Src/gpio.o
LOAD ./Core/Src/i2c.o
LOAD ./Core/Src/iwdg.o
LOAD ./Core/Src/main.o
LOAD ./Core/Src/spi.o
LOAD ./Core/Src/stm32f4xx_hal_msp.o
LOAD ./Core/Src/stm32f4xx_hal_timebase_tim.o
LOAD ./Core/Src/stm32f4xx_it.o
LOAD ./Core/Src/syscalls.o
LOAD ./Core/Src/sysmem.o
LOAD ./Core/Src/system_stm32f4xx.o
LOAD ./Core/Src/tim.o
LOAD ./Core/Src/usart.o
LOAD ./Core/Startup/startup_stm32f446retx.o
LOAD ./Drivers/STM32F4xx_HAL_Driver/Src/stm32f4xx_hal.o
LOAD ./Drivers/STM32F4xx_HAL_Driver/Src/stm32f4xx_hal_cortex.o
LOAD ./Drivers/STM32F4xx_HAL_Driver/Src/stm32f4xx_hal_dma.o
LOAD ./Drivers/STM32F4xx_HAL_Driver/Src/stm32f4xx_hal_dma_ex.o
LOAD ./Drivers/STM32F4xx_HAL_Driver/Src/stm32f4xx_hal_exti.o
LOAD ./Drivers/STM32F4xx_HAL_Driver/Src/stm32f4xx_hal_flash.o
LOAD ./Drivers/STM32F4xx_HAL_Driver/Src/stm32f4xx_hal_flash_ex.o
LOAD ./Drivers/STM32F4xx_HAL_Driver/Src/stm32f4xx_hal_flash_ramfunc.o
LOAD ./Drivers/STM32F4xx_HAL_Driver/Src/stm32f4xx_hal_gpio.o
LOAD ./Drivers/STM32F4xx_HAL_Driver/Src/stm32f4xx_hal_i2c.o
LOAD ./Drivers/STM32F4xx_HAL_Driver/Src/stm32f4xx_hal_i2c_ex.o
LOAD ./Drivers/STM32F4xx_HAL_Driver/Src/stm32f4xx_hal_iwdg.o
LOAD ./Drivers/STM32F4xx_HAL_Driver/Src/stm32f4xx_hal_pwr.o
LOAD ./Drivers/STM32F4xx_HAL_Driver/Src/stm32f4xx_hal_pwr_ex.o
LOAD ./Drivers/STM32F4xx_HAL_Driver/Src/stm32f4xx_hal_rcc.o
LOAD ./Drivers/STM32F4xx_HAL_Driver/Src/stm32f4xx_hal_rcc_ex.o
LOAD ./Drivers/STM32F4xx_HAL_Driver/Src/stm32f4xx_hal_spi.o
LOAD ./Drivers/STM32F4xx_HAL_Driver/Src/stm32f4xx_hal_tim.o
LOAD ./Drivers/STM32F4xx_HAL_Driver/Src/stm32f4xx_hal_tim_ex.o
LOAD ./Drivers/STM32F4xx_HAL_Driver/Src/stm32f4xx_hal_uart.o
LOAD ./Middlewares/Third_Party/FreeRTOS/Source/CMSIS_RTOS_V2/cmsis_os2.o
LOAD ./Middlewares/Third_Party/FreeRTOS/Source/croutine.o
LOAD ./Middlewares/Third_Party/FreeRTOS/Source/event_groups.o
LOAD ./Middlewares/Third_Party/FreeRTOS/Source/list.o
LOAD ./Middlewares/Third_Party/FreeRTOS/Source/queue.o
LOAD ./Middlewares/Third_Party/FreeRTOS/Source/stream_buffer.o
LOAD ./Middlewares/Third_Party/FreeRTOS/Source/tasks.o
LOAD ./Middlewares/Third_Party/FreeRTOS/Source/timers.o
LOAD ./Middlewares/Third_Party/FreeRTOS/Source/portable/GCC/ARM_CM4F/port.o
LOAD ./Middlewares/Third_Party/FreeRTOS/Source/portable/MemMang/heap_4.o
LOAD ./UGV/Database/database.o
LOAD ./UGV/Drivers/GPS/gps.o
LOAD ./UGV/Drivers/MotorDriver/MotorDrive.o
LOAD ./UGV/Drivers/Mpu6050/mpu6050.o
LOAD ./UGV/Drivers/PID/pid.o
LOAD ./UGV/Drivers/QMC/Kalman/kalman_filter.o
LOAD ./UGV/Drivers/QMC/QMC5883/qmc5883.o
LOAD ./UGV/Drivers/RC/rcReceiver.o
LOAD ./UGV/Drivers/RcFilter/rcFilter.o
LOAD ./UGV/Drivers/SX1278/SX1278.o
LOAD ./UGV/Drivers/SX1278/SX1278_hw.o
LOAD ./UGV/Drivers/Servo/cameraServo.o
LOAD ./UGV/Drivers/crc/crc15.o
LOAD ./UGV/Drivers/ledControl/ledControl.o
LOAD ./UGV/Main/ugvMain.o
LOAD ./UGV/Tasks/TaskLoraCom/taskLoraCom.o
LOAD ./UGV/Tasks/TaskMotorDrive/taskMotorDrive.o
LOAD ./UGV/Tasks/TaskSensor/taskSensor.o
START GROUP
LOAD C:/ST/STM32CubeIDE_1.13.2/STM32CubeIDE/plugins/com.st.stm32cube.ide.mcu.externaltools.gnu-tools-for-stm32.11.3.rel1.win32_1.1.100.202309141235/tools/bin/../lib/gcc/arm-none-eabi/11.3.1/../../../../arm-none-eabi/lib/thumb/v7e-m+fp/hard\libc_nano.a
LOAD C:/ST/STM32CubeIDE_1.13.2/STM32CubeIDE/plugins/com.st.stm32cube.ide.mcu.externaltools.gnu-tools-for-stm32.11.3.rel1.win32_1.1.100.202309141235/tools/bin/../lib/gcc/arm-none-eabi/11.3.1/../../../../arm-none-eabi/lib/thumb/v7e-m+fp/hard\libm.a
END GROUP
START GROUP
LOAD C:/ST/STM32CubeIDE_1.13.2/STM32CubeIDE/plugins/com.st.stm32cube.ide.mcu.externaltools.gnu-tools-for-stm32.11.3.rel1.win32_1.1.100.202309141235/tools/bin/../lib/gcc/arm-none-eabi/11.3.1/thumb/v7e-m+fp/hard\libgcc.a
LOAD C:/ST/STM32CubeIDE_1.13.2/STM32CubeIDE/plugins/com.st.stm32cube.ide.mcu.externaltools.gnu-tools-for-stm32.11.3.rel1.win32_1.1.100.202309141235/tools/bin/../lib/gcc/arm-none-eabi/11.3.1/../../../../arm-none-eabi/lib/thumb/v7e-m+fp/hard\libc_nano.a
END GROUP
START GROUP
LOAD C:/ST/STM32CubeIDE_1.13.2/STM32CubeIDE/plugins/com.st.stm32cube.ide.mcu.externaltools.gnu-tools-for-stm32.11.3.rel1.win32_1.1.100.202309141235/tools/bin/../lib/gcc/arm-none-eabi/11.3.1/thumb/v7e-m+fp/hard\libgcc.a
LOAD C:/ST/STM32CubeIDE_1.13.2/STM32CubeIDE/plugins/com.st.stm32cube.ide.mcu.externaltools.gnu-tools-for-stm32.11.3.rel1.win32_1.1.100.202309141235/tools/bin/../lib/gcc/arm-none-eabi/11.3.1/../../../../arm-none-eabi/lib/thumb/v7e-m+fp/hard\libc_nano.a
LOAD C:/ST/STM32CubeIDE_1.13.2/STM32CubeIDE/plugins/com.st.stm32cube.ide.mcu.externaltools.gnu-tools-for-stm32.11.3.rel1.win32_1.1.100.202309141235/tools/bin/../lib/gcc/arm-none-eabi/11.3.1/../../../../arm-none-eabi/lib/thumb/v7e-m+fp/hard\libnosys.a
END GROUP
START GROUP
LOAD C:/ST/STM32CubeIDE_1.13.2/STM32CubeIDE/plugins/com.st.stm32cube.ide.mcu.externaltools.gnu-tools-for-stm32.11.3.rel1.win32_1.1.100.202309141235/tools/bin/../lib/gcc/arm-none-eabi/11.3.1/thumb/v7e-m+fp/hard\libgcc.a
LOAD C:/ST/STM32CubeIDE_1.13.2/STM32CubeIDE/plugins/com.st.stm32cube.ide.mcu.externaltools.gnu-tools-for-stm32.11.3.rel1.win32_1.1.100.202309141235/tools/bin/../lib/gcc/arm-none-eabi/11.3.1/../../../../arm-none-eabi/lib/thumb/v7e-m+fp/hard\libc_nano.a
LOAD C:/ST/STM32CubeIDE_1.13.2/STM32CubeIDE/plugins/com.st.stm32cube.ide.mcu.externaltools.gnu-tools-for-stm32.11.3.rel1.win32_1.1.100.202309141235/tools/bin/../lib/gcc/arm-none-eabi/11.3.1/../../../../arm-none-eabi/lib/thumb/v7e-m+fp/hard\libnosys.a
END GROUP
LOAD C:/ST/STM32CubeIDE_1.13.2/STM32CubeIDE/plugins/com.st.stm32cube.ide.mcu.externaltools.gnu-tools-for-stm32.11.3.rel1.win32_1.1.100.202309141235/tools/bin/../lib/gcc/arm-none-eabi/11.3.1/thumb/v7e-m+fp/hard/crtend.o
LOAD C:/ST/STM32CubeIDE_1.13.2/STM32CubeIDE/plugins/com.st.stm32cube.ide.mcu.externaltools.gnu-tools-for-stm32.11.3.rel1.win32_1.1.100.202309141235/tools/bin/../lib/gcc/arm-none-eabi/11.3.1/thumb/v7e-m+fp/hard/crtn.o
                0x0000000020020000                _estack = (ORIGIN (RAM) + LENGTH (RAM))
                0x0000000000000200                _Min_Heap_Size = 0x200
                0x0000000000000400                _Min_Stack_Size = 0x400

.isr_vector     0x0000000008000000      0x1c4
                0x0000000008000000                . = ALIGN (0x4)
 *(.isr_vector)
 .isr_vector    0x0000000008000000      0x1c4 ./Core/Startup/startup_stm32f446retx.o
                0x0000000008000000                g_pfnVectors
                0x00000000080001c4                . = ALIGN (0x4)

.text           0x00000000080001d0     0xfa54
                0x00000000080001d0                . = ALIGN (0x4)
 *(.text)
 .text          0x00000000080001d0       0x40 C:/ST/STM32CubeIDE_1.13.2/STM32CubeIDE/plugins/com.st.stm32cube.ide.mcu.externaltools.gnu-tools-for-stm32.11.3.rel1.win32_1.1.100.202309141235/tools/bin/../lib/gcc/arm-none-eabi/11.3.1/thumb/v7e-m+fp/hard/crtbegin.o
 .text          0x0000000008000210       0xa0 C:/ST/STM32CubeIDE_1.13.2/STM32CubeIDE/plugins/com.st.stm32cube.ide.mcu.externaltools.gnu-tools-for-stm32.11.3.rel1.win32_1.1.100.202309141235/tools/bin/../lib/gcc/arm-none-eabi/11.3.1/../../../../arm-none-eabi/lib/thumb/v7e-m+fp/hard\libc_nano.a(libc_a-memchr.o)
                0x0000000008000210                memchr
 .text          0x00000000080002b0      0x378 C:/ST/STM32CubeIDE_1.13.2/STM32CubeIDE/plugins/com.st.stm32cube.ide.mcu.externaltools.gnu-tools-for-stm32.11.3.rel1.win32_1.1.100.202309141235/tools/bin/../lib/gcc/arm-none-eabi/11.3.1/thumb/v7e-m+fp/hard\libgcc.a(_arm_addsubdf3.o)
                0x00000000080002b0                __aeabi_drsub
                0x00000000080002b8                __aeabi_dsub
                0x00000000080002b8                __subdf3
                0x00000000080002bc                __aeabi_dadd
                0x00000000080002bc                __adddf3
                0x0000000008000534                __floatunsidf
                0x0000000008000534                __aeabi_ui2d
                0x0000000008000554                __floatsidf
                0x0000000008000554                __aeabi_i2d
                0x0000000008000578                __aeabi_f2d
                0x0000000008000578                __extendsfdf2
                0x00000000080005bc                __floatundidf
                0x00000000080005bc                __aeabi_ul2d
                0x00000000080005cc                __floatdidf
                0x00000000080005cc                __aeabi_l2d
 .text          0x0000000008000628      0x424 C:/ST/STM32CubeIDE_1.13.2/STM32CubeIDE/plugins/com.st.stm32cube.ide.mcu.externaltools.gnu-tools-for-stm32.11.3.rel1.win32_1.1.100.202309141235/tools/bin/../lib/gcc/arm-none-eabi/11.3.1/thumb/v7e-m+fp/hard\libgcc.a(_arm_muldivdf3.o)
                0x0000000008000628                __aeabi_dmul
                0x0000000008000628                __muldf3
                0x000000000800087c                __divdf3
                0x000000000800087c                __aeabi_ddiv
 .text          0x0000000008000a4c      0x110 C:/ST/STM32CubeIDE_1.13.2/STM32CubeIDE/plugins/com.st.stm32cube.ide.mcu.externaltools.gnu-tools-for-stm32.11.3.rel1.win32_1.1.100.202309141235/tools/bin/../lib/gcc/arm-none-eabi/11.3.1/thumb/v7e-m+fp/hard\libgcc.a(_arm_cmpdf2.o)
                0x0000000008000a4c                __gtdf2
                0x0000000008000a4c                __gedf2
                0x0000000008000a54                __ltdf2
                0x0000000008000a54                __ledf2
                0x0000000008000a5c                __nedf2
                0x0000000008000a5c                __eqdf2
                0x0000000008000a5c                __cmpdf2
                0x0000000008000ad8                __aeabi_cdrcmple
                0x0000000008000ae8                __aeabi_cdcmpeq
                0x0000000008000ae8                __aeabi_cdcmple
                0x0000000008000af8                __aeabi_dcmpeq
                0x0000000008000b0c                __aeabi_dcmplt
                0x0000000008000b20                __aeabi_dcmple
                0x0000000008000b34                __aeabi_dcmpge
                0x0000000008000b48                __aeabi_dcmpgt
 .text          0x0000000008000b5c       0x2c C:/ST/STM32CubeIDE_1.13.2/STM32CubeIDE/plugins/com.st.stm32cube.ide.mcu.externaltools.gnu-tools-for-stm32.11.3.rel1.win32_1.1.100.202309141235/tools/bin/../lib/gcc/arm-none-eabi/11.3.1/thumb/v7e-m+fp/hard\libgcc.a(_arm_unorddf2.o)
                0x0000000008000b5c                __unorddf2
                0x0000000008000b5c                __aeabi_dcmpun
 .text          0x0000000008000b88       0x40 C:/ST/STM32CubeIDE_1.13.2/STM32CubeIDE/plugins/com.st.stm32cube.ide.mcu.externaltools.gnu-tools-for-stm32.11.3.rel1.win32_1.1.100.202309141235/tools/bin/../lib/gcc/arm-none-eabi/11.3.1/thumb/v7e-m+fp/hard\libgcc.a(_arm_fixunsdfsi.o)
                0x0000000008000b88                __aeabi_d2uiz
                0x0000000008000b88                __fixunsdfsi
 .text          0x0000000008000bc8       0xa0 C:/ST/STM32CubeIDE_1.13.2/STM32CubeIDE/plugins/com.st.stm32cube.ide.mcu.externaltools.gnu-tools-for-stm32.11.3.rel1.win32_1.1.100.202309141235/tools/bin/../lib/gcc/arm-none-eabi/11.3.1/thumb/v7e-m+fp/hard\libgcc.a(_arm_truncdfsf2.o)
                0x0000000008000bc8                __truncdfsf2
                0x0000000008000bc8                __aeabi_d2f
 .text          0x0000000008000c68       0x30 C:/ST/STM32CubeIDE_1.13.2/STM32CubeIDE/plugins/com.st.stm32cube.ide.mcu.externaltools.gnu-tools-for-stm32.11.3.rel1.win32_1.1.100.202309141235/tools/bin/../lib/gcc/arm-none-eabi/11.3.1/thumb/v7e-m+fp/hard\libgcc.a(_aeabi_uldivmod.o)
                0x0000000008000c68                __aeabi_uldivmod
 .text          0x0000000008000c98      0x2c8 C:/ST/STM32CubeIDE_1.13.2/STM32CubeIDE/plugins/com.st.stm32cube.ide.mcu.externaltools.gnu-tools-for-stm32.11.3.rel1.win32_1.1.100.202309141235/tools/bin/../lib/gcc/arm-none-eabi/11.3.1/thumb/v7e-m+fp/hard\libgcc.a(_udivmoddi4.o)
                0x0000000008000c98                __udivmoddi4
 .text          0x0000000008000f60        0x4 C:/ST/STM32CubeIDE_1.13.2/STM32CubeIDE/plugins/com.st.stm32cube.ide.mcu.externaltools.gnu-tools-for-stm32.11.3.rel1.win32_1.1.100.202309141235/tools/bin/../lib/gcc/arm-none-eabi/11.3.1/thumb/v7e-m+fp/hard\libgcc.a(_dvmd_tls.o)
                0x0000000008000f60                __aeabi_idiv0
                0x0000000008000f60                __aeabi_ldiv0
 *(.text*)
 .text.MX_GPIO_Init
                0x0000000008000f64      0x140 ./Core/Src/gpio.o
                0x0000000008000f64                MX_GPIO_Init
 .text.HAL_GPIO_EXTI_Callback
                0x00000000080010a4       0x1c ./Core/Src/gpio.o
                0x00000000080010a4                HAL_GPIO_EXTI_Callback
 .text.MX_I2C1_Init
                0x00000000080010c0       0x5c ./Core/Src/i2c.o
                0x00000000080010c0                MX_I2C1_Init
 .text.MX_I2C3_Init
                0x000000000800111c       0x5c ./Core/Src/i2c.o
                0x000000000800111c                MX_I2C3_Init
 .text.HAL_I2C_MspInit
                0x0000000008001178      0x140 ./Core/Src/i2c.o
                0x0000000008001178                HAL_I2C_MspInit
 .text.MX_IWDG_Init
                0x00000000080012b8       0x34 ./Core/Src/iwdg.o
                0x00000000080012b8                MX_IWDG_Init
 .text.main     0x00000000080012ec       0x50 ./Core/Src/main.o
                0x00000000080012ec                main
 .text.SystemClock_Config
                0x000000000800133c       0xe8 ./Core/Src/main.o
                0x000000000800133c                SystemClock_Config
 .text.HAL_TIM_PeriodElapsedCallback
                0x0000000008001424       0x24 ./Core/Src/main.o
                0x0000000008001424                HAL_TIM_PeriodElapsedCallback
 .text.Error_Handler
                0x0000000008001448        0xa ./Core/Src/main.o
                0x0000000008001448                Error_Handler
 *fill*         0x0000000008001452        0x2 
 .text.MX_SPI1_Init
                0x0000000008001454       0x6c ./Core/Src/spi.o
                0x0000000008001454                MX_SPI1_Init
 .text.MX_SPI2_Init
                0x00000000080014c0       0x6c ./Core/Src/spi.o
                0x00000000080014c0                MX_SPI2_Init
 .text.HAL_SPI_MspInit
                0x000000000800152c      0x13c ./Core/Src/spi.o
                0x000000000800152c                HAL_SPI_MspInit
 .text.HAL_MspInit
                0x0000000008001668       0x58 ./Core/Src/stm32f4xx_hal_msp.o
                0x0000000008001668                HAL_MspInit
 .text.HAL_InitTick
                0x00000000080016c0       0xf8 ./Core/Src/stm32f4xx_hal_timebase_tim.o
                0x00000000080016c0                HAL_InitTick
 .text.NMI_Handler
                0x00000000080017b8        0x6 ./Core/Src/stm32f4xx_it.o
                0x00000000080017b8                NMI_Handler
 .text.HardFault_Handler
                0x00000000080017be        0x6 ./Core/Src/stm32f4xx_it.o
                0x00000000080017be                HardFault_Handler
 .text.MemManage_Handler
                0x00000000080017c4        0x6 ./Core/Src/stm32f4xx_it.o
                0x00000000080017c4                MemManage_Handler
 .text.BusFault_Handler
                0x00000000080017ca        0x6 ./Core/Src/stm32f4xx_it.o
                0x00000000080017ca                BusFault_Handler
 .text.UsageFault_Handler
                0x00000000080017d0        0x6 ./Core/Src/stm32f4xx_it.o
                0x00000000080017d0                UsageFault_Handler
 .text.DebugMon_Handler
                0x00000000080017d6        0xe ./Core/Src/stm32f4xx_it.o
                0x00000000080017d6                DebugMon_Handler
 .text.EXTI1_IRQHandler
                0x00000000080017e4        0xe ./Core/Src/stm32f4xx_it.o
                0x00000000080017e4                EXTI1_IRQHandler
 *fill*         0x00000000080017f2        0x2 
 .text.TIM2_IRQHandler
                0x00000000080017f4       0x14 ./Core/Src/stm32f4xx_it.o
                0x00000000080017f4                TIM2_IRQHandler
 .text.USART3_IRQHandler
                0x0000000008001808       0x14 ./Core/Src/stm32f4xx_it.o
                0x0000000008001808                USART3_IRQHandler
 .text.TIM6_DAC_IRQHandler
                0x000000000800181c       0x14 ./Core/Src/stm32f4xx_it.o
                0x000000000800181c                TIM6_DAC_IRQHandler
 .text._sbrk    0x0000000008001830       0x6c ./Core/Src/sysmem.o
                0x0000000008001830                _sbrk
 .text.SystemInit
                0x000000000800189c       0x24 ./Core/Src/system_stm32f4xx.o
                0x000000000800189c                SystemInit
 .text.MX_TIM1_Init
                0x00000000080018c0      0x104 ./Core/Src/tim.o
                0x00000000080018c0                MX_TIM1_Init
 .text.MX_TIM2_Init
                0x00000000080019c4       0xe8 ./Core/Src/tim.o
                0x00000000080019c4                MX_TIM2_Init
 .text.MX_TIM3_Init
                0x0000000008001aac       0xf8 ./Core/Src/tim.o
                0x0000000008001aac                MX_TIM3_Init
 .text.MX_TIM4_Init
                0x0000000008001ba4       0xb0 ./Core/Src/tim.o
                0x0000000008001ba4                MX_TIM4_Init
 .text.MX_TIM8_Init
                0x0000000008001c54      0x11c ./Core/Src/tim.o
                0x0000000008001c54                MX_TIM8_Init
 .text.MX_TIM12_Init
                0x0000000008001d70       0x8c ./Core/Src/tim.o
                0x0000000008001d70                MX_TIM12_Init
 .text.HAL_TIM_PWM_MspInit
                0x0000000008001dfc      0x140 ./Core/Src/tim.o
                0x0000000008001dfc                HAL_TIM_PWM_MspInit
 .text.HAL_TIM_IC_MspInit
                0x0000000008001f3c       0xdc ./Core/Src/tim.o
                0x0000000008001f3c                HAL_TIM_IC_MspInit
 .text.HAL_TIM_MspPostInit
                0x0000000008002018      0x1b0 ./Core/Src/tim.o
                0x0000000008002018                HAL_TIM_MspPostInit
 .text.MX_USART2_UART_Init
                0x00000000080021c8       0x54 ./Core/Src/usart.o
                0x00000000080021c8                MX_USART2_UART_Init
 .text.MX_USART3_UART_Init
                0x000000000800221c       0x54 ./Core/Src/usart.o
                0x000000000800221c                MX_USART3_UART_Init
 .text.HAL_UART_MspInit
                0x0000000008002270      0x10c ./Core/Src/usart.o
                0x0000000008002270                HAL_UART_MspInit
 .text.HAL_UART_RxCpltCallback
                0x000000000800237c       0x24 ./Core/Src/usart.o
                0x000000000800237c                HAL_UART_RxCpltCallback
 .text.Reset_Handler
                0x00000000080023a0       0x50 ./Core/Startup/startup_stm32f446retx.o
                0x00000000080023a0                Reset_Handler
 .text.Default_Handler
                0x00000000080023f0        0x2 ./Core/Startup/startup_stm32f446retx.o
                0x00000000080023f0                RTC_Alarm_IRQHandler
                0x00000000080023f0                EXTI2_IRQHandler
                0x00000000080023f0                TIM8_CC_IRQHandler
                0x00000000080023f0                FMPI2C1_EV_IRQHandler
                0x00000000080023f0                SPI4_IRQHandler
                0x00000000080023f0                TIM1_CC_IRQHandler
                0x00000000080023f0                DMA2_Stream5_IRQHandler
                0x00000000080023f0                DMA1_Stream5_IRQHandler
                0x00000000080023f0                PVD_IRQHandler
                0x00000000080023f0                SDIO_IRQHandler
                0x00000000080023f0                TAMP_STAMP_IRQHandler
                0x00000000080023f0                CAN2_RX1_IRQHandler
                0x00000000080023f0                EXTI3_IRQHandler
                0x00000000080023f0                TIM8_TRG_COM_TIM14_IRQHandler
                0x00000000080023f0                TIM1_UP_TIM10_IRQHandler
                0x00000000080023f0                TIM8_UP_TIM13_IRQHandler
                0x00000000080023f0                I2C3_ER_IRQHandler
                0x00000000080023f0                EXTI0_IRQHandler
                0x00000000080023f0                I2C2_EV_IRQHandler
                0x00000000080023f0                DMA1_Stream2_IRQHandler
                0x00000000080023f0                CAN1_RX0_IRQHandler
                0x00000000080023f0                FPU_IRQHandler
                0x00000000080023f0                OTG_HS_WKUP_IRQHandler
                0x00000000080023f0                CAN2_SCE_IRQHandler
                0x00000000080023f0                DMA2_Stream2_IRQHandler
                0x00000000080023f0                SPI1_IRQHandler
                0x00000000080023f0                TIM1_BRK_TIM9_IRQHandler
                0x00000000080023f0                DCMI_IRQHandler
                0x00000000080023f0                CAN2_RX0_IRQHandler
                0x00000000080023f0                DMA2_Stream3_IRQHandler
                0x00000000080023f0                SAI2_IRQHandler
                0x00000000080023f0                USART6_IRQHandler
                0x00000000080023f0                CAN1_RX1_IRQHandler
                0x00000000080023f0                UART5_IRQHandler
                0x00000000080023f0                DMA2_Stream0_IRQHandler
                0x00000000080023f0                TIM4_IRQHandler
                0x00000000080023f0                QUADSPI_IRQHandler
                0x00000000080023f0                I2C1_EV_IRQHandler
                0x00000000080023f0                DMA1_Stream6_IRQHandler
                0x00000000080023f0                DMA1_Stream1_IRQHandler
                0x00000000080023f0                UART4_IRQHandler
                0x00000000080023f0                TIM3_IRQHandler
                0x00000000080023f0                RCC_IRQHandler
                0x00000000080023f0                TIM8_BRK_TIM12_IRQHandler
                0x00000000080023f0                Default_Handler
                0x00000000080023f0                CEC_IRQHandler
                0x00000000080023f0                EXTI15_10_IRQHandler
                0x00000000080023f0                ADC_IRQHandler
                0x00000000080023f0                DMA1_Stream7_IRQHandler
                0x00000000080023f0                TIM7_IRQHandler
                0x00000000080023f0                CAN2_TX_IRQHandler
                0x00000000080023f0                TIM5_IRQHandler
                0x00000000080023f0                DMA2_Stream7_IRQHandler
                0x00000000080023f0                I2C3_EV_IRQHandler
                0x00000000080023f0                EXTI9_5_IRQHandler
                0x00000000080023f0                RTC_WKUP_IRQHandler
                0x00000000080023f0                SPDIF_RX_IRQHandler
                0x00000000080023f0                SPI2_IRQHandler
                0x00000000080023f0                OTG_HS_EP1_IN_IRQHandler
                0x00000000080023f0                DMA1_Stream0_IRQHandler
                0x00000000080023f0                CAN1_TX_IRQHandler
                0x00000000080023f0                FMPI2C1_ER_IRQHandler
                0x00000000080023f0                EXTI4_IRQHandler
                0x00000000080023f0                OTG_HS_EP1_OUT_IRQHandler
                0x00000000080023f0                WWDG_IRQHandler
                0x00000000080023f0                OTG_FS_WKUP_IRQHandler
                0x00000000080023f0                TIM1_TRG_COM_TIM11_IRQHandler
                0x00000000080023f0                OTG_HS_IRQHandler
                0x00000000080023f0                USART2_IRQHandler
                0x00000000080023f0                I2C2_ER_IRQHandler
                0x00000000080023f0                DMA2_Stream1_IRQHandler
                0x00000000080023f0                CAN1_SCE_IRQHandler
                0x00000000080023f0                FLASH_IRQHandler
                0x00000000080023f0                DMA2_Stream4_IRQHandler
                0x00000000080023f0                USART1_IRQHandler
                0x00000000080023f0                OTG_FS_IRQHandler
                0x00000000080023f0                SPI3_IRQHandler
                0x00000000080023f0                DMA1_Stream4_IRQHandler
                0x00000000080023f0                I2C1_ER_IRQHandler
                0x00000000080023f0                FMC_IRQHandler
                0x00000000080023f0                DMA2_Stream6_IRQHandler
                0x00000000080023f0                SAI1_IRQHandler
                0x00000000080023f0                DMA1_Stream3_IRQHandler
 *fill*         0x00000000080023f2        0x2 
 .text.HAL_Init
                0x00000000080023f4       0x44 ./Drivers/STM32F4xx_HAL_Driver/Src/stm32f4xx_hal.o
                0x00000000080023f4                HAL_Init
 .text.HAL_IncTick
                0x0000000008002438       0x28 ./Drivers/STM32F4xx_HAL_Driver/Src/stm32f4xx_hal.o
                0x0000000008002438                HAL_IncTick
 .text.HAL_GetTick
                0x0000000008002460       0x18 ./Drivers/STM32F4xx_HAL_Driver/Src/stm32f4xx_hal.o
                0x0000000008002460                HAL_GetTick
 .text.HAL_Delay
                0x0000000008002478       0x48 ./Drivers/STM32F4xx_HAL_Driver/Src/stm32f4xx_hal.o
                0x0000000008002478                HAL_Delay
 .text.__NVIC_SetPriorityGrouping
                0x00000000080024c0       0x48 ./Drivers/STM32F4xx_HAL_Driver/Src/stm32f4xx_hal_cortex.o
 .text.__NVIC_GetPriorityGrouping
                0x0000000008002508       0x1c ./Drivers/STM32F4xx_HAL_Driver/Src/stm32f4xx_hal_cortex.o
 .text.__NVIC_EnableIRQ
                0x0000000008002524       0x3c ./Drivers/STM32F4xx_HAL_Driver/Src/stm32f4xx_hal_cortex.o
 .text.__NVIC_SetPriority
                0x0000000008002560       0x54 ./Drivers/STM32F4xx_HAL_Driver/Src/stm32f4xx_hal_cortex.o
 .text.NVIC_EncodePriority
                0x00000000080025b4       0x66 ./Drivers/STM32F4xx_HAL_Driver/Src/stm32f4xx_hal_cortex.o
 .text.HAL_NVIC_SetPriorityGrouping
                0x000000000800261a       0x16 ./Drivers/STM32F4xx_HAL_Driver/Src/stm32f4xx_hal_cortex.o
                0x000000000800261a                HAL_NVIC_SetPriorityGrouping
 .text.HAL_NVIC_SetPriority
                0x0000000008002630       0x38 ./Drivers/STM32F4xx_HAL_Driver/Src/stm32f4xx_hal_cortex.o
                0x0000000008002630                HAL_NVIC_SetPriority
 .text.HAL_NVIC_EnableIRQ
                0x0000000008002668       0x1c ./Drivers/STM32F4xx_HAL_Driver/Src/stm32f4xx_hal_cortex.o
                0x0000000008002668                HAL_NVIC_EnableIRQ
 .text.HAL_DMA_Abort
                0x0000000008002684       0xe0 ./Drivers/STM32F4xx_HAL_Driver/Src/stm32f4xx_hal_dma.o
                0x0000000008002684                HAL_DMA_Abort
 .text.HAL_DMA_Abort_IT
                0x0000000008002764       0x44 ./Drivers/STM32F4xx_HAL_Driver/Src/stm32f4xx_hal_dma.o
                0x0000000008002764                HAL_DMA_Abort_IT
 .text.HAL_GPIO_Init
                0x00000000080027a8      0x328 ./Drivers/STM32F4xx_HAL_Driver/Src/stm32f4xx_hal_gpio.o
                0x00000000080027a8                HAL_GPIO_Init
 .text.HAL_GPIO_ReadPin
                0x0000000008002ad0       0x30 ./Drivers/STM32F4xx_HAL_Driver/Src/stm32f4xx_hal_gpio.o
                0x0000000008002ad0                HAL_GPIO_ReadPin
 .text.HAL_GPIO_WritePin
                0x0000000008002b00       0x32 ./Drivers/STM32F4xx_HAL_Driver/Src/stm32f4xx_hal_gpio.o
                0x0000000008002b00                HAL_GPIO_WritePin
 *fill*         0x0000000008002b32        0x2 
 .text.HAL_GPIO_EXTI_IRQHandler
                0x0000000008002b34       0x30 ./Drivers/STM32F4xx_HAL_Driver/Src/stm32f4xx_hal_gpio.o
                0x0000000008002b34                HAL_GPIO_EXTI_IRQHandler
 .text.HAL_I2C_Init
                0x0000000008002b64      0x288 ./Drivers/STM32F4xx_HAL_Driver/Src/stm32f4xx_hal_i2c.o
                0x0000000008002b64                HAL_I2C_Init
 .text.HAL_I2C_Mem_Write
                0x0000000008002dec      0x1f4 ./Drivers/STM32F4xx_HAL_Driver/Src/stm32f4xx_hal_i2c.o
                0x0000000008002dec                HAL_I2C_Mem_Write
 .text.HAL_I2C_Mem_Read
                0x0000000008002fe0      0x464 ./Drivers/STM32F4xx_HAL_Driver/Src/stm32f4xx_hal_i2c.o
                0x0000000008002fe0                HAL_I2C_Mem_Read
 .text.HAL_I2C_IsDeviceReady
                0x0000000008003444      0x25c ./Drivers/STM32F4xx_HAL_Driver/Src/stm32f4xx_hal_i2c.o
                0x0000000008003444                HAL_I2C_IsDeviceReady
 .text.I2C_RequestMemoryWrite
                0x00000000080036a0      0x12c ./Drivers/STM32F4xx_HAL_Driver/Src/stm32f4xx_hal_i2c.o
 .text.I2C_RequestMemoryRead
                0x00000000080037cc      0x1d0 ./Drivers/STM32F4xx_HAL_Driver/Src/stm32f4xx_hal_i2c.o
 .text.I2C_WaitOnFlagUntilTimeout
                0x000000000800399c       0xf4 ./Drivers/STM32F4xx_HAL_Driver/Src/stm32f4xx_hal_i2c.o
 .text.I2C_WaitOnMasterAddressFlagUntilTimeout
                0x0000000008003a90      0x140 ./Drivers/STM32F4xx_HAL_Driver/Src/stm32f4xx_hal_i2c.o
 .text.I2C_WaitOnTXEFlagUntilTimeout
                0x0000000008003bd0       0x90 ./Drivers/STM32F4xx_HAL_Driver/Src/stm32f4xx_hal_i2c.o
 .text.I2C_WaitOnBTFFlagUntilTimeout
                0x0000000008003c60       0x90 ./Drivers/STM32F4xx_HAL_Driver/Src/stm32f4xx_hal_i2c.o
 .text.I2C_WaitOnRXNEFlagUntilTimeout
                0x0000000008003cf0       0xba ./Drivers/STM32F4xx_HAL_Driver/Src/stm32f4xx_hal_i2c.o
 .text.I2C_IsAcknowledgeFailed
                0x0000000008003daa       0x5e ./Drivers/STM32F4xx_HAL_Driver/Src/stm32f4xx_hal_i2c.o
 .text.HAL_IWDG_Init
                0x0000000008003e08       0x84 ./Drivers/STM32F4xx_HAL_Driver/Src/stm32f4xx_hal_iwdg.o
                0x0000000008003e08                HAL_IWDG_Init
 .text.HAL_IWDG_Refresh
                0x0000000008003e8c       0x20 ./Drivers/STM32F4xx_HAL_Driver/Src/stm32f4xx_hal_iwdg.o
                0x0000000008003e8c                HAL_IWDG_Refresh
 .text.HAL_PWREx_EnableOverDrive
                0x0000000008003eac       0xa0 ./Drivers/STM32F4xx_HAL_Driver/Src/stm32f4xx_hal_pwr_ex.o
                0x0000000008003eac                HAL_PWREx_EnableOverDrive
 .text.HAL_RCC_ClockConfig
                0x0000000008003f4c      0x1cc ./Drivers/STM32F4xx_HAL_Driver/Src/stm32f4xx_hal_rcc.o
                0x0000000008003f4c                HAL_RCC_ClockConfig
 .text.HAL_RCC_GetHCLKFreq
                0x0000000008004118       0x18 ./Drivers/STM32F4xx_HAL_Driver/Src/stm32f4xx_hal_rcc.o
                0x0000000008004118                HAL_RCC_GetHCLKFreq
 .text.HAL_RCC_GetPCLK1Freq
                0x0000000008004130       0x28 ./Drivers/STM32F4xx_HAL_Driver/Src/stm32f4xx_hal_rcc.o
                0x0000000008004130                HAL_RCC_GetPCLK1Freq
 .text.HAL_RCC_GetPCLK2Freq
                0x0000000008004158       0x28 ./Drivers/STM32F4xx_HAL_Driver/Src/stm32f4xx_hal_rcc.o
                0x0000000008004158                HAL_RCC_GetPCLK2Freq
 .text.HAL_RCC_GetClockConfig
                0x0000000008004180       0x64 ./Drivers/STM32F4xx_HAL_Driver/Src/stm32f4xx_hal_rcc.o
                0x0000000008004180                HAL_RCC_GetClockConfig
 .text.HAL_RCC_GetSysClockFreq
                0x00000000080041e4      0x460 ./Drivers/STM32F4xx_HAL_Driver/Src/stm32f4xx_hal_rcc_ex.o
                0x00000000080041e4                HAL_RCC_GetSysClockFreq
 .text.HAL_RCC_OscConfig
                0x0000000008004644      0x53c ./Drivers/STM32F4xx_HAL_Driver/Src/stm32f4xx_hal_rcc_ex.o
                0x0000000008004644                HAL_RCC_OscConfig
 .text.HAL_SPI_Init
                0x0000000008004b80      0x112 ./Drivers/STM32F4xx_HAL_Driver/Src/stm32f4xx_hal_spi.o
                0x0000000008004b80                HAL_SPI_Init
 .text.HAL_SPI_Transmit
                0x0000000008004c92      0x286 ./Drivers/STM32F4xx_HAL_Driver/Src/stm32f4xx_hal_spi.o
                0x0000000008004c92                HAL_SPI_Transmit
 .text.HAL_SPI_TransmitReceive
                0x0000000008004f18      0x360 ./Drivers/STM32F4xx_HAL_Driver/Src/stm32f4xx_hal_spi.o
                0x0000000008004f18                HAL_SPI_TransmitReceive
 .text.HAL_SPI_GetState
                0x0000000008005278       0x1c ./Drivers/STM32F4xx_HAL_Driver/Src/stm32f4xx_hal_spi.o
                0x0000000008005278                HAL_SPI_GetState
 .text.SPI_WaitFlagStateUntilTimeout
                0x0000000008005294      0x110 ./Drivers/STM32F4xx_HAL_Driver/Src/stm32f4xx_hal_spi.o
 .text.SPI_EndRxTxTransaction
                0x00000000080053a4       0xa8 ./Drivers/STM32F4xx_HAL_Driver/Src/stm32f4xx_hal_spi.o
 .text.HAL_TIM_Base_Init
                0x000000000800544c       0x9e ./Drivers/STM32F4xx_HAL_Driver/Src/stm32f4xx_hal_tim.o
                0x000000000800544c                HAL_TIM_Base_Init
 .text.HAL_TIM_Base_MspInit
                0x00000000080054ea       0x14 ./Drivers/STM32F4xx_HAL_Driver/Src/stm32f4xx_hal_tim.o
                0x00000000080054ea                HAL_TIM_Base_MspInit
 *fill*         0x00000000080054fe        0x2 
 .text.HAL_TIM_Base_Start_IT
                0x0000000008005500       0xe0 ./Drivers/STM32F4xx_HAL_Driver/Src/stm32f4xx_hal_tim.o
                0x0000000008005500                HAL_TIM_Base_Start_IT
 .text.HAL_TIM_PWM_Init
                0x00000000080055e0       0x9e ./Drivers/STM32F4xx_HAL_Driver/Src/stm32f4xx_hal_tim.o
                0x00000000080055e0                HAL_TIM_PWM_Init
 *fill*         0x000000000800567e        0x2 
 .text.HAL_TIM_PWM_Start
                0x0000000008005680      0x190 ./Drivers/STM32F4xx_HAL_Driver/Src/stm32f4xx_hal_tim.o
                0x0000000008005680                HAL_TIM_PWM_Start
 .text.HAL_TIM_IC_Init
                0x0000000008005810       0x9e ./Drivers/STM32F4xx_HAL_Driver/Src/stm32f4xx_hal_tim.o
                0x0000000008005810                HAL_TIM_IC_Init
 *fill*         0x00000000080058ae        0x2 
 .text.HAL_TIM_IC_Start_IT
                0x00000000080058b0      0x250 ./Drivers/STM32F4xx_HAL_Driver/Src/stm32f4xx_hal_tim.o
                0x00000000080058b0                HAL_TIM_IC_Start_IT
 .text.HAL_TIM_IRQHandler
                0x0000000008005b00      0x1e0 ./Drivers/STM32F4xx_HAL_Driver/Src/stm32f4xx_hal_tim.o
                0x0000000008005b00                HAL_TIM_IRQHandler
 .text.HAL_TIM_IC_ConfigChannel
                0x0000000008005ce0      0x138 ./Drivers/STM32F4xx_HAL_Driver/Src/stm32f4xx_hal_tim.o
                0x0000000008005ce0                HAL_TIM_IC_ConfigChannel
 .text.HAL_TIM_PWM_ConfigChannel
                0x0000000008005e18      0x184 ./Drivers/STM32F4xx_HAL_Driver/Src/stm32f4xx_hal_tim.o
                0x0000000008005e18                HAL_TIM_PWM_ConfigChannel
 .text.HAL_TIM_ReadCapturedValue
                0x0000000008005f9c       0x88 ./Drivers/STM32F4xx_HAL_Driver/Src/stm32f4xx_hal_tim.o
                0x0000000008005f9c                HAL_TIM_ReadCapturedValue
 .text.HAL_TIM_OC_DelayElapsedCallback
                0x0000000008006024       0x14 ./Drivers/STM32F4xx_HAL_Driver/Src/stm32f4xx_hal_tim.o
                0x0000000008006024                HAL_TIM_OC_DelayElapsedCallback
 .text.HAL_TIM_PWM_PulseFinishedCallback
                0x0000000008006038       0x14 ./Drivers/STM32F4xx_HAL_Driver/Src/stm32f4xx_hal_tim.o
                0x0000000008006038                HAL_TIM_PWM_PulseFinishedCallback
 .text.HAL_TIM_TriggerCallback
                0x000000000800604c       0x14 ./Drivers/STM32F4xx_HAL_Driver/Src/stm32f4xx_hal_tim.o
                0x000000000800604c                HAL_TIM_TriggerCallback
 .text.TIM_Base_SetConfig
                0x0000000008006060      0x158 ./Drivers/STM32F4xx_HAL_Driver/Src/stm32f4xx_hal_tim.o
                0x0000000008006060                TIM_Base_SetConfig
 .text.TIM_OC1_SetConfig
                0x00000000080061b8       0xe0 ./Drivers/STM32F4xx_HAL_Driver/Src/stm32f4xx_hal_tim.o
 .text.TIM_OC2_SetConfig
                0x0000000008006298       0xec ./Drivers/STM32F4xx_HAL_Driver/Src/stm32f4xx_hal_tim.o
                0x0000000008006298                TIM_OC2_SetConfig
 .text.TIM_OC3_SetConfig
                0x0000000008006384       0xe8 ./Drivers/STM32F4xx_HAL_Driver/Src/stm32f4xx_hal_tim.o
 .text.TIM_OC4_SetConfig
                0x000000000800646c       0xac ./Drivers/STM32F4xx_HAL_Driver/Src/stm32f4xx_hal_tim.o
 .text.TIM_TI1_SetConfig
                0x0000000008006518       0xe8 ./Drivers/STM32F4xx_HAL_Driver/Src/stm32f4xx_hal_tim.o
                0x0000000008006518                TIM_TI1_SetConfig
 .text.TIM_TI2_SetConfig
                0x0000000008006600       0x7a ./Drivers/STM32F4xx_HAL_Driver/Src/stm32f4xx_hal_tim.o
 .text.TIM_TI3_SetConfig
                0x000000000800667a       0x78 ./Drivers/STM32F4xx_HAL_Driver/Src/stm32f4xx_hal_tim.o
 .text.TIM_TI4_SetConfig
                0x00000000080066f2       0x7a ./Drivers/STM32F4xx_HAL_Driver/Src/stm32f4xx_hal_tim.o
 .text.TIM_CCxChannelCmd
                0x000000000800676c       0x4a ./Drivers/STM32F4xx_HAL_Driver/Src/stm32f4xx_hal_tim.o
                0x000000000800676c                TIM_CCxChannelCmd
 *fill*         0x00000000080067b6        0x2 
 .text.HAL_TIMEx_MasterConfigSynchronization
                0x00000000080067b8       0xf8 ./Drivers/STM32F4xx_HAL_Driver/Src/stm32f4xx_hal_tim_ex.o
                0x00000000080067b8                HAL_TIMEx_MasterConfigSynchronization
 .text.HAL_TIMEx_ConfigBreakDeadTime
                0x00000000080068b0       0xa4 ./Drivers/STM32F4xx_HAL_Driver/Src/stm32f4xx_hal_tim_ex.o
                0x00000000080068b0                HAL_TIMEx_ConfigBreakDeadTime
 .text.HAL_TIMEx_CommutCallback
                0x0000000008006954       0x14 ./Drivers/STM32F4xx_HAL_Driver/Src/stm32f4xx_hal_tim_ex.o
                0x0000000008006954                HAL_TIMEx_CommutCallback
 .text.HAL_TIMEx_BreakCallback
                0x0000000008006968       0x14 ./Drivers/STM32F4xx_HAL_Driver/Src/stm32f4xx_hal_tim_ex.o
                0x0000000008006968                HAL_TIMEx_BreakCallback
 .text.HAL_UART_Init
                0x000000000800697c       0xa0 ./Drivers/STM32F4xx_HAL_Driver/Src/stm32f4xx_hal_uart.o
                0x000000000800697c                HAL_UART_Init
 .text.HAL_UART_Receive_IT
                0x0000000008006a1c       0x4a ./Drivers/STM32F4xx_HAL_Driver/Src/stm32f4xx_hal_uart.o
                0x0000000008006a1c                HAL_UART_Receive_IT
 *fill*         0x0000000008006a66        0x2 
 .text.HAL_UART_IRQHandler
                0x0000000008006a68      0x524 ./Drivers/STM32F4xx_HAL_Driver/Src/stm32f4xx_hal_uart.o
                0x0000000008006a68                HAL_UART_IRQHandler
 .text.HAL_UART_TxCpltCallback
                0x0000000008006f8c       0x14 ./Drivers/STM32F4xx_HAL_Driver/Src/stm32f4xx_hal_uart.o
                0x0000000008006f8c                HAL_UART_TxCpltCallback
 .text.HAL_UART_ErrorCallback
                0x0000000008006fa0       0x14 ./Drivers/STM32F4xx_HAL_Driver/Src/stm32f4xx_hal_uart.o
                0x0000000008006fa0                HAL_UART_ErrorCallback
 .text.HAL_UARTEx_RxEventCallback
                0x0000000008006fb4       0x18 ./Drivers/STM32F4xx_HAL_Driver/Src/stm32f4xx_hal_uart.o
                0x0000000008006fb4                HAL_UARTEx_RxEventCallback
 .text.UART_Start_Receive_IT
                0x0000000008006fcc       0x74 ./Drivers/STM32F4xx_HAL_Driver/Src/stm32f4xx_hal_uart.o
                0x0000000008006fcc                UART_Start_Receive_IT
 .text.UART_EndRxTransfer
                0x0000000008007040       0xc6 ./Drivers/STM32F4xx_HAL_Driver/Src/stm32f4xx_hal_uart.o
 .text.UART_DMAAbortOnError
                0x0000000008007106       0x28 ./Drivers/STM32F4xx_HAL_Driver/Src/stm32f4xx_hal_uart.o
 .text.UART_Transmit_IT
                0x000000000800712e       0xa0 ./Drivers/STM32F4xx_HAL_Driver/Src/stm32f4xx_hal_uart.o
 .text.UART_EndTransmit_IT
                0x00000000080071ce       0x30 ./Drivers/STM32F4xx_HAL_Driver/Src/stm32f4xx_hal_uart.o
 .text.UART_Receive_IT
                0x00000000080071fe      0x17c ./Drivers/STM32F4xx_HAL_Driver/Src/stm32f4xx_hal_uart.o
 *fill*         0x000000000800737a        0x2 
 .text.UART_SetConfig
                0x000000000800737c      0x4e8 ./Drivers/STM32F4xx_HAL_Driver/Src/stm32f4xx_hal_uart.o
 .text.SysTick_Handler
                0x0000000008007864       0x20 ./Middlewares/Third_Party/FreeRTOS/Source/CMSIS_RTOS_V2/cmsis_os2.o
                0x0000000008007864                SysTick_Handler
 .text.vApplicationGetIdleTaskMemory
                0x0000000008007884       0x34 ./Middlewares/Third_Party/FreeRTOS/Source/CMSIS_RTOS_V2/cmsis_os2.o
                0x0000000008007884                vApplicationGetIdleTaskMemory
 .text.vApplicationGetTimerTaskMemory
                0x00000000080078b8       0x34 ./Middlewares/Third_Party/FreeRTOS/Source/CMSIS_RTOS_V2/cmsis_os2.o
                0x00000000080078b8                vApplicationGetTimerTaskMemory
 .text.vListInitialise
                0x00000000080078ec       0x40 ./Middlewares/Third_Party/FreeRTOS/Source/list.o
                0x00000000080078ec                vListInitialise
 .text.vListInitialiseItem
                0x000000000800792c       0x1a ./Middlewares/Third_Party/FreeRTOS/Source/list.o
                0x000000000800792c                vListInitialiseItem
 .text.vListInsertEnd
                0x0000000008007946       0x48 ./Middlewares/Third_Party/FreeRTOS/Source/list.o
                0x0000000008007946                vListInsertEnd
 .text.vListInsert
                0x000000000800798e       0x72 ./Middlewares/Third_Party/FreeRTOS/Source/list.o
                0x000000000800798e                vListInsert
 .text.uxListRemove
                0x0000000008007a00       0x54 ./Middlewares/Third_Party/FreeRTOS/Source/list.o
                0x0000000008007a00                uxListRemove
 .text.xQueueGenericReset
                0x0000000008007a54       0xd0 ./Middlewares/Third_Party/FreeRTOS/Source/queue.o
                0x0000000008007a54                xQueueGenericReset
 .text.xQueueGenericCreateStatic
                0x0000000008007b24       0xf0 ./Middlewares/Third_Party/FreeRTOS/Source/queue.o
                0x0000000008007b24                xQueueGenericCreateStatic
 .text.xQueueGenericCreate
                0x0000000008007c14       0x74 ./Middlewares/Third_Party/FreeRTOS/Source/queue.o
                0x0000000008007c14                xQueueGenericCreate
 .text.prvInitialiseNewQueue
                0x0000000008007c88       0x46 ./Middlewares/Third_Party/FreeRTOS/Source/queue.o
 *fill*         0x0000000008007cce        0x2 
 .text.xQueueGenericSend
                0x0000000008007cd0      0x1fc ./Middlewares/Third_Party/FreeRTOS/Source/queue.o
                0x0000000008007cd0                xQueueGenericSend
 .text.xQueueGenericSendFromISR
                0x0000000008007ecc      0x136 ./Middlewares/Third_Party/FreeRTOS/Source/queue.o
                0x0000000008007ecc                xQueueGenericSendFromISR
 *fill*         0x0000000008008002        0x2 
 .text.xQueueReceive
                0x0000000008008004      0x1c0 ./Middlewares/Third_Party/FreeRTOS/Source/queue.o
                0x0000000008008004                xQueueReceive
 .text.prvCopyDataToQueue
                0x00000000080081c4       0xd4 ./Middlewares/Third_Party/FreeRTOS/Source/queue.o
 .text.prvCopyDataFromQueue
                0x0000000008008298       0x4c ./Middlewares/Third_Party/FreeRTOS/Source/queue.o
 .text.prvUnlockQueue
                0x00000000080082e4       0xa4 ./Middlewares/Third_Party/FreeRTOS/Source/queue.o
 .text.prvIsQueueEmpty
                0x0000000008008388       0x2c ./Middlewares/Third_Party/FreeRTOS/Source/queue.o
 .text.prvIsQueueFull
                0x00000000080083b4       0x30 ./Middlewares/Third_Party/FreeRTOS/Source/queue.o
 .text.vQueueAddToRegistry
                0x00000000080083e4       0x54 ./Middlewares/Third_Party/FreeRTOS/Source/queue.o
                0x00000000080083e4                vQueueAddToRegistry
 .text.vQueueWaitForMessageRestricted
                0x0000000008008438       0x68 ./Middlewares/Third_Party/FreeRTOS/Source/queue.o
                0x0000000008008438                vQueueWaitForMessageRestricted
 .text.xTaskCreateStatic
                0x00000000080084a0       0xba ./Middlewares/Third_Party/FreeRTOS/Source/tasks.o
                0x00000000080084a0                xTaskCreateStatic
 .text.xTaskCreate
                0x000000000800855a       0x8a ./Middlewares/Third_Party/FreeRTOS/Source/tasks.o
                0x000000000800855a                xTaskCreate
 .text.prvInitialiseNewTask
                0x00000000080085e4      0x14c ./Middlewares/Third_Party/FreeRTOS/Source/tasks.o
 .text.prvAddNewTaskToReadyList
                0x0000000008008730       0xe0 ./Middlewares/Third_Party/FreeRTOS/Source/tasks.o
 .text.vTaskDelayUntil
                0x0000000008008810       0xfc ./Middlewares/Third_Party/FreeRTOS/Source/tasks.o
                0x0000000008008810                vTaskDelayUntil
 .text.vTaskStartScheduler
                0x000000000800890c       0xe0 ./Middlewares/Third_Party/FreeRTOS/Source/tasks.o
                0x000000000800890c                vTaskStartScheduler
 .text.vTaskSuspendAll
                0x00000000080089ec       0x1c ./Middlewares/Third_Party/FreeRTOS/Source/tasks.o
                0x00000000080089ec                vTaskSuspendAll
 .text.xTaskResumeAll
                0x0000000008008a08      0x13c ./Middlewares/Third_Party/FreeRTOS/Source/tasks.o
                0x0000000008008a08                xTaskResumeAll
 .text.xTaskGetTickCount
                0x0000000008008b44       0x20 ./Middlewares/Third_Party/FreeRTOS/Source/tasks.o
                0x0000000008008b44                xTaskGetTickCount
 .text.xTaskIncrementTick
                0x0000000008008b64      0x174 ./Middlewares/Third_Party/FreeRTOS/Source/tasks.o
                0x0000000008008b64                xTaskIncrementTick
 .text.vTaskSwitchContext
                0x0000000008008cd8       0xc8 ./Middlewares/Third_Party/FreeRTOS/Source/tasks.o
                0x0000000008008cd8                vTaskSwitchContext
 .text.vTaskPlaceOnEventList
                0x0000000008008da0       0x48 ./Middlewares/Third_Party/FreeRTOS/Source/tasks.o
                0x0000000008008da0                vTaskPlaceOnEventList
 .text.vTaskPlaceOnEventListRestricted
                0x0000000008008de8       0x58 ./Middlewares/Third_Party/FreeRTOS/Source/tasks.o
                0x0000000008008de8                vTaskPlaceOnEventListRestricted
 .text.xTaskRemoveFromEventList
                0x0000000008008e40       0xc8 ./Middlewares/Third_Party/FreeRTOS/Source/tasks.o
                0x0000000008008e40                xTaskRemoveFromEventList
 .text.vTaskInternalSetTimeOutState
                0x0000000008008f08       0x2c ./Middlewares/Third_Party/FreeRTOS/Source/tasks.o
                0x0000000008008f08                vTaskInternalSetTimeOutState
 .text.xTaskCheckForTimeOut
                0x0000000008008f34       0xc4 ./Middlewares/Third_Party/FreeRTOS/Source/tasks.o
                0x0000000008008f34                xTaskCheckForTimeOut
 .text.vTaskMissedYield
                0x0000000008008ff8       0x18 ./Middlewares/Third_Party/FreeRTOS/Source/tasks.o
                0x0000000008008ff8                vTaskMissedYield
 .text.prvIdleTask
                0x0000000008009010       0x30 ./Middlewares/Third_Party/FreeRTOS/Source/tasks.o
 .text.prvInitialiseTaskLists
                0x0000000008009040       0x80 ./Middlewares/Third_Party/FreeRTOS/Source/tasks.o
 .text.prvCheckTasksWaitingTermination
                0x00000000080090c0       0x5c ./Middlewares/Third_Party/FreeRTOS/Source/tasks.o
 .text.prvDeleteTCB
                0x000000000800911c       0x68 ./Middlewares/Third_Party/FreeRTOS/Source/tasks.o
 .text.prvResetNextTaskUnblockTime
                0x0000000008009184       0x40 ./Middlewares/Third_Party/FreeRTOS/Source/tasks.o
 .text.xTaskGetSchedulerState
                0x00000000080091c4       0x3c ./Middlewares/Third_Party/FreeRTOS/Source/tasks.o
                0x00000000080091c4                xTaskGetSchedulerState
 .text.xTaskPriorityDisinherit
                0x0000000008009200       0xdc ./Middlewares/Third_Party/FreeRTOS/Source/tasks.o
                0x0000000008009200                xTaskPriorityDisinherit
 .text.prvAddCurrentTaskToDelayedList
                0x00000000080092dc       0xa8 ./Middlewares/Third_Party/FreeRTOS/Source/tasks.o
 .text.xTimerCreateTimerTask
                0x0000000008009384       0x90 ./Middlewares/Third_Party/FreeRTOS/Source/timers.o
                0x0000000008009384                xTimerCreateTimerTask
 .text.xTimerGenericCommand
                0x0000000008009414       0x9c ./Middlewares/Third_Party/FreeRTOS/Source/timers.o
                0x0000000008009414                xTimerGenericCommand
 .text.prvProcessExpiredTimer
                0x00000000080094b0       0x98 ./Middlewares/Third_Party/FreeRTOS/Source/timers.o
 .text.prvTimerTask
                0x0000000008009548       0x24 ./Middlewares/Third_Party/FreeRTOS/Source/timers.o
 .text.prvProcessTimerOrBlockTask
                0x000000000800956c       0x9c ./Middlewares/Third_Party/FreeRTOS/Source/timers.o
 .text.prvGetNextExpireTime
                0x0000000008009608       0x48 ./Middlewares/Third_Party/FreeRTOS/Source/timers.o
 .text.prvSampleTimeNow
                0x0000000008009650       0x40 ./Middlewares/Third_Party/FreeRTOS/Source/timers.o
 .text.prvInsertTimerInActiveList
                0x0000000008009690       0x84 ./Middlewares/Third_Party/FreeRTOS/Source/timers.o
 .text.prvProcessReceivedCommands
                0x0000000008009714      0x1c4 ./Middlewares/Third_Party/FreeRTOS/Source/timers.o
 .text.prvSwitchTimerLists
                0x00000000080098d8       0xc8 ./Middlewares/Third_Party/FreeRTOS/Source/timers.o
 .text.prvCheckForValidListAndQueue
                0x00000000080099a0       0x80 ./Middlewares/Third_Party/FreeRTOS/Source/timers.o
 .text.pxPortInitialiseStack
                0x0000000008009a20       0x68 ./Middlewares/Third_Party/FreeRTOS/Source/portable/GCC/ARM_CM4F/port.o
                0x0000000008009a20                pxPortInitialiseStack
 .text.prvTaskExitError
                0x0000000008009a88       0x58 ./Middlewares/Third_Party/FreeRTOS/Source/portable/GCC/ARM_CM4F/port.o
 .text.SVC_Handler
                0x0000000008009ae0       0x28 ./Middlewares/Third_Party/FreeRTOS/Source/portable/GCC/ARM_CM4F/port.o
                0x0000000008009ae0                SVC_Handler
 .text.prvPortStartFirstTask
                0x0000000008009b08       0x28 ./Middlewares/Third_Party/FreeRTOS/Source/portable/GCC/ARM_CM4F/port.o
 .text.xPortStartScheduler
                0x0000000008009b30      0x144 ./Middlewares/Third_Party/FreeRTOS/Source/portable/GCC/ARM_CM4F/port.o
                0x0000000008009b30                xPortStartScheduler
 .text.vPortEnterCritical
                0x0000000008009c74       0x60 ./Middlewares/Third_Party/FreeRTOS/Source/portable/GCC/ARM_CM4F/port.o
                0x0000000008009c74                vPortEnterCritical
 .text.vPortExitCritical
                0x0000000008009cd4       0x54 ./Middlewares/Third_Party/FreeRTOS/Source/portable/GCC/ARM_CM4F/port.o
                0x0000000008009cd4                vPortExitCritical
 *fill*         0x0000000008009d28        0x8 
 .text.PendSV_Handler
                0x0000000008009d30       0x68 ./Middlewares/Third_Party/FreeRTOS/Source/portable/GCC/ARM_CM4F/port.o
                0x0000000008009d30                PendSV_Handler
 .text.xPortSysTickHandler
                0x0000000008009d98       0x44 ./Middlewares/Third_Party/FreeRTOS/Source/portable/GCC/ARM_CM4F/port.o
                0x0000000008009d98                xPortSysTickHandler
 .text.vPortSetupTimerInterrupt
                0x0000000008009ddc       0x48 ./Middlewares/Third_Party/FreeRTOS/Source/portable/GCC/ARM_CM4F/port.o
                0x0000000008009ddc                vPortSetupTimerInterrupt
 .text.vPortEnableVFP
                0x0000000008009e24       0x14 ./Middlewares/Third_Party/FreeRTOS/Source/portable/GCC/ARM_CM4F/port.o
 .text.vPortValidateInterruptPriority
                0x0000000008009e38       0x80 ./Middlewares/Third_Party/FreeRTOS/Source/portable/GCC/ARM_CM4F/port.o
                0x0000000008009e38                vPortValidateInterruptPriority
 .text.pvPortMalloc
                0x0000000008009eb8      0x198 ./Middlewares/Third_Party/FreeRTOS/Source/portable/MemMang/heap_4.o
                0x0000000008009eb8                pvPortMalloc
 .text.vPortFree
                0x000000000800a050       0xc4 ./Middlewares/Third_Party/FreeRTOS/Source/portable/MemMang/heap_4.o
                0x000000000800a050                vPortFree
 .text.prvHeapInit
                0x000000000800a114       0xc4 ./Middlewares/Third_Party/FreeRTOS/Source/portable/MemMang/heap_4.o
 .text.prvInsertBlockIntoFreeList
                0x000000000800a1d8       0xb4 ./Middlewares/Third_Party/FreeRTOS/Source/portable/MemMang/heap_4.o
 .text.databaseQueueInit
                0x000000000800a28c       0x30 ./UGV/Database/database.o
                0x000000000800a28c                databaseQueueInit
 .text.GPS_Init
                0x000000000800a2bc       0x38 ./UGV/Drivers/GPS/gps.o
                0x000000000800a2bc                GPS_Init
 .text.GPS_Callback
                0x000000000800a2f4       0x70 ./UGV/Drivers/GPS/gps.o
                0x000000000800a2f4                GPS_Callback
 .text.GPS_Parse
                0x000000000800a364      0x13c ./UGV/Drivers/GPS/gps.o
                0x000000000800a364                GPS_Parse
 .text.GPS_GPRMC_Parse
                0x000000000800a4a0      0xa28 ./UGV/Drivers/GPS/gps.o
                0x000000000800a4a0                GPS_GPRMC_Parse
 .text.GPS_GPGGA_Parse
                0x000000000800aec8      0x3fc ./UGV/Drivers/GPS/gps.o
                0x000000000800aec8                GPS_GPGGA_Parse
 *fill*         0x000000000800b2c4        0x4 
 .text.GPS_GPVTG_Parse
                0x000000000800b2c8      0x3a0 ./UGV/Drivers/GPS/gps.o
                0x000000000800b2c8                GPS_GPVTG_Parse
 .text.GPS_CheckSumControl
                0x000000000800b668       0x74 ./UGV/Drivers/GPS/gps.o
                0x000000000800b668                GPS_CheckSumControl
 .text.UGV_motorInit
                0x000000000800b6dc       0xb0 ./UGV/Drivers/MotorDriver/MotorDrive.o
                0x000000000800b6dc                UGV_motorInit
 .text.UGV_motorDrive
                0x000000000800b78c       0x7c ./UGV/Drivers/MotorDriver/MotorDrive.o
                0x000000000800b78c                UGV_motorDrive
 .text.motorUpDown
                0x000000000800b808      0x1ec ./UGV/Drivers/MotorDriver/MotorDrive.o
 .text.motorRightLeft
                0x000000000800b9f4      0x63c ./UGV/Drivers/MotorDriver/MotorDrive.o
 .text.MPU6050_Init
                0x000000000800c030       0xae ./UGV/Drivers/Mpu6050/mpu6050.o
                0x000000000800c030                MPU6050_Init
 *fill*         0x000000000800c0de        0x2 
 .text.MPU6050_Read_All
                0x000000000800c0e0      0x410 ./UGV/Drivers/Mpu6050/mpu6050.o
                0x000000000800c0e0                MPU6050_Read_All
 .text.Kalman_getAngle
                0x000000000800c4f0      0x2b6 ./UGV/Drivers/Mpu6050/mpu6050.o
                0x000000000800c4f0                Kalman_getAngle
 .text.PIDController_Init
                0x000000000800c7a6       0x3c ./UGV/Drivers/PID/pid.o
                0x000000000800c7a6                PIDController_Init
 .text.kalman1_filter
                0x000000000800c7e2       0xfa ./UGV/Drivers/QMC/Kalman/kalman_filter.o
                0x000000000800c7e2                kalman1_filter
 .text.UGV_isDataReady
                0x000000000800c8dc       0x3c ./UGV/Drivers/QMC/QMC5883/qmc5883.o
                0x000000000800c8dc                UGV_isDataReady
 .text.UGV_getPositionAdc
                0x000000000800c918      0x1dc ./UGV/Drivers/QMC/QMC5883/qmc5883.o
 *fill*         0x000000000800caf4        0x4 
 .text.UGV_getAzimuth
                0x000000000800caf8       0xd4 ./UGV/Drivers/QMC/QMC5883/qmc5883.o
                0x000000000800caf8                UGV_getAzimuth
 .text.UGV_rcReceiverInit
                0x000000000800cbcc       0x50 ./UGV/Drivers/RC/rcReceiver.o
                0x000000000800cbcc                UGV_rcReceiverInit
 .text.HAL_TIM_IC_CaptureCallback
                0x000000000800cc1c       0x64 ./UGV/Drivers/RC/rcReceiver.o
                0x000000000800cc1c                HAL_TIM_IC_CaptureCallback
 .text.UGV_rcDutyCalculate
                0x000000000800cc80      0x120 ./UGV/Drivers/RC/rcReceiver.o
 .text.RCFilter_Init
                0x000000000800cda0       0x7c ./UGV/Drivers/RcFilter/rcFilter.o
                0x000000000800cda0                RCFilter_Init
 .text.RCFilter_Update
                0x000000000800ce1c       0x52 ./UGV/Drivers/RcFilter/rcFilter.o
                0x000000000800ce1c                RCFilter_Update
 .text.SX1278_SPIRead
                0x000000000800ce6e       0x3e ./UGV/Drivers/SX1278/SX1278.o
                0x000000000800ce6e                SX1278_SPIRead
 .text.SX1278_SPIWrite
                0x000000000800ceac       0x52 ./UGV/Drivers/SX1278/SX1278.o
                0x000000000800ceac                SX1278_SPIWrite
 .text.SX1278_SPIBurstRead
                0x000000000800cefe       0x72 ./UGV/Drivers/SX1278/SX1278.o
                0x000000000800cefe                SX1278_SPIBurstRead
 .text.SX1278_SPIBurstWrite
                0x000000000800cf70       0x76 ./UGV/Drivers/SX1278/SX1278.o
                0x000000000800cf70                SX1278_SPIBurstWrite
 *fill*         0x000000000800cfe6        0x2 
 .text.SX1278_config
                0x000000000800cfe8      0x208 ./UGV/Drivers/SX1278/SX1278.o
                0x000000000800cfe8                SX1278_config
 .text.SX1278_standby
                0x000000000800d1f0       0x20 ./UGV/Drivers/SX1278/SX1278.o
                0x000000000800d1f0                SX1278_standby
 .text.SX1278_sleep
                0x000000000800d210       0x20 ./UGV/Drivers/SX1278/SX1278.o
                0x000000000800d210                SX1278_sleep
 .text.SX1278_entryLoRa
                0x000000000800d230       0x1a ./UGV/Drivers/SX1278/SX1278.o
                0x000000000800d230                SX1278_entryLoRa
 .text.SX1278_clearLoRaIrq
                0x000000000800d24a       0x1a ./UGV/Drivers/SX1278/SX1278.o
                0x000000000800d24a                SX1278_clearLoRaIrq
 .text.SX1278_LoRaEntryRx
                0x000000000800d264       0xca ./UGV/Drivers/SX1278/SX1278.o
                0x000000000800d264                SX1278_LoRaEntryRx
 .text.SX1278_LoRaRxPacket
                0x000000000800d32e       0x88 ./UGV/Drivers/SX1278/SX1278.o
                0x000000000800d32e                SX1278_LoRaRxPacket
 .text.SX1278_LoRaEntryTx
                0x000000000800d3b6       0xb0 ./UGV/Drivers/SX1278/SX1278.o
                0x000000000800d3b6                SX1278_LoRaEntryTx
 .text.SX1278_LoRaTxPacket
                0x000000000800d466       0x7e ./UGV/Drivers/SX1278/SX1278.o
                0x000000000800d466                SX1278_LoRaTxPacket
 .text.SX1278_init
                0x000000000800d4e4       0x5a ./UGV/Drivers/SX1278/SX1278.o
                0x000000000800d4e4                SX1278_init
 .text.SX1278_available
                0x000000000800d53e       0x18 ./UGV/Drivers/SX1278/SX1278.o
                0x000000000800d53e                SX1278_available
 .text.SX1278_read
                0x000000000800d556       0x4c ./UGV/Drivers/SX1278/SX1278.o
                0x000000000800d556                SX1278_read
 .text.SX1278_hw_init
                0x000000000800d5a2       0x2a ./UGV/Drivers/SX1278/SX1278_hw.o
                0x000000000800d5a2                SX1278_hw_init
 .text.SX1278_hw_SetNSS
                0x000000000800d5cc       0x2e ./UGV/Drivers/SX1278/SX1278_hw.o
                0x000000000800d5cc                SX1278_hw_SetNSS
 .text.SX1278_hw_Reset
                0x000000000800d5fa       0x48 ./UGV/Drivers/SX1278/SX1278_hw.o
                0x000000000800d5fa                SX1278_hw_Reset
 .text.SX1278_hw_SPICommand
                0x000000000800d642       0x40 ./UGV/Drivers/SX1278/SX1278_hw.o
                0x000000000800d642                SX1278_hw_SPICommand
 .text.SX1278_hw_SPIReadByte
                0x000000000800d682       0x4c ./UGV/Drivers/SX1278/SX1278_hw.o
                0x000000000800d682                SX1278_hw_SPIReadByte
 .text.SX1278_hw_DelayMs
                0x000000000800d6ce       0x16 ./UGV/Drivers/SX1278/SX1278_hw.o
                0x000000000800d6ce                SX1278_hw_DelayMs
 .text.SX1278_hw_GetDIO0
                0x000000000800d6e4       0x2e ./UGV/Drivers/SX1278/SX1278_hw.o
                0x000000000800d6e4                SX1278_hw_GetDIO0
 *fill*         0x000000000800d712        0x2 
 .text.UGV_cameraServoInit
                0x000000000800d714       0x4c ./UGV/Drivers/Servo/cameraServo.o
                0x000000000800d714                UGV_cameraServoInit
 .text.init_PEC15_Table
                0x000000000800d760       0x70 ./UGV/Drivers/crc/crc15.o
                0x000000000800d760                init_PEC15_Table
 .text.AE_pec15
                0x000000000800d7d0       0x68 ./UGV/Drivers/crc/crc15.o
                0x000000000800d7d0                AE_pec15
 .text.UGV_ledControl
                0x000000000800d838       0x8c ./UGV/Drivers/ledControl/ledControl.o
                0x000000000800d838                UGV_ledControl
 .text.ugvMain  0x000000000800d8c4       0xd0 ./UGV/Main/ugvMain.o
                0x000000000800d8c4                ugvMain
 .text.ugvSystemInit
                0x000000000800d994       0x68 ./UGV/Main/ugvMain.o
                0x000000000800d994                ugvSystemInit
 .text.sx1278Init
                0x000000000800d9fc       0x50 ./UGV/Main/ugvMain.o
 *fill*         0x000000000800da4c        0x4 
 .text.taskLoraCom
                0x000000000800da50       0xd4 ./UGV/Tasks/TaskLoraCom/taskLoraCom.o
                0x000000000800da50                taskLoraCom
 .text.dioIrqCallback
                0x000000000800db24       0x5c ./UGV/Tasks/TaskLoraCom/taskLoraCom.o
                0x000000000800db24                dioIrqCallback
 .text.__NVIC_SystemReset
                0x000000000800db80       0x2c ./UGV/Tasks/TaskMotorDrive/taskMotorDrive.o
 .text.taskMotorDrive
                0x000000000800dbac       0x54 ./UGV/Tasks/TaskMotorDrive/taskMotorDrive.o
                0x000000000800dbac                taskMotorDrive
 .text.__NVIC_SystemReset
                0x000000000800dc00       0x2c ./UGV/Tasks/TaskSensor/taskSensor.o
 .text.taskSensor
                0x000000000800dc2c      0x18c ./UGV/Tasks/TaskSensor/taskSensor.o
                0x000000000800dc2c                taskSensor
 .text.qmcProc  0x000000000800ddb8       0x38 ./UGV/Tasks/TaskSensor/taskSensor.o
 .text.ledProc  0x000000000800ddf0       0x40 ./UGV/Tasks/TaskSensor/taskSensor.o
 .text.crcProc  0x000000000800de30       0x20 ./UGV/Tasks/TaskSensor/taskSensor.o
 .text.sprintf  0x000000000800de50       0x40 C:/ST/STM32CubeIDE_1.13.2/STM32CubeIDE/plugins/com.st.stm32cube.ide.mcu.externaltools.gnu-tools-for-stm32.11.3.rel1.win32_1.1.100.202309141235/tools/bin/../lib/gcc/arm-none-eabi/11.3.1/../../../../arm-none-eabi/lib/thumb/v7e-m+fp/hard\libc_nano.a(libc_a-sprintf.o)
                0x000000000800de50                siprintf
                0x000000000800de50                sprintf
 .text.memset   0x000000000800de90       0x10 C:/ST/STM32CubeIDE_1.13.2/STM32CubeIDE/plugins/com.st.stm32cube.ide.mcu.externaltools.gnu-tools-for-stm32.11.3.rel1.win32_1.1.100.202309141235/tools/bin/../lib/gcc/arm-none-eabi/11.3.1/../../../../arm-none-eabi/lib/thumb/v7e-m+fp/hard\libc_nano.a(libc_a-memset.o)
                0x000000000800de90                memset
 .text.strncmp  0x000000000800dea0       0x24 C:/ST/STM32CubeIDE_1.13.2/STM32CubeIDE/plugins/com.st.stm32cube.ide.mcu.externaltools.gnu-tools-for-stm32.11.3.rel1.win32_1.1.100.202309141235/tools/bin/../lib/gcc/arm-none-eabi/11.3.1/../../../../arm-none-eabi/lib/thumb/v7e-m+fp/hard\libc_nano.a(libc_a-strncmp.o)
                0x000000000800dea0                strncmp
 .text._reclaim_reent
                0x000000000800dec4       0xac C:/ST/STM32CubeIDE_1.13.2/STM32CubeIDE/plugins/com.st.stm32cube.ide.mcu.externaltools.gnu-tools-for-stm32.11.3.rel1.win32_1.1.100.202309141235/tools/bin/../lib/gcc/arm-none-eabi/11.3.1/../../../../arm-none-eabi/lib/thumb/v7e-m+fp/hard\libc_nano.a(libc_a-reent.o)
                0x000000000800dec4                _reclaim_reent
 .text.__errno  0x000000000800df70        0xc C:/ST/STM32CubeIDE_1.13.2/STM32CubeIDE/plugins/com.st.stm32cube.ide.mcu.externaltools.gnu-tools-for-stm32.11.3.rel1.win32_1.1.100.202309141235/tools/bin/../lib/gcc/arm-none-eabi/11.3.1/../../../../arm-none-eabi/lib/thumb/v7e-m+fp/hard\libc_nano.a(libc_a-errno.o)
                0x000000000800df70                __errno
 .text.__libc_init_array
                0x000000000800df7c       0x48 C:/ST/STM32CubeIDE_1.13.2/STM32CubeIDE/plugins/com.st.stm32cube.ide.mcu.externaltools.gnu-tools-for-stm32.11.3.rel1.win32_1.1.100.202309141235/tools/bin/../lib/gcc/arm-none-eabi/11.3.1/../../../../arm-none-eabi/lib/thumb/v7e-m+fp/hard\libc_nano.a(libc_a-init.o)
                0x000000000800df7c                __libc_init_array
 .text.__retarget_lock_acquire_recursive
                0x000000000800dfc4        0x2 C:/ST/STM32CubeIDE_1.13.2/STM32CubeIDE/plugins/com.st.stm32cube.ide.mcu.externaltools.gnu-tools-for-stm32.11.3.rel1.win32_1.1.100.202309141235/tools/bin/../lib/gcc/arm-none-eabi/11.3.1/../../../../arm-none-eabi/lib/thumb/v7e-m+fp/hard\libc_nano.a(libc_a-lock.o)
                0x000000000800dfc4                __retarget_lock_acquire_recursive
 .text.__retarget_lock_release_recursive
                0x000000000800dfc6        0x2 C:/ST/STM32CubeIDE_1.13.2/STM32CubeIDE/plugins/com.st.stm32cube.ide.mcu.externaltools.gnu-tools-for-stm32.11.3.rel1.win32_1.1.100.202309141235/tools/bin/../lib/gcc/arm-none-eabi/11.3.1/../../../../arm-none-eabi/lib/thumb/v7e-m+fp/hard\libc_nano.a(libc_a-lock.o)
                0x000000000800dfc6                __retarget_lock_release_recursive
 .text.memcpy   0x000000000800dfc8       0x1c C:/ST/STM32CubeIDE_1.13.2/STM32CubeIDE/plugins/com.st.stm32cube.ide.mcu.externaltools.gnu-tools-for-stm32.11.3.rel1.win32_1.1.100.202309141235/tools/bin/../lib/gcc/arm-none-eabi/11.3.1/../../../../arm-none-eabi/lib/thumb/v7e-m+fp/hard\libc_nano.a(libc_a-memcpy-stub.o)
                0x000000000800dfc8                memcpy
 .text._free_r  0x000000000800dfe4       0x98 C:/ST/STM32CubeIDE_1.13.2/STM32CubeIDE/plugins/com.st.stm32cube.ide.mcu.externaltools.gnu-tools-for-stm32.11.3.rel1.win32_1.1.100.202309141235/tools/bin/../lib/gcc/arm-none-eabi/11.3.1/../../../../arm-none-eabi/lib/thumb/v7e-m+fp/hard\libc_nano.a(libc_a-freer.o)
                0x000000000800dfe4                _free_r
 .text.sbrk_aligned
                0x000000000800e07c       0x40 C:/ST/STM32CubeIDE_1.13.2/STM32CubeIDE/plugins/com.st.stm32cube.ide.mcu.externaltools.gnu-tools-for-stm32.11.3.rel1.win32_1.1.100.202309141235/tools/bin/../lib/gcc/arm-none-eabi/11.3.1/../../../../arm-none-eabi/lib/thumb/v7e-m+fp/hard\libc_nano.a(libc_a-mallocr.o)
 .text._malloc_r
                0x000000000800e0bc      0x100 C:/ST/STM32CubeIDE_1.13.2/STM32CubeIDE/plugins/com.st.stm32cube.ide.mcu.externaltools.gnu-tools-for-stm32.11.3.rel1.win32_1.1.100.202309141235/tools/bin/../lib/gcc/arm-none-eabi/11.3.1/../../../../arm-none-eabi/lib/thumb/v7e-m+fp/hard\libc_nano.a(libc_a-mallocr.o)
                0x000000000800e0bc                _malloc_r
 .text.__malloc_lock
                0x000000000800e1bc        0xc C:/ST/STM32CubeIDE_1.13.2/STM32CubeIDE/plugins/com.st.stm32cube.ide.mcu.externaltools.gnu-tools-for-stm32.11.3.rel1.win32_1.1.100.202309141235/tools/bin/../lib/gcc/arm-none-eabi/11.3.1/../../../../arm-none-eabi/lib/thumb/v7e-m+fp/hard\libc_nano.a(libc_a-mlock.o)
                0x000000000800e1bc                __malloc_lock
 .text.__malloc_unlock
                0x000000000800e1c8        0xc C:/ST/STM32CubeIDE_1.13.2/STM32CubeIDE/plugins/com.st.stm32cube.ide.mcu.externaltools.gnu-tools-for-stm32.11.3.rel1.win32_1.1.100.202309141235/tools/bin/../lib/gcc/arm-none-eabi/11.3.1/../../../../arm-none-eabi/lib/thumb/v7e-m+fp/hard\libc_nano.a(libc_a-mlock.o)
                0x000000000800e1c8                __malloc_unlock
 .text.__ssputs_r
                0x000000000800e1d4       0xb4 C:/ST/STM32CubeIDE_1.13.2/STM32CubeIDE/plugins/com.st.stm32cube.ide.mcu.externaltools.gnu-tools-for-stm32.11.3.rel1.win32_1.1.100.202309141235/tools/bin/../lib/gcc/arm-none-eabi/11.3.1/../../../../arm-none-eabi/lib/thumb/v7e-m+fp/hard\libc_nano.a(libc_a-nano-svfprintf.o)
                0x000000000800e1d4                __ssputs_r
 .text._svfprintf_r
                0x000000000800e288      0x1fc C:/ST/STM32CubeIDE_1.13.2/STM32CubeIDE/plugins/com.st.stm32cube.ide.mcu.externaltools.gnu-tools-for-stm32.11.3.rel1.win32_1.1.100.202309141235/tools/bin/../lib/gcc/arm-none-eabi/11.3.1/../../../../arm-none-eabi/lib/thumb/v7e-m+fp/hard\libc_nano.a(libc_a-nano-svfprintf.o)
                0x000000000800e288                _svfiprintf_r
                0x000000000800e288                _svfprintf_r
 .text._printf_common
                0x000000000800e484       0xda C:/ST/STM32CubeIDE_1.13.2/STM32CubeIDE/plugins/com.st.stm32cube.ide.mcu.externaltools.gnu-tools-for-stm32.11.3.rel1.win32_1.1.100.202309141235/tools/bin/../lib/gcc/arm-none-eabi/11.3.1/../../../../arm-none-eabi/lib/thumb/v7e-m+fp/hard\libc_nano.a(libc_a-nano-vfprintf_i.o)
                0x000000000800e484                _printf_common
 *fill*         0x000000000800e55e        0x2 
 .text._printf_i
                0x000000000800e560      0x244 C:/ST/STM32CubeIDE_1.13.2/STM32CubeIDE/plugins/com.st.stm32cube.ide.mcu.externaltools.gnu-tools-for-stm32.11.3.rel1.win32_1.1.100.202309141235/tools/bin/../lib/gcc/arm-none-eabi/11.3.1/../../../../arm-none-eabi/lib/thumb/v7e-m+fp/hard\libc_nano.a(libc_a-nano-vfprintf_i.o)
                0x000000000800e560                _printf_i
 .text.memmove  0x000000000800e7a4       0x34 C:/ST/STM32CubeIDE_1.13.2/STM32CubeIDE/plugins/com.st.stm32cube.ide.mcu.externaltools.gnu-tools-for-stm32.11.3.rel1.win32_1.1.100.202309141235/tools/bin/../lib/gcc/arm-none-eabi/11.3.1/../../../../arm-none-eabi/lib/thumb/v7e-m+fp/hard\libc_nano.a(libc_a-memmove.o)
                0x000000000800e7a4                memmove
 .text._sbrk_r  0x000000000800e7d8       0x20 C:/ST/STM32CubeIDE_1.13.2/STM32CubeIDE/plugins/com.st.stm32cube.ide.mcu.externaltools.gnu-tools-for-stm32.11.3.rel1.win32_1.1.100.202309141235/tools/bin/../lib/gcc/arm-none-eabi/11.3.1/../../../../arm-none-eabi/lib/thumb/v7e-m+fp/hard\libc_nano.a(libc_a-sbrkr.o)
                0x000000000800e7d8                _sbrk_r
 .text._realloc_r
                0x000000000800e7f8       0x5e C:/ST/STM32CubeIDE_1.13.2/STM32CubeIDE/plugins/com.st.stm32cube.ide.mcu.externaltools.gnu-tools-for-stm32.11.3.rel1.win32_1.1.100.202309141235/tools/bin/../lib/gcc/arm-none-eabi/11.3.1/../../../../arm-none-eabi/lib/thumb/v7e-m+fp/hard\libc_nano.a(libc_a-reallocr.o)
                0x000000000800e7f8                _realloc_r
 .text._malloc_usable_size_r
                0x000000000800e856       0x10 C:/ST/STM32CubeIDE_1.13.2/STM32CubeIDE/plugins/com.st.stm32cube.ide.mcu.externaltools.gnu-tools-for-stm32.11.3.rel1.win32_1.1.100.202309141235/tools/bin/../lib/gcc/arm-none-eabi/11.3.1/../../../../arm-none-eabi/lib/thumb/v7e-m+fp/hard\libc_nano.a(libc_a-msizer.o)
                0x000000000800e856                _malloc_usable_size_r
 .text.atan2    0x000000000800e866        0x4 C:/ST/STM32CubeIDE_1.13.2/STM32CubeIDE/plugins/com.st.stm32cube.ide.mcu.externaltools.gnu-tools-for-stm32.11.3.rel1.win32_1.1.100.202309141235/tools/bin/../lib/gcc/arm-none-eabi/11.3.1/../../../../arm-none-eabi/lib/thumb/v7e-m+fp/hard\libm.a(libm_a-w_atan2.o)
                0x000000000800e866                atan2
 *fill*         0x000000000800e86a        0x2 
 .text.pow      0x000000000800e86c       0xe0 C:/ST/STM32CubeIDE_1.13.2/STM32CubeIDE/plugins/com.st.stm32cube.ide.mcu.externaltools.gnu-tools-for-stm32.11.3.rel1.win32_1.1.100.202309141235/tools/bin/../lib/gcc/arm-none-eabi/11.3.1/../../../../arm-none-eabi/lib/thumb/v7e-m+fp/hard\libm.a(libm_a-w_pow.o)
                0x000000000800e86c                pow
 .text.sqrt     0x000000000800e94c       0x58 C:/ST/STM32CubeIDE_1.13.2/STM32CubeIDE/plugins/com.st.stm32cube.ide.mcu.externaltools.gnu-tools-for-stm32.11.3.rel1.win32_1.1.100.202309141235/tools/bin/../lib/gcc/arm-none-eabi/11.3.1/../../../../arm-none-eabi/lib/thumb/v7e-m+fp/hard\libm.a(libm_a-w_sqrt.o)
                0x000000000800e94c                sqrt
 *fill*         0x000000000800e9a4        0x4 
 .text.atan     0x000000000800e9a8      0x340 C:/ST/STM32CubeIDE_1.13.2/STM32CubeIDE/plugins/com.st.stm32cube.ide.mcu.externaltools.gnu-tools-for-stm32.11.3.rel1.win32_1.1.100.202309141235/tools/bin/../lib/gcc/arm-none-eabi/11.3.1/../../../../arm-none-eabi/lib/thumb/v7e-m+fp/hard\libm.a(libm_a-s_atan.o)
                0x000000000800e9a8                atan
 .text.fabs     0x000000000800ece8       0x12 C:/ST/STM32CubeIDE_1.13.2/STM32CubeIDE/plugins/com.st.stm32cube.ide.mcu.externaltools.gnu-tools-for-stm32.11.3.rel1.win32_1.1.100.202309141235/tools/bin/../lib/gcc/arm-none-eabi/11.3.1/../../../../arm-none-eabi/lib/thumb/v7e-m+fp/hard\libm.a(libm_a-s_fabs.o)
                0x000000000800ece8                fabs
 .text.finite   0x000000000800ecfa       0x16 C:/ST/STM32CubeIDE_1.13.2/STM32CubeIDE/plugins/com.st.stm32cube.ide.mcu.externaltools.gnu-tools-for-stm32.11.3.rel1.win32_1.1.100.202309141235/tools/bin/../lib/gcc/arm-none-eabi/11.3.1/../../../../arm-none-eabi/lib/thumb/v7e-m+fp/hard\libm.a(libm_a-s_finite.o)
                0x000000000800ecfa                finite
 .text.__ieee754_sqrt
                0x000000000800ed10      0x1b4 C:/ST/STM32CubeIDE_1.13.2/STM32CubeIDE/plugins/com.st.stm32cube.ide.mcu.externaltools.gnu-tools-for-stm32.11.3.rel1.win32_1.1.100.202309141235/tools/bin/../lib/gcc/arm-none-eabi/11.3.1/../../../../arm-none-eabi/lib/thumb/v7e-m+fp/hard\libm.a(libm_a-e_sqrt.o)
                0x000000000800ed10                __ieee754_sqrt
 *fill*         0x000000000800eec4        0x4 
 .text.__ieee754_atan2
                0x000000000800eec8      0x18c C:/ST/STM32CubeIDE_1.13.2/STM32CubeIDE/plugins/com.st.stm32cube.ide.mcu.externaltools.gnu-tools-for-stm32.11.3.rel1.win32_1.1.100.202309141235/tools/bin/../lib/gcc/arm-none-eabi/11.3.1/../../../../arm-none-eabi/lib/thumb/v7e-m+fp/hard\libm.a(libm_a-e_atan2.o)
                0x000000000800eec8                __ieee754_atan2
 *fill*         0x000000000800f054        0x4 
 .text.__ieee754_pow
                0x000000000800f058      0xa54 C:/ST/STM32CubeIDE_1.13.2/STM32CubeIDE/plugins/com.st.stm32cube.ide.mcu.externaltools.gnu-tools-for-stm32.11.3.rel1.win32_1.1.100.202309141235/tools/bin/../lib/gcc/arm-none-eabi/11.3.1/../../../../arm-none-eabi/lib/thumb/v7e-m+fp/hard\libm.a(libm_a-e_pow.o)
                0x000000000800f058                __ieee754_pow
 *fill*         0x000000000800faac        0x4 
 .text.scalbn   0x000000000800fab0       0xfc C:/ST/STM32CubeIDE_1.13.2/STM32CubeIDE/plugins/com.st.stm32cube.ide.mcu.externaltools.gnu-tools-for-stm32.11.3.rel1.win32_1.1.100.202309141235/tools/bin/../lib/gcc/arm-none-eabi/11.3.1/../../../../arm-none-eabi/lib/thumb/v7e-m+fp/hard\libm.a(libm_a-s_scalbn.o)
                0x000000000800fab0                scalbn
 .text.with_errno
                0x000000000800fbac       0x14 C:/ST/STM32CubeIDE_1.13.2/STM32CubeIDE/plugins/com.st.stm32cube.ide.mcu.externaltools.gnu-tools-for-stm32.11.3.rel1.win32_1.1.100.202309141235/tools/bin/../lib/gcc/arm-none-eabi/11.3.1/../../../../arm-none-eabi/lib/thumb/v7e-m+fp/hard\libm.a(libm_a-math_err.o)
 .text.xflow    0x000000000800fbc0       0x28 C:/ST/STM32CubeIDE_1.13.2/STM32CubeIDE/plugins/com.st.stm32cube.ide.mcu.externaltools.gnu-tools-for-stm32.11.3.rel1.win32_1.1.100.202309141235/tools/bin/../lib/gcc/arm-none-eabi/11.3.1/../../../../arm-none-eabi/lib/thumb/v7e-m+fp/hard\libm.a(libm_a-math_err.o)
 .text.__math_uflow
                0x000000000800fbe8       0x12 C:/ST/STM32CubeIDE_1.13.2/STM32CubeIDE/plugins/com.st.stm32cube.ide.mcu.externaltools.gnu-tools-for-stm32.11.3.rel1.win32_1.1.100.202309141235/tools/bin/../lib/gcc/arm-none-eabi/11.3.1/../../../../arm-none-eabi/lib/thumb/v7e-m+fp/hard\libm.a(libm_a-math_err.o)
                0x000000000800fbe8                __math_uflow
 .text.__math_oflow
                0x000000000800fbfa       0x12 C:/ST/STM32CubeIDE_1.13.2/STM32CubeIDE/plugins/com.st.stm32cube.ide.mcu.externaltools.gnu-tools-for-stm32.11.3.rel1.win32_1.1.100.202309141235/tools/bin/../lib/gcc/arm-none-eabi/11.3.1/../../../../arm-none-eabi/lib/thumb/v7e-m+fp/hard\libm.a(libm_a-math_err.o)
                0x000000000800fbfa                __math_oflow
 *(.glue_7)
 .glue_7        0x000000000800fc0c        0x0 linker stubs
 *(.glue_7t)
 .glue_7t       0x000000000800fc0c        0x0 linker stubs
 *(.eh_frame)
 .eh_frame      0x000000000800fc0c        0x0 C:/ST/STM32CubeIDE_1.13.2/STM32CubeIDE/plugins/com.st.stm32cube.ide.mcu.externaltools.gnu-tools-for-stm32.11.3.rel1.win32_1.1.100.202309141235/tools/bin/../lib/gcc/arm-none-eabi/11.3.1/thumb/v7e-m+fp/hard/crtbegin.o
 *(.init)
 .init          0x000000000800fc0c        0x4 C:/ST/STM32CubeIDE_1.13.2/STM32CubeIDE/plugins/com.st.stm32cube.ide.mcu.externaltools.gnu-tools-for-stm32.11.3.rel1.win32_1.1.100.202309141235/tools/bin/../lib/gcc/arm-none-eabi/11.3.1/thumb/v7e-m+fp/hard/crti.o
                0x000000000800fc0c                _init
 .init          0x000000000800fc10        0x8 C:/ST/STM32CubeIDE_1.13.2/STM32CubeIDE/plugins/com.st.stm32cube.ide.mcu.externaltools.gnu-tools-for-stm32.11.3.rel1.win32_1.1.100.202309141235/tools/bin/../lib/gcc/arm-none-eabi/11.3.1/thumb/v7e-m+fp/hard/crtn.o
 *(.fini)
 .fini          0x000000000800fc18        0x4 C:/ST/STM32CubeIDE_1.13.2/STM32CubeIDE/plugins/com.st.stm32cube.ide.mcu.externaltools.gnu-tools-for-stm32.11.3.rel1.win32_1.1.100.202309141235/tools/bin/../lib/gcc/arm-none-eabi/11.3.1/thumb/v7e-m+fp/hard/crti.o
                0x000000000800fc18                _fini
 .fini          0x000000000800fc1c        0x8 C:/ST/STM32CubeIDE_1.13.2/STM32CubeIDE/plugins/com.st.stm32cube.ide.mcu.externaltools.gnu-tools-for-stm32.11.3.rel1.win32_1.1.100.202309141235/tools/bin/../lib/gcc/arm-none-eabi/11.3.1/thumb/v7e-m+fp/hard/crtn.o
                0x000000000800fc24                . = ALIGN (0x4)
                0x000000000800fc24                _etext = .

.vfp11_veneer   0x000000000800fc24        0x0
 .vfp11_veneer  0x000000000800fc24        0x0 linker stubs

.v4_bx          0x000000000800fc24        0x0
 .v4_bx         0x000000000800fc24        0x0 linker stubs

.iplt           0x000000000800fc24        0x0
 .iplt          0x000000000800fc24        0x0 C:/ST/STM32CubeIDE_1.13.2/STM32CubeIDE/plugins/com.st.stm32cube.ide.mcu.externaltools.gnu-tools-for-stm32.11.3.rel1.win32_1.1.100.202309141235/tools/bin/../lib/gcc/arm-none-eabi/11.3.1/thumb/v7e-m+fp/hard/crtbegin.o

.rodata         0x000000000800fc28      0x160
                0x000000000800fc28                . = ALIGN (0x4)
 *(.rodata)
 .rodata        0x000000000800fc28        0x5 ./Middlewares/Third_Party/FreeRTOS/Source/tasks.o
 *fill*         0x000000000800fc2d        0x3 
 .rodata        0x000000000800fc30        0xd ./Middlewares/Third_Party/FreeRTOS/Source/timers.o
 *fill*         0x000000000800fc3d        0x3 
 .rodata        0x000000000800fc40       0x1b ./UGV/Drivers/GPS/gps.o
 *fill*         0x000000000800fc5b        0x1 
 .rodata        0x000000000800fc5c       0x1c ./UGV/Main/ugvMain.o
 *(.rodata*)
 .rodata.AHBPrescTable
                0x000000000800fc78       0x10 ./Core/Src/system_stm32f4xx.o
                0x000000000800fc78                AHBPrescTable
 .rodata.APBPrescTable
                0x000000000800fc88        0x8 ./Core/Src/system_stm32f4xx.o
                0x000000000800fc88                APBPrescTable
 .rodata.SX1278_Power
                0x000000000800fc90        0x4 ./UGV/Drivers/SX1278/SX1278.o
 .rodata.SX1278_SpreadFactor
                0x000000000800fc94        0x7 ./UGV/Drivers/SX1278/SX1278.o
 *fill*         0x000000000800fc9b        0x1 
 .rodata.SX1278_LoRaBandwidth
                0x000000000800fc9c        0xa ./UGV/Drivers/SX1278/SX1278.o
 *fill*         0x000000000800fca6        0x2 
 .rodata.SX1278_CodingRate
                0x000000000800fca8        0x4 ./UGV/Drivers/SX1278/SX1278.o
 .rodata.SX1278_CRC_Sum
                0x000000000800fcac        0x2 ./UGV/Drivers/SX1278/SX1278.o
 .rodata._svfprintf_r.str1.1
                0x000000000800fcae       0x11 C:/ST/STM32CubeIDE_1.13.2/STM32CubeIDE/plugins/com.st.stm32cube.ide.mcu.externaltools.gnu-tools-for-stm32.11.3.rel1.win32_1.1.100.202309141235/tools/bin/../lib/gcc/arm-none-eabi/11.3.1/../../../../arm-none-eabi/lib/thumb/v7e-m+fp/hard\libc_nano.a(libc_a-nano-svfprintf.o)
 .rodata._printf_i.str1.1
                0x000000000800fcbf       0x22 C:/ST/STM32CubeIDE_1.13.2/STM32CubeIDE/plugins/com.st.stm32cube.ide.mcu.externaltools.gnu-tools-for-stm32.11.3.rel1.win32_1.1.100.202309141235/tools/bin/../lib/gcc/arm-none-eabi/11.3.1/../../../../arm-none-eabi/lib/thumb/v7e-m+fp/hard\libc_nano.a(libc_a-nano-vfprintf_i.o)
 *fill*         0x000000000800fce1        0x7 
 .rodata.atanhi
                0x000000000800fce8       0x20 C:/ST/STM32CubeIDE_1.13.2/STM32CubeIDE/plugins/com.st.stm32cube.ide.mcu.externaltools.gnu-tools-for-stm32.11.3.rel1.win32_1.1.100.202309141235/tools/bin/../lib/gcc/arm-none-eabi/11.3.1/../../../../arm-none-eabi/lib/thumb/v7e-m+fp/hard\libm.a(libm_a-s_atan.o)
 .rodata.atanlo
                0x000000000800fd08       0x20 C:/ST/STM32CubeIDE_1.13.2/STM32CubeIDE/plugins/com.st.stm32cube.ide.mcu.externaltools.gnu-tools-for-stm32.11.3.rel1.win32_1.1.100.202309141235/tools/bin/../lib/gcc/arm-none-eabi/11.3.1/../../../../arm-none-eabi/lib/thumb/v7e-m+fp/hard\libm.a(libm_a-s_atan.o)
 .rodata.CSWTCH.8
                0x000000000800fd28       0x18 C:/ST/STM32CubeIDE_1.13.2/STM32CubeIDE/plugins/com.st.stm32cube.ide.mcu.externaltools.gnu-tools-for-stm32.11.3.rel1.win32_1.1.100.202309141235/tools/bin/../lib/gcc/arm-none-eabi/11.3.1/../../../../arm-none-eabi/lib/thumb/v7e-m+fp/hard\libm.a(libm_a-e_atan2.o)
 .rodata.CSWTCH.9
                0x000000000800fd40       0x18 C:/ST/STM32CubeIDE_1.13.2/STM32CubeIDE/plugins/com.st.stm32cube.ide.mcu.externaltools.gnu-tools-for-stm32.11.3.rel1.win32_1.1.100.202309141235/tools/bin/../lib/gcc/arm-none-eabi/11.3.1/../../../../arm-none-eabi/lib/thumb/v7e-m+fp/hard\libm.a(libm_a-e_atan2.o)
 .rodata.bp     0x000000000800fd58       0x10 C:/ST/STM32CubeIDE_1.13.2/STM32CubeIDE/plugins/com.st.stm32cube.ide.mcu.externaltools.gnu-tools-for-stm32.11.3.rel1.win32_1.1.100.202309141235/tools/bin/../lib/gcc/arm-none-eabi/11.3.1/../../../../arm-none-eabi/lib/thumb/v7e-m+fp/hard\libm.a(libm_a-e_pow.o)
 .rodata.dp_h   0x000000000800fd68       0x10 C:/ST/STM32CubeIDE_1.13.2/STM32CubeIDE/plugins/com.st.stm32cube.ide.mcu.externaltools.gnu-tools-for-stm32.11.3.rel1.win32_1.1.100.202309141235/tools/bin/../lib/gcc/arm-none-eabi/11.3.1/../../../../arm-none-eabi/lib/thumb/v7e-m+fp/hard\libm.a(libm_a-e_pow.o)
 .rodata.dp_l   0x000000000800fd78       0x10 C:/ST/STM32CubeIDE_1.13.2/STM32CubeIDE/plugins/com.st.stm32cube.ide.mcu.externaltools.gnu-tools-for-stm32.11.3.rel1.win32_1.1.100.202309141235/tools/bin/../lib/gcc/arm-none-eabi/11.3.1/../../../../arm-none-eabi/lib/thumb/v7e-m+fp/hard\libm.a(libm_a-e_pow.o)
                0x000000000800fd88                . = ALIGN (0x4)

.ARM.extab      0x000000000800fd88        0x0
                0x000000000800fd88                . = ALIGN (0x4)
 *(.ARM.extab* .gnu.linkonce.armextab.*)
                0x000000000800fd88                . = ALIGN (0x4)

.ARM            0x000000000800fd88        0x8
                0x000000000800fd88                . = ALIGN (0x4)
                0x000000000800fd88                __exidx_start = .
 *(.ARM.exidx*)
 .ARM.exidx     0x000000000800fd88        0x8 C:/ST/STM32CubeIDE_1.13.2/STM32CubeIDE/plugins/com.st.stm32cube.ide.mcu.externaltools.gnu-tools-for-stm32.11.3.rel1.win32_1.1.100.202309141235/tools/bin/../lib/gcc/arm-none-eabi/11.3.1/thumb/v7e-m+fp/hard\libgcc.a(_udivmoddi4.o)
                0x000000000800fd90                __exidx_end = .
                0x000000000800fd90                . = ALIGN (0x4)

.rel.dyn        0x000000000800fd90        0x0
 .rel.iplt      0x000000000800fd90        0x0 C:/ST/STM32CubeIDE_1.13.2/STM32CubeIDE/plugins/com.st.stm32cube.ide.mcu.externaltools.gnu-tools-for-stm32.11.3.rel1.win32_1.1.100.202309141235/tools/bin/../lib/gcc/arm-none-eabi/11.3.1/thumb/v7e-m+fp/hard/crtbegin.o

.preinit_array  0x000000000800fd90        0x0
                0x000000000800fd90                . = ALIGN (0x4)
                0x000000000800fd90                PROVIDE (__preinit_array_start = .)
 *(.preinit_array*)
                0x000000000800fd90                PROVIDE (__preinit_array_end = .)
                0x000000000800fd90                . = ALIGN (0x4)

.init_array     0x000000000800fd90        0x4
                0x000000000800fd90                . = ALIGN (0x4)
                0x000000000800fd90                PROVIDE (__init_array_start = .)
 *(SORT_BY_NAME(.init_array.*))
 *(.init_array*)
 .init_array    0x000000000800fd90        0x4 C:/ST/STM32CubeIDE_1.13.2/STM32CubeIDE/plugins/com.st.stm32cube.ide.mcu.externaltools.gnu-tools-for-stm32.11.3.rel1.win32_1.1.100.202309141235/tools/bin/../lib/gcc/arm-none-eabi/11.3.1/thumb/v7e-m+fp/hard/crtbegin.o
                0x000000000800fd94                PROVIDE (__init_array_end = .)
                0x000000000800fd94                . = ALIGN (0x4)

.fini_array     0x000000000800fd94        0x4
                0x000000000800fd94                . = ALIGN (0x4)
                [!provide]                        PROVIDE (__fini_array_start = .)
 *(SORT_BY_NAME(.fini_array.*))
 *(.fini_array*)
 .fini_array    0x000000000800fd94        0x4 C:/ST/STM32CubeIDE_1.13.2/STM32CubeIDE/plugins/com.st.stm32cube.ide.mcu.externaltools.gnu-tools-for-stm32.11.3.rel1.win32_1.1.100.202309141235/tools/bin/../lib/gcc/arm-none-eabi/11.3.1/thumb/v7e-m+fp/hard/crtbegin.o
                [!provide]                        PROVIDE (__fini_array_end = .)
                0x000000000800fd98                . = ALIGN (0x4)
                0x000000000800fd98                _sidata = LOADADDR (.data)

.data           0x0000000020000000      0x140 load address 0x000000000800fd98
                0x0000000020000000                . = ALIGN (0x4)
                0x0000000020000000                _sdata = .
 *(.data)
 *(.data*)
 .data.SystemCoreClock
                0x0000000020000000        0x4 ./Core/Src/system_stm32f4xx.o
                0x0000000020000000                SystemCoreClock
 .data.uwTickPrio
                0x0000000020000004        0x4 ./Drivers/STM32F4xx_HAL_Driver/Src/stm32f4xx_hal.o
                0x0000000020000004                uwTickPrio
 .data.uwTickFreq
                0x0000000020000008        0x1 ./Drivers/STM32F4xx_HAL_Driver/Src/stm32f4xx_hal.o
                0x0000000020000008                uwTickFreq
 *fill*         0x0000000020000009        0x3 
 .data.uxCriticalNesting
                0x000000002000000c        0x4 ./Middlewares/Third_Party/FreeRTOS/Source/portable/GCC/ARM_CM4F/port.o
 .data.pid      0x0000000020000010       0x38 ./UGV/Drivers/MotorDriver/MotorDrive.o
                0x0000000020000010                pid
 .data.KalmanX  0x0000000020000048       0x48 ./UGV/Drivers/Mpu6050/mpu6050.o
                0x0000000020000048                KalmanX
 .data.KalmanY  0x0000000020000090       0x48 ./UGV/Drivers/Mpu6050/mpu6050.o
                0x0000000020000090                KalmanY
 .data.mFactor  0x00000000200000d8        0x4 ./UGV/Drivers/RC/rcReceiver.o
                0x00000000200000d8                mFactor
 .data._impure_data
                0x00000000200000dc       0x4c C:/ST/STM32CubeIDE_1.13.2/STM32CubeIDE/plugins/com.st.stm32cube.ide.mcu.externaltools.gnu-tools-for-stm32.11.3.rel1.win32_1.1.100.202309141235/tools/bin/../lib/gcc/arm-none-eabi/11.3.1/../../../../arm-none-eabi/lib/thumb/v7e-m+fp/hard\libc_nano.a(libc_a-impure.o)
                0x00000000200000dc                _impure_data
 .data._impure_ptr
                0x0000000020000128        0x4 C:/ST/STM32CubeIDE_1.13.2/STM32CubeIDE/plugins/com.st.stm32cube.ide.mcu.externaltools.gnu-tools-for-stm32.11.3.rel1.win32_1.1.100.202309141235/tools/bin/../lib/gcc/arm-none-eabi/11.3.1/../../../../arm-none-eabi/lib/thumb/v7e-m+fp/hard\libc_nano.a(libc_a-impure.o)
                0x0000000020000128                _impure_ptr
 *fill*         0x000000002000012c        0x4 
 .data.one      0x0000000020000130        0x8 C:/ST/STM32CubeIDE_1.13.2/STM32CubeIDE/plugins/com.st.stm32cube.ide.mcu.externaltools.gnu-tools-for-stm32.11.3.rel1.win32_1.1.100.202309141235/tools/bin/../lib/gcc/arm-none-eabi/11.3.1/../../../../arm-none-eabi/lib/thumb/v7e-m+fp/hard\libm.a(libm_a-e_sqrt.o)
 .data.tiny     0x0000000020000138        0x8 C:/ST/STM32CubeIDE_1.13.2/STM32CubeIDE/plugins/com.st.stm32cube.ide.mcu.externaltools.gnu-tools-for-stm32.11.3.rel1.win32_1.1.100.202309141235/tools/bin/../lib/gcc/arm-none-eabi/11.3.1/../../../../arm-none-eabi/lib/thumb/v7e-m+fp/hard\libm.a(libm_a-e_sqrt.o)
 *(.RamFunc)
 *(.RamFunc*)
                0x0000000020000140                . = ALIGN (0x4)
                0x0000000020000140                _edata = .

.igot.plt       0x0000000020000140        0x0 load address 0x000000000800fed8
 .igot.plt      0x0000000020000140        0x0 C:/ST/STM32CubeIDE_1.13.2/STM32CubeIDE/plugins/com.st.stm32cube.ide.mcu.externaltools.gnu-tools-for-stm32.11.3.rel1.win32_1.1.100.202309141235/tools/bin/../lib/gcc/arm-none-eabi/11.3.1/thumb/v7e-m+fp/hard/crtbegin.o
                0x0000000020000140                . = ALIGN (0x4)

.bss            0x0000000020000140     0x55a4 load address 0x000000000800fed8
                0x0000000020000140                _sbss = .
                0x0000000020000140                __bss_start__ = _sbss
 *(.bss)
 .bss           0x0000000020000140       0x1c C:/ST/STM32CubeIDE_1.13.2/STM32CubeIDE/plugins/com.st.stm32cube.ide.mcu.externaltools.gnu-tools-for-stm32.11.3.rel1.win32_1.1.100.202309141235/tools/bin/../lib/gcc/arm-none-eabi/11.3.1/thumb/v7e-m+fp/hard/crtbegin.o
 *(.bss*)
 .bss.hi2c1     0x000000002000015c       0x54 ./Core/Src/i2c.o
                0x000000002000015c                hi2c1
 .bss.hi2c3     0x00000000200001b0       0x54 ./Core/Src/i2c.o
                0x00000000200001b0                hi2c3
 .bss.hiwdg     0x0000000020000204        0xc ./Core/Src/iwdg.o
                0x0000000020000204                hiwdg
 .bss.hspi1     0x0000000020000210       0x58 ./Core/Src/spi.o
                0x0000000020000210                hspi1
 .bss.hspi2     0x0000000020000268       0x58 ./Core/Src/spi.o
                0x0000000020000268                hspi2
 .bss.htim6     0x00000000200002c0       0x48 ./Core/Src/stm32f4xx_hal_timebase_tim.o
                0x00000000200002c0                htim6
 .bss.__sbrk_heap_end
                0x0000000020000308        0x4 ./Core/Src/sysmem.o
 .bss.htim1     0x000000002000030c       0x48 ./Core/Src/tim.o
                0x000000002000030c                htim1
 .bss.htim2     0x0000000020000354       0x48 ./Core/Src/tim.o
                0x0000000020000354                htim2
 .bss.htim3     0x000000002000039c       0x48 ./Core/Src/tim.o
                0x000000002000039c                htim3
 .bss.htim4     0x00000000200003e4       0x48 ./Core/Src/tim.o
                0x00000000200003e4                htim4
 .bss.htim8     0x000000002000042c       0x48 ./Core/Src/tim.o
                0x000000002000042c                htim8
 .bss.htim12    0x0000000020000474       0x48 ./Core/Src/tim.o
                0x0000000020000474                htim12
 .bss.huart2    0x00000000200004bc       0x48 ./Core/Src/usart.o
                0x00000000200004bc                huart2
 .bss.huart3    0x0000000020000504       0x48 ./Core/Src/usart.o
                0x0000000020000504                huart3
 .bss.uwTick    0x000000002000054c        0x4 ./Drivers/STM32F4xx_HAL_Driver/Src/stm32f4xx_hal.o
                0x000000002000054c                uwTick
 .bss.Idle_TCB.3
                0x0000000020000550       0xa8 ./Middlewares/Third_Party/FreeRTOS/Source/CMSIS_RTOS_V2/cmsis_os2.o
 .bss.Idle_Stack.2
                0x00000000200005f8      0x200 ./Middlewares/Third_Party/FreeRTOS/Source/CMSIS_RTOS_V2/cmsis_os2.o
 .bss.Timer_TCB.1
                0x00000000200007f8       0xa8 ./Middlewares/Third_Party/FreeRTOS/Source/CMSIS_RTOS_V2/cmsis_os2.o
 .bss.Timer_Stack.0
                0x00000000200008a0      0x400 ./Middlewares/Third_Party/FreeRTOS/Source/CMSIS_RTOS_V2/cmsis_os2.o
 .bss.xQueueRegistry