Archive member included to satisfy reference by file (symbol)

C:/ST/STM32CubeIDE_1.13.2/STM32CubeIDE/plugins/com.st.stm32cube.ide.mcu.externaltools.gnu-tools-for-stm32.11.3.rel1.win32_1.1.100.202309141235/tools/bin/../lib/gcc/arm-none-eabi/11.3.1/../../../../arm-none-eabi/lib/thumb/v7e-m+fp/hard\libc_nano.a(libc_a-exit.o)
                              C:/ST/STM32CubeIDE_1.13.2/STM32CubeIDE/plugins/com.st.stm32cube.ide.mcu.externaltools.gnu-tools-for-stm32.11.3.rel1.win32_1.1.100.202309141235/tools/bin/../lib/gcc/arm-none-eabi/11.3.1/../../../../arm-none-eabi/lib/thumb/v7e-m+fp/hard/crt0.o (exit)
C:/ST/STM32CubeIDE_1.13.2/STM32CubeIDE/plugins/com.st.stm32cube.ide.mcu.externaltools.gnu-tools-for-stm32.11.3.rel1.win32_1.1.100.202309141235/tools/bin/../lib/gcc/arm-none-eabi/11.3.1/../../../../arm-none-eabi/lib/thumb/v7e-m+fp/hard\libc_nano.a(libc_a-findfp.o)
                              ./Middlewares/Third_Party/FreeRTOS/Source/tasks.o (__sf)
C:/ST/STM32CubeIDE_1.13.2/STM32CubeIDE/plugins/com.st.stm32cube.ide.mcu.externaltools.gnu-tools-for-stm32.11.3.rel1.win32_1.1.100.202309141235/tools/bin/../lib/gcc/arm-none-eabi/11.3.1/../../../../arm-none-eabi/lib/thumb/v7e-m+fp/hard\libc_nano.a(libc_a-fwalk.o)
                              C:/ST/STM32CubeIDE_1.13.2/STM32CubeIDE/plugins/com.st.stm32cube.ide.mcu.externaltools.gnu-tools-for-stm32.11.3.rel1.win32_1.1.100.202309141235/tools/bin/../lib/gcc/arm-none-eabi/11.3.1/../../../../arm-none-eabi/lib/thumb/v7e-m+fp/hard\libc_nano.a(libc_a-findfp.o) (_fwalk_sglue)
C:/ST/STM32CubeIDE_1.13.2/STM32CubeIDE/plugins/com.st.stm32cube.ide.mcu.externaltools.gnu-tools-for-stm32.11.3.rel1.win32_1.1.100.202309141235/tools/bin/../lib/gcc/arm-none-eabi/11.3.1/../../../../arm-none-eabi/lib/thumb/v7e-m+fp/hard\libc_nano.a(libc_a-sprintf.o)
                              ./UGV/Drivers/GPS/gps.o (sprintf)
C:/ST/STM32CubeIDE_1.13.2/STM32CubeIDE/plugins/com.st.stm32cube.ide.mcu.externaltools.gnu-tools-for-stm32.11.3.rel1.win32_1.1.100.202309141235/tools/bin/../lib/gcc/arm-none-eabi/11.3.1/../../../../arm-none-eabi/lib/thumb/v7e-m+fp/hard\libc_nano.a(libc_a-stdio.o)
                              C:/ST/STM32CubeIDE_1.13.2/STM32CubeIDE/plugins/com.st.stm32cube.ide.mcu.externaltools.gnu-tools-for-stm32.11.3.rel1.win32_1.1.100.202309141235/tools/bin/../lib/gcc/arm-none-eabi/11.3.1/../../../../arm-none-eabi/lib/thumb/v7e-m+fp/hard\libc_nano.a(libc_a-findfp.o) (__sread)
C:/ST/STM32CubeIDE_1.13.2/STM32CubeIDE/plugins/com.st.stm32cube.ide.mcu.externaltools.gnu-tools-for-stm32.11.3.rel1.win32_1.1.100.202309141235/tools/bin/../lib/gcc/arm-none-eabi/11.3.1/../../../../arm-none-eabi/lib/thumb/v7e-m+fp/hard\libc_nano.a(libc_a-memset.o)
                              C:/ST/STM32CubeIDE_1.13.2/STM32CubeIDE/plugins/com.st.stm32cube.ide.mcu.externaltools.gnu-tools-for-stm32.11.3.rel1.win32_1.1.100.202309141235/tools/bin/../lib/gcc/arm-none-eabi/11.3.1/../../../../arm-none-eabi/lib/thumb/v7e-m+fp/hard/crt0.o (memset)
C:/ST/STM32CubeIDE_1.13.2/STM32CubeIDE/plugins/com.st.stm32cube.ide.mcu.externaltools.gnu-tools-for-stm32.11.3.rel1.win32_1.1.100.202309141235/tools/bin/../lib/gcc/arm-none-eabi/11.3.1/../../../../arm-none-eabi/lib/thumb/v7e-m+fp/hard\libc_nano.a(libc_a-strncmp.o)
                              ./UGV/Drivers/GPS/gps.o (strncmp)
C:/ST/STM32CubeIDE_1.13.2/STM32CubeIDE/plugins/com.st.stm32cube.ide.mcu.externaltools.gnu-tools-for-stm32.11.3.rel1.win32_1.1.100.202309141235/tools/bin/../lib/gcc/arm-none-eabi/11.3.1/../../../../arm-none-eabi/lib/thumb/v7e-m+fp/hard\libc_nano.a(libc_a-closer.o)
                              C:/ST/STM32CubeIDE_1.13.2/STM32CubeIDE/plugins/com.st.stm32cube.ide.mcu.externaltools.gnu-tools-for-stm32.11.3.rel1.win32_1.1.100.202309141235/tools/bin/../lib/gcc/arm-none-eabi/11.3.1/../../../../arm-none-eabi/lib/thumb/v7e-m+fp/hard\libc_nano.a(libc_a-stdio.o) (_close_r)
C:/ST/STM32CubeIDE_1.13.2/STM32CubeIDE/plugins/com.st.stm32cube.ide.mcu.externaltools.gnu-tools-for-stm32.11.3.rel1.win32_1.1.100.202309141235/tools/bin/../lib/gcc/arm-none-eabi/11.3.1/../../../../arm-none-eabi/lib/thumb/v7e-m+fp/hard\libc_nano.a(libc_a-reent.o)
                              ./Middlewares/Third_Party/FreeRTOS/Source/tasks.o (_reclaim_reent)
C:/ST/STM32CubeIDE_1.13.2/STM32CubeIDE/plugins/com.st.stm32cube.ide.mcu.externaltools.gnu-tools-for-stm32.11.3.rel1.win32_1.1.100.202309141235/tools/bin/../lib/gcc/arm-none-eabi/11.3.1/../../../../arm-none-eabi/lib/thumb/v7e-m+fp/hard\libc_nano.a(libc_a-impure.o)
                              ./Middlewares/Third_Party/FreeRTOS/Source/tasks.o (_impure_ptr)
C:/ST/STM32CubeIDE_1.13.2/STM32CubeIDE/plugins/com.st.stm32cube.ide.mcu.externaltools.gnu-tools-for-stm32.11.3.rel1.win32_1.1.100.202309141235/tools/bin/../lib/gcc/arm-none-eabi/11.3.1/../../../../arm-none-eabi/lib/thumb/v7e-m+fp/hard\libc_nano.a(libc_a-lseekr.o)
[...]
Memory Configuration

Name             Origin             Length             Attributes
RAM              0x0000000020000000 0x0000000000020000 xrw
FLASH            0x0000000008000000 0x0000000000080000 xr
*default*        0x0000000000000000 0xffffffffffffffff

Linker script and memory map

LOAD C:/ST/STM32CubeIDE_1.13.2/STM32CubeIDE/plugins/com.st.stm32cube.ide.mcu.externaltools.gnu-tools-for-stm32.11.3.rel1.win32_1.1.100.202309141235/tools/bin/../lib/gcc/arm-none-eabi/11.3.1/thumb/v7e-m+fp/hard/crti.o
LOAD C:/ST/STM32CubeIDE_1.13.2/STM32CubeIDE/plugins/com.st.stm32cube.ide.mcu.externaltools.gnu-tools-for-stm32.11.3.rel1.win32_1.1.100.202309141235/tools/bin/../lib/gcc/arm-none-eabi/11.3.1/thumb/v7e-m+fp/hard/crtbegin.o
LOAD C:/ST/STM32CubeIDE_1.13.2/STM32CubeIDE/plugins/com.st.stm32cube.ide.mcu.externaltools.gnu-tools-for-stm32.11.3.rel1.win32_1.1.100.202309141235/tools/bin/../lib/gcc/arm-none-eabi/11.3.1/../../../../arm-none-eabi/lib/thumb/v7e-m+fp/hard/crt0.o
LOAD ./Core/Src/freertos.o
LOAD ./Core/Src/gpio.o
LOAD ./Core/Src/i2c.o
LOAD ./Core/Src/main.o
LOAD ./Core/Src/spi.o
LOAD ./Core/Src/stm32f4xx_hal_msp.o
LOAD ./Core/Src/stm32f4xx_hal_timebase_tim.o
LOAD ./Core/Src/stm32f4xx_it.o
LOAD ./Core/Src/syscalls.o
LOAD ./Core/Src/sysmem.o
LOAD ./Core/Src/system_stm32f4xx.o
LOAD ./Core/Src/tim.o
LOAD ./Core/Src/usart.o
LOAD ./Core/Startup/startup_stm32f446retx.o
LOAD ./Drivers/STM32F4xx_HAL_Driver/Src/stm32f4xx_hal.o
LOAD ./Drivers/STM32F4xx_HAL_Driver/Src/stm32f4xx_hal_cortex.o
LOAD ./Drivers/STM32F4xx_HAL_Driver/Src/stm32f4xx_hal_dma.o
LOAD ./Drivers/STM32F4xx_HAL_Driver/Src/stm32f4xx_hal_dma_ex.o
LOAD ./Drivers/STM32F4xx_HAL_Driver/Src/stm32f4xx_hal_exti.o
LOAD ./Drivers/STM32F4xx_HAL_Driver/Src/stm32f4xx_hal_flash.o
LOAD ./Drivers/STM32F4xx_HAL_Driver/Src/stm32f4xx_hal_flash_ex.o
LOAD ./Drivers/STM32F4xx_HAL_Driver/Src/stm32f4xx_hal_flash_ramfunc.o
LOAD ./Drivers/STM32F4xx_HAL_Driver/Src/stm32f4xx_hal_gpio.o
LOAD ./Drivers/STM32F4xx_HAL_Driver/Src/stm32f4xx_hal_i2c.o
LOAD ./Drivers/STM32F4xx_HAL_Driver/Src/stm32f4xx_hal_i2c_ex.o
LOAD ./Drivers/STM32F4xx_HAL_Driver/Src/stm32f4xx_hal_pwr.o
LOAD ./Drivers/STM32F4xx_HAL_Driver/Src/stm32f4xx_hal_pwr_ex.o
LOAD ./Drivers/STM32F4xx_HAL_Driver/Src/stm32f4xx_hal_rcc.o
LOAD ./Drivers/STM32F4xx_HAL_Driver/Src/stm32f4xx_hal_rcc_ex.o
LOAD ./Drivers/STM32F4xx_HAL_Driver/Src/stm32f4xx_hal_spi.o
LOAD ./Drivers/STM32F4xx_HAL_Driver/Src/stm32f4xx_hal_tim.o
LOAD ./Drivers/STM32F4xx_HAL_Driver/Src/stm32f4xx_hal_tim_ex.o
LOAD ./Drivers/STM32F4xx_HAL_Driver/Src/stm32f4xx_hal_uart.o
LOAD ./Middlewares/Third_Party/FreeRTOS/Source/CMSIS_RTOS_V2/cmsis_os2.o
LOAD ./Middlewares/Third_Party/FreeRTOS/Source/croutine.o
LOAD ./Middlewares/Third_Party/FreeRTOS/Source/event_groups.o
LOAD ./Middlewares/Third_Party/FreeRTOS/Source/list.o
LOAD ./Middlewares/Third_Party/FreeRTOS/Source/queue.o
LOAD ./Middlewares/Third_Party/FreeRTOS/Source/stream_buffer.o
LOAD ./Middlewares/Third_Party/FreeRTOS/Source/tasks.o
LOAD ./Middlewares/Third_Party/FreeRTOS/Source/timers.o
LOAD ./Middlewares/Third_Party/FreeRTOS/Source/portable/GCC/ARM_CM4F/port.o
LOAD ./Middlewares/Third_Party/FreeRTOS/Source/portable/MemMang/heap_4.o
LOAD ./UGV/Database/database.o
LOAD ./UGV/Drivers/GPS/gps.o
LOAD ./UGV/Drivers/MotorDriver/MotorDrive.o
LOAD ./UGV/Drivers/PID/pid.o
LOAD ./UGV/Drivers/QMC/Kalman/kalman_filter.o
LOAD ./UGV/Drivers/QMC/QMC5883/qmc5883.o
LOAD ./UGV/Drivers/RC/rcReceiver.o
LOAD ./UGV/Drivers/RcFilter/rcFilter.o
LOAD ./UGV/Drivers/SX1278/SX1278.o
LOAD ./UGV/Drivers/SX1278/SX1278_hw.o
LOAD ./UGV/Drivers/Servo/cameraServo.o
LOAD ./UGV/Drivers/crc/crc15.o
LOAD ./UGV/Drivers/ledControl/ledControl.o
LOAD ./UGV/Main/ugvMain.o
LOAD ./UGV/Tasks/TaskLoraCom/taskLoraCom.o
LOAD ./UGV/Tasks/TaskMotorDrive/taskMotorDrive.o
LOAD ./UGV/Tasks/TaskSensor/taskSensor.o
START GROUP
LOAD C:/ST/STM32CubeIDE_1.13.2/STM32CubeIDE/plugins/com.st.stm32cube.ide.mcu.externaltools.gnu-tools-for-stm32.11.3.rel1.win32_1.1.100.202309141235/tools/bin/../lib/gcc/arm-none-eabi/11.3.1/../../../../arm-none-eabi/lib/thumb/v7e-m+fp/hard\libc_nano.a
LOAD C:/ST/STM32CubeIDE_1.13.2/STM32CubeIDE/plugins/com.st.stm32cube.ide.mcu.externaltools.gnu-tools-for-stm32.11.3.rel1.win32_1.1.100.202309141235/tools/bin/../lib/gcc/arm-none-eabi/11.3.1/../../../../arm-none-eabi/lib/thumb/v7e-m+fp/hard\libm.a
END GROUP
START GROUP
LOAD C:/ST/STM32CubeIDE_1.13.2/STM32CubeIDE/plugins/com.st.stm32cube.ide.mcu.externaltools.gnu-tools-for-stm32.11.3.rel1.win32_1.1.100.202309141235/tools/bin/../lib/gcc/arm-none-eabi/11.3.1/thumb/v7e-m+fp/hard\libgcc.a
LOAD C:/ST/STM32CubeIDE_1.13.2/STM32CubeIDE/plugins/com.st.stm32cube.ide.mcu.externaltools.gnu-tools-for-stm32.11.3.rel1.win32_1.1.100.202309141235/tools/bin/../lib/gcc/arm-none-eabi/11.3.1/../../../../arm-none-eabi/lib/thumb/v7e-m+fp/hard\libc_nano.a
END GROUP
START GROUP
LOAD C:/ST/STM32CubeIDE_1.13.2/STM32CubeIDE/plugins/com.st.stm32cube.ide.mcu.externaltools.gnu-tools-for-stm32.11.3.rel1.win32_1.1.100.202309141235/tools/bin/../lib/gcc/arm-none-eabi/11.3.1/thumb/v7e-m+fp/hard\libgcc.a
LOAD C:/ST/STM32CubeIDE_1.13.2/STM32CubeIDE/plugins/com.st.stm32cube.ide.mcu.externaltools.gnu-tools-for-stm32.11.3.rel1.win32_1.1.100.202309141235/tools/bin/../lib/gcc/arm-none-eabi/11.3.1/../../../../arm-none-eabi/lib/thumb/v7e-m+fp/hard\libc_nano.a
LOAD C:/ST/STM32CubeIDE_1.13.2/STM32CubeIDE/plugins/com.st.stm32cube.ide.mcu.externaltools.gnu-tools-for-stm32.11.3.rel1.win32_1.1.100.202309141235/tools/bin/../lib/gcc/arm-none-eabi/11.3.1/../../../../arm-none-eabi/lib/thumb/v7e-m+fp/hard\libnosys.a
END GROUP
START GROUP
LOAD C:/ST/STM32CubeIDE_1.13.2/STM32CubeIDE/plugins/com.st.stm32cube.ide.mcu.externaltools.gnu-tools-for-stm32.11.3.rel1.win32_1.1.100.202309141235/tools/bin/../lib/gcc/arm-none-eabi/11.3.1/thumb/v7e-m+fp/hard\libgcc.a
LOAD C:/ST/STM32CubeIDE_1.13.2/STM32CubeIDE/plugins/com.st.stm32cube.ide.mcu.externaltools.gnu-tools-for-stm32.11.3.rel1.win32_1.1.100.202309141235/tools/bin/../lib/gcc/arm-none-eabi/11.3.1/../../../../arm-none-eabi/lib/thumb/v7e-m+fp/hard\libc_nano.a
LOAD C:/ST/STM32CubeIDE_1.13.2/STM32CubeIDE/plugins/com.st.stm32cube.ide.mcu.externaltools.gnu-tools-for-stm32.11.3.rel1.win32_1.1.100.202309141235/tools/bin/../lib/gcc/arm-none-eabi/11.3.1/../../../../arm-none-eabi/lib/thumb/v7e-m+fp/hard\libnosys.a
END GROUP
LOAD C:/ST/STM32CubeIDE_1.13.2/STM32CubeIDE/plugins/com.st.stm32cube.ide.mcu.externaltools.gnu-tools-for-stm32.11.3.rel1.win32_1.1.100.202309141235/tools/bin/../lib/gcc/arm-none-eabi/11.3.1/thumb/v7e-m+fp/hard/crtend.o
LOAD C:/ST/STM32CubeIDE_1.13.2/STM32CubeIDE/plugins/com.st.stm32cube.ide.mcu.externaltools.gnu-tools-for-stm32.11.3.rel1.win32_1.1.100.202309141235/tools/bin/../lib/gcc/arm-none-eabi/11.3.1/thumb/v7e-m+fp/hard/crtn.o
                0x0000000020020000                _estack = (ORIGIN (RAM) + LENGTH (RAM))
                0x0000000000000200                _Min_Heap_Size = 0x200
                0x0000000000000400                _Min_Stack_Size = 0x400

.isr_vector     0x0000000008000000      0x1c4
                0x0000000008000000                . = ALIGN (0x4)
 *(.isr_vector)
 .isr_vector    0x0000000008000000      0x1c4 ./Core/Startup/startup_stm32f446retx.o
                0x0000000008000000                g_pfnVectors
                0x00000000080001c4                . = ALIGN (0x4)

.text           0x00000000080001d0     0xe9a0
                0x00000000080001d0                . = ALIGN (0x4)
 *(.text)
 .text          0x00000000080001d0       0x40 C:/ST/STM32CubeIDE_1.13.2/STM32CubeIDE/plugins/com.st.stm32cube.ide.mcu.externaltools.gnu-tools-for-stm32.11.3.rel1.win32_1.1.100.202309141235/tools/bin/../lib/gcc/arm-none-eabi/11.3.1/thumb/v7e-m+fp/hard/crtbegin.o
 .text          0x0000000008000210       0xa0 C:/ST/STM32CubeIDE_1.13.2/STM32CubeIDE/plugins/com.st.stm32cube.ide.mcu.externaltools.gnu-tools-for-stm32.11.3.rel1.win32_1.1.100.202309141235/tools/bin/../lib/gcc/arm-none-eabi/11.3.1/../../../../arm-none-eabi/lib/thumb/v7e-m+fp/hard\libc_nano.a(libc_a-memchr.o)
                0x0000000008000210                memchr
 .text          0x00000000080002b0      0x378 C:/ST/STM32CubeIDE_1.13.2/STM32CubeIDE/plugins/com.st.stm32cube.ide.mcu.externaltools.gnu-tools-for-stm32.11.3.rel1.win32_1.1.100.202309141235/tools/bin/../lib/gcc/arm-none-eabi/11.3.1/thumb/v7e-m+fp/hard\libgcc.a(_arm_addsubdf3.o)
                0x00000000080002b0                __aeabi_drsub
                0x00000000080002b8                __aeabi_dsub
                0x00000000080002b8                __subdf3
                0x00000000080002bc                __aeabi_dadd
                0x00000000080002bc                __adddf3
                0x0000000008000534                __floatunsidf
                0x0000000008000534                __aeabi_ui2d
                0x0000000008000554                __floatsidf
                0x0000000008000554                __aeabi_i2d
                0x0000000008000578                __aeabi_f2d
                0x0000000008000578                __extendsfdf2
                0x00000000080005bc                __floatundidf
                0x00000000080005bc                __aeabi_ul2d
                0x00000000080005cc                __floatdidf
                0x00000000080005cc                __aeabi_l2d
 .text          0x0000000008000628      0x424 C:/ST/STM32CubeIDE_1.13.2/STM32CubeIDE/plugins/com.st.stm32cube.ide.mcu.externaltools.gnu-tools-for-stm32.11.3.rel1.win32_1.1.100.202309141235/tools/bin/../lib/gcc/arm-none-eabi/11.3.1/thumb/v7e-m+fp/hard\libgcc.a(_arm_muldivdf3.o)
                0x0000000008000628                __aeabi_dmul
                0x0000000008000628                __muldf3
                0x000000000800087c                __divdf3
                0x000000000800087c                __aeabi_ddiv
 .text          0x0000000008000a4c      0x110 C:/ST/STM32CubeIDE_1.13.2/STM32CubeIDE/plugins/com.st.stm32cube.ide.mcu.externaltools.gnu-tools-for-stm32.11.3.rel1.win32_1.1.100.202309141235/tools/bin/../lib/gcc/arm-none-eabi/11.3.1/thumb/v7e-m+fp/hard\libgcc.a(_arm_cmpdf2.o)
                0x0000000008000a4c                __gtdf2
                0x0000000008000a4c                __gedf2
                0x0000000008000a54                __ltdf2
                0x0000000008000a54                __ledf2
                0x0000000008000a5c                __nedf2
                0x0000000008000a5c                __eqdf2
                0x0000000008000a5c                __cmpdf2
                0x0000000008000ad8                __aeabi_cdrcmple
                0x0000000008000ae8                __aeabi_cdcmpeq
                0x0000000008000ae8                __aeabi_cdcmple
                0x0000000008000af8                __aeabi_dcmpeq
                0x0000000008000b0c                __aeabi_dcmplt
                0x0000000008000b20                __aeabi_dcmple
                0x0000000008000b34                __aeabi_dcmpge
                0x0000000008000b48                __aeabi_dcmpgt
 .text          0x0000000008000b5c       0x2c C:/ST/STM32CubeIDE_1.13.2/STM32CubeIDE/plugins/com.st.stm32cube.ide.mcu.externaltools.gnu-tools-for-stm32.11.3.rel1.win32_1.1.100.202309141235/tools/bin/../lib/gcc/arm-none-eabi/11.3.1/thumb/v7e-m+fp/hard\libgcc.a(_arm_unorddf2.o)
                0x0000000008000b5c                __unorddf2
                0x0000000008000b5c                __aeabi_dcmpun
 .text          0x0000000008000b88       0x40 C:/ST/STM32CubeIDE_1.13.2/STM32CubeIDE/plugins/com.st.stm32cube.ide.mcu.externaltools.gnu-tools-for-stm32.11.3.rel1.win32_1.1.100.202309141235/tools/bin/../lib/gcc/arm-none-eabi/11.3.1/thumb/v7e-m+fp/hard\libgcc.a(_arm_fixunsdfsi.o)
                0x0000000008000b88                __aeabi_d2uiz
                0x0000000008000b88                __fixunsdfsi
 .text          0x0000000008000bc8       0xa0 C:/ST/STM32CubeIDE_1.13.2/STM32CubeIDE/plugins/com.st.stm32cube.ide.mcu.externaltools.gnu-tools-for-stm32.11.3.rel1.win32_1.1.100.202309141235/tools/bin/../lib/gcc/arm-none-eabi/11.3.1/thumb/v7e-m+fp/hard\libgcc.a(_arm_truncdfsf2.o)
                0x0000000008000bc8                __truncdfsf2
                0x0000000008000bc8                __aeabi_d2f
 .text          0x0000000008000c68       0x30 C:/ST/STM32CubeIDE_1.13.2/STM32CubeIDE/plugins/com.st.stm32cube.ide.mcu.externaltools.gnu-tools-for-stm32.11.3.rel1.win32_1.1.100.202309141235/tools/bin/../lib/gcc/arm-none-eabi/11.3.1/thumb/v7e-m+fp/hard\libgcc.a(_aeabi_uldivmod.o)
                0x0000000008000c68                __aeabi_uldivmod
 .text          0x0000000008000c98      0x2c8 C:/ST/STM32CubeIDE_1.13.2/STM32CubeIDE/plugins/com.st.stm32cube.ide.mcu.externaltools.gnu-tools-for-stm32.11.3.rel1.win32_1.1.100.202309141235/tools/bin/../lib/gcc/arm-none-eabi/11.3.1/thumb/v7e-m+fp/hard\libgcc.a(_udivmoddi4.o)
                0x0000000008000c98                __udivmoddi4
 .text          0x0000000008000f60        0x4 C:/ST/STM32CubeIDE_1.13.2/STM32CubeIDE/plugins/com.st.stm32cube.ide.mcu.externaltools.gnu-tools-for-stm32.11.3.rel1.win32_1.1.100.202309141235/tools/bin/../lib/gcc/arm-none-eabi/11.3.1/thumb/v7e-m+fp/hard\libgcc.a(_dvmd_tls.o)
                0x0000000008000f60                __aeabi_idiv0
                0x0000000008000f60                __aeabi_ldiv0
 *(.text*)
 .text.MX_GPIO_Init
                0x0000000008000f64      0x13c ./Core/Src/gpio.o
                0x0000000008000f64                MX_GPIO_Init
 .text.HAL_GPIO_EXTI_Callback
                0x00000000080010a0       0x1c ./Core/Src/gpio.o
                0x00000000080010a0                HAL_GPIO_EXTI_Callback
 .text.MX_I2C1_Init
                0x00000000080010bc       0x5c ./Core/Src/i2c.o
                0x00000000080010bc                MX_I2C1_Init
 .text.HAL_I2C_MspInit
                0x0000000008001118       0x90 ./Core/Src/i2c.o
                0x0000000008001118                HAL_I2C_MspInit
 .text.main     0x00000000080011a8       0x48 ./Core/Src/main.o
                0x00000000080011a8                main
 .text.SystemClock_Config
                0x00000000080011f0       0xe4 ./Core/Src/main.o
                0x00000000080011f0                SystemClock_Config
 .text.HAL_TIM_PeriodElapsedCallback
                0x00000000080012d4       0x24 ./Core/Src/main.o
                0x00000000080012d4                HAL_TIM_PeriodElapsedCallback
 .text.Error_Handler
                0x00000000080012f8        0xa ./Core/Src/main.o
                0x00000000080012f8                Error_Handler
 *fill*         0x0000000008001302        0x2 
 .text.MX_SPI1_Init
                0x0000000008001304       0x6c ./Core/Src/spi.o
                0x0000000008001304                MX_SPI1_Init
 .text.MX_SPI2_Init
                0x0000000008001370       0x6c ./Core/Src/spi.o
                0x0000000008001370                MX_SPI2_Init
 .text.HAL_SPI_MspInit
                0x00000000080013dc      0x13c ./Core/Src/spi.o
                0x00000000080013dc                HAL_SPI_MspInit
 .text.HAL_MspInit
                0x0000000008001518       0x58 ./Core/Src/stm32f4xx_hal_msp.o
                0x0000000008001518                HAL_MspInit
 .text.HAL_InitTick
                0x0000000008001570       0xf8 ./Core/Src/stm32f4xx_hal_timebase_tim.o
                0x0000000008001570                HAL_InitTick
 .text.NMI_Handler
                0x0000000008001668        0x6 ./Core/Src/stm32f4xx_it.o
                0x0000000008001668                NMI_Handler
 .text.HardFault_Handler
                0x000000000800166e        0x6 ./Core/Src/stm32f4xx_it.o
                0x000000000800166e                HardFault_Handler
 .text.MemManage_Handler
                0x0000000008001674        0x6 ./Core/Src/stm32f4xx_it.o
                0x0000000008001674                MemManage_Handler
 .text.BusFault_Handler
                0x000000000800167a        0x6 ./Core/Src/stm32f4xx_it.o
                0x000000000800167a                BusFault_Handler
 .text.UsageFault_Handler
                0x0000000008001680        0x6 ./Core/Src/stm32f4xx_it.o
                0x0000000008001680                UsageFault_Handler
 .text.DebugMon_Handler
                0x0000000008001686        0xe ./Core/Src/stm32f4xx_it.o
                0x0000000008001686                DebugMon_Handler
 .text.EXTI1_IRQHandler
                0x0000000008001694        0xe ./Core/Src/stm32f4xx_it.o
                0x0000000008001694                EXTI1_IRQHandler
 *fill*         0x00000000080016a2        0x2 
 .text.TIM2_IRQHandler
                0x00000000080016a4       0x14 ./Core/Src/stm32f4xx_it.o
                0x00000000080016a4                TIM2_IRQHandler
 .text.USART3_IRQHandler
                0x00000000080016b8       0x14 ./Core/Src/stm32f4xx_it.o
                0x00000000080016b8                USART3_IRQHandler
 .text.TIM6_DAC_IRQHandler
                0x00000000080016cc       0x14 ./Core/Src/stm32f4xx_it.o
                0x00000000080016cc                TIM6_DAC_IRQHandler
 .text._sbrk    0x00000000080016e0       0x6c ./Core/Src/sysmem.o
                0x00000000080016e0                _sbrk
 .text.SystemInit
                0x000000000800174c       0x24 ./Core/Src/system_stm32f4xx.o
                0x000000000800174c                SystemInit
 .text.MX_TIM1_Init
                0x0000000008001770      0x11c ./Core/Src/tim.o
                0x0000000008001770                MX_TIM1_Init
 .text.MX_TIM2_Init
                0x000000000800188c       0xe8 ./Core/Src/tim.o
                0x000000000800188c                MX_TIM2_Init
 .text.MX_TIM3_Init
                0x0000000008001974       0xf8 ./Core/Src/tim.o
                0x0000000008001974                MX_TIM3_Init
 .text.MX_TIM4_Init
                0x0000000008001a6c       0xb0 ./Core/Src/tim.o
                0x0000000008001a6c                MX_TIM4_Init
 .text.MX_TIM12_Init
                0x0000000008001b1c       0x8c ./Core/Src/tim.o
                0x0000000008001b1c                MX_TIM12_Init
 .text.HAL_TIM_PWM_MspInit
                0x0000000008001ba8      0x114 ./Core/Src/tim.o
                0x0000000008001ba8                HAL_TIM_PWM_MspInit
 .text.HAL_TIM_IC_MspInit
                0x0000000008001cbc       0xdc ./Core/Src/tim.o
                0x0000000008001cbc                HAL_TIM_IC_MspInit
 .text.HAL_TIM_MspPostInit
                0x0000000008001d98      0x164 ./Core/Src/tim.o
                0x0000000008001d98                HAL_TIM_MspPostInit
 .text.MX_USART2_UART_Init
                0x0000000008001efc       0x54 ./Core/Src/usart.o
                0x0000000008001efc                MX_USART2_UART_Init
 .text.MX_USART3_UART_Init
                0x0000000008001f50       0x54 ./Core/Src/usart.o
                0x0000000008001f50                MX_USART3_UART_Init
 .text.HAL_UART_MspInit
                0x0000000008001fa4      0x10c ./Core/Src/usart.o
                0x0000000008001fa4                HAL_UART_MspInit
 .text.HAL_UART_RxCpltCallback
                0x00000000080020b0       0x24 ./Core/Src/usart.o
                0x00000000080020b0                HAL_UART_RxCpltCallback
 .text.Reset_Handler
                0x00000000080020d4       0x50 ./Core/Startup/startup_stm32f446retx.o
                0x00000000080020d4                Reset_Handler
 .text.Default_Handler
                0x0000000008002124        0x2 ./Core/Startup/startup_stm32f446retx.o
                0x0000000008002124                RTC_Alarm_IRQHandler
                0x0000000008002124                EXTI2_IRQHandler
                0x0000000008002124                TIM8_CC_IRQHandler
                0x0000000008002124                FMPI2C1_EV_IRQHandler
                0x0000000008002124                SPI4_IRQHandler
                0x0000000008002124                TIM1_CC_IRQHandler
                0x0000000008002124                DMA2_Stream5_IRQHandler
                0x0000000008002124                DMA1_Stream5_IRQHandler
                0x0000000008002124                PVD_IRQHandler
                0x0000000008002124                SDIO_IRQHandler
                0x0000000008002124                TAMP_STAMP_IRQHandler
                0x0000000008002124                CAN2_RX1_IRQHandler
                0x0000000008002124                EXTI3_IRQHandler
                0x0000000008002124                TIM8_TRG_COM_TIM14_IRQHandler
                0x0000000008002124                TIM1_UP_TIM10_IRQHandler
                0x0000000008002124                TIM8_UP_TIM13_IRQHandler
                0x0000000008002124                I2C3_ER_IRQHandler
                0x0000000008002124                EXTI0_IRQHandler
                0x0000000008002124                I2C2_EV_IRQHandler
                0x0000000008002124                DMA1_Stream2_IRQHandler
                0x0000000008002124                CAN1_RX0_IRQHandler
                0x0000000008002124                FPU_IRQHandler
                0x0000000008002124                OTG_HS_WKUP_IRQHandler
                0x0000000008002124                CAN2_SCE_IRQHandler
                0x0000000008002124                DMA2_Stream2_IRQHandler
                0x0000000008002124                SPI1_IRQHandler
                0x0000000008002124                TIM1_BRK_TIM9_IRQHandler
                0x0000000008002124                DCMI_IRQHandler
                0x0000000008002124                CAN2_RX0_IRQHandler
                0x0000000008002124                DMA2_Stream3_IRQHandler
                0x0000000008002124                SAI2_IRQHandler
                0x0000000008002124                USART6_IRQHandler
                0x0000000008002124                CAN1_RX1_IRQHandler
                0x0000000008002124                UART5_IRQHandler
                0x0000000008002124                DMA2_Stream0_IRQHandler
                0x0000000008002124                TIM4_IRQHandler
                0x0000000008002124                QUADSPI_IRQHandler
                0x0000000008002124                I2C1_EV_IRQHandler
                0x0000000008002124                DMA1_Stream6_IRQHandler
                0x0000000008002124                DMA1_Stream1_IRQHandler
                0x0000000008002124                UART4_IRQHandler
                0x0000000008002124                TIM3_IRQHandler
                0x0000000008002124                RCC_IRQHandler
                0x0000000008002124                TIM8_BRK_TIM12_IRQHandler
                0x0000000008002124                Default_Handler
                0x0000000008002124                CEC_IRQHandler
                0x0000000008002124                EXTI15_10_IRQHandler
                0x0000000008002124                ADC_IRQHandler
                0x0000000008002124                DMA1_Stream7_IRQHandler
                0x0000000008002124                TIM7_IRQHandler
                0x0000000008002124                CAN2_TX_IRQHandler
                0x0000000008002124                TIM5_IRQHandler
                0x0000000008002124                DMA2_Stream7_IRQHandler
                0x0000000008002124                I2C3_EV_IRQHandler
                0x0000000008002124                EXTI9_5_IRQHandler
                0x0000000008002124                RTC_WKUP_IRQHandler
                0x0000000008002124                SPDIF_RX_IRQHandler
                0x0000000008002124                SPI2_IRQHandler
                0x0000000008002124                OTG_HS_EP1_IN_IRQHandler
                0x0000000008002124                DMA1_Stream0_IRQHandler
                0x0000000008002124                CAN1_TX_IRQHandler
                0x0000000008002124                FMPI2C1_ER_IRQHandler
                0x0000000008002124                EXTI4_IRQHandler
                0x0000000008002124                OTG_HS_EP1_OUT_IRQHandler
                0x0000000008002124                WWDG_IRQHandler
                0x0000000008002124                OTG_FS_WKUP_IRQHandler
                0x0000000008002124                TIM1_TRG_COM_TIM11_IRQHandler
                0x0000000008002124                OTG_HS_IRQHandler
                0x0000000008002124                USART2_IRQHandler
                0x0000000008002124                I2C2_ER_IRQHandler
                0x0000000008002124                DMA2_Stream1_IRQHandler
                0x0000000008002124                CAN1_SCE_IRQHandler
                0x0000000008002124                FLASH_IRQHandler
                0x0000000008002124                DMA2_Stream4_IRQHandler
                0x0000000008002124                USART1_IRQHandler
                0x0000000008002124                OTG_FS_IRQHandler
                0x0000000008002124                SPI3_IRQHandler
                0x0000000008002124                DMA1_Stream4_IRQHandler
                0x0000000008002124                I2C1_ER_IRQHandler
                0x0000000008002124                FMC_IRQHandler
                0x0000000008002124                DMA2_Stream6_IRQHandler
                0x0000000008002124                SAI1_IRQHandler
                0x0000000008002124                DMA1_Stream3_IRQHandler
 *fill*         0x0000000008002126        0x2 
 .text.HAL_Init
                0x0000000008002128       0x44 ./Drivers/STM32F4xx_HAL_Driver/Src/stm32f4xx_hal.o
                0x0000000008002128                HAL_Init
 .text.HAL_IncTick
                0x000000000800216c       0x28 ./Drivers/STM32F4xx_HAL_Driver/Src/stm32f4xx_hal.o
                0x000000000800216c                HAL_IncTick
 .text.HAL_GetTick
                0x0000000008002194       0x18 ./Drivers/STM32F4xx_HAL_Driver/Src/stm32f4xx_hal.o
                0x0000000008002194                HAL_GetTick
 .text.HAL_Delay
                0x00000000080021ac       0x48 ./Drivers/STM32F4xx_HAL_Driver/Src/stm32f4xx_hal.o
                0x00000000080021ac                HAL_Delay
 .text.__NVIC_SetPriorityGrouping
                0x00000000080021f4       0x48 ./Drivers/STM32F4xx_HAL_Driver/Src/stm32f4xx_hal_cortex.o
 .text.__NVIC_GetPriorityGrouping
                0x000000000800223c       0x1c ./Drivers/STM32F4xx_HAL_Driver/Src/stm32f4xx_hal_cortex.o
 .text.__NVIC_EnableIRQ
                0x0000000008002258       0x3c ./Drivers/STM32F4xx_HAL_Driver/Src/stm32f4xx_hal_cortex.o
 .text.__NVIC_SetPriority
                0x0000000008002294       0x54 ./Drivers/STM32F4xx_HAL_Driver/Src/stm32f4xx_hal_cortex.o
 .text.NVIC_EncodePriority
                0x00000000080022e8       0x66 ./Drivers/STM32F4xx_HAL_Driver/Src/stm32f4xx_hal_cortex.o
 .text.HAL_NVIC_SetPriorityGrouping
                0x000000000800234e       0x16 ./Drivers/STM32F4xx_HAL_Driver/Src/stm32f4xx_hal_cortex.o
                0x000000000800234e                HAL_NVIC_SetPriorityGrouping
 .text.HAL_NVIC_SetPriority
                0x0000000008002364       0x38 ./Drivers/STM32F4xx_HAL_Driver/Src/stm32f4xx_hal_cortex.o
                0x0000000008002364                HAL_NVIC_SetPriority
 .text.HAL_NVIC_EnableIRQ
                0x000000000800239c       0x1c ./Drivers/STM32F4xx_HAL_Driver/Src/stm32f4xx_hal_cortex.o
                0x000000000800239c                HAL_NVIC_EnableIRQ
 .text.HAL_DMA_Abort
                0x00000000080023b8       0xe0 ./Drivers/STM32F4xx_HAL_Driver/Src/stm32f4xx_hal_dma.o
                0x00000000080023b8                HAL_DMA_Abort
 .text.HAL_DMA_Abort_IT
                0x0000000008002498       0x44 ./Drivers/STM32F4xx_HAL_Driver/Src/stm32f4xx_hal_dma.o
                0x0000000008002498                HAL_DMA_Abort_IT
 .text.HAL_GPIO_Init
                0x00000000080024dc      0x328 ./Drivers/STM32F4xx_HAL_Driver/Src/stm32f4xx_hal_gpio.o
                0x00000000080024dc                HAL_GPIO_Init
 .text.HAL_GPIO_ReadPin
                0x0000000008002804       0x30 ./Drivers/STM32F4xx_HAL_Driver/Src/stm32f4xx_hal_gpio.o
                0x0000000008002804                HAL_GPIO_ReadPin
 .text.HAL_GPIO_WritePin
                0x0000000008002834       0x32 ./Drivers/STM32F4xx_HAL_Driver/Src/stm32f4xx_hal_gpio.o
                0x0000000008002834                HAL_GPIO_WritePin
 *fill*         0x0000000008002866        0x2 
 .text.HAL_GPIO_EXTI_IRQHandler
                0x0000000008002868       0x30 ./Drivers/STM32F4xx_HAL_Driver/Src/stm32f4xx_hal_gpio.o
                0x0000000008002868                HAL_GPIO_EXTI_IRQHandler
 .text.HAL_I2C_Init
                0x0000000008002898      0x288 ./Drivers/STM32F4xx_HAL_Driver/Src/stm32f4xx_hal_i2c.o
                0x0000000008002898                HAL_I2C_Init
 .text.HAL_I2C_Mem_Read
                0x0000000008002b20      0x464 ./Drivers/STM32F4xx_HAL_Driver/Src/stm32f4xx_hal_i2c.o
                0x0000000008002b20                HAL_I2C_Mem_Read
 .text.HAL_I2C_IsDeviceReady
                0x0000000008002f84      0x25c ./Drivers/STM32F4xx_HAL_Driver/Src/stm32f4xx_hal_i2c.o
                0x0000000008002f84                HAL_I2C_IsDeviceReady
 .text.I2C_RequestMemoryRead
                0x00000000080031e0      0x1d0 ./Drivers/STM32F4xx_HAL_Driver/Src/stm32f4xx_hal_i2c.o
 .text.I2C_WaitOnFlagUntilTimeout
                0x00000000080033b0       0xf4 ./Drivers/STM32F4xx_HAL_Driver/Src/stm32f4xx_hal_i2c.o
 .text.I2C_WaitOnMasterAddressFlagUntilTimeout
                0x00000000080034a4      0x140 ./Drivers/STM32F4xx_HAL_Driver/Src/stm32f4xx_hal_i2c.o
 .text.I2C_WaitOnTXEFlagUntilTimeout
                0x00000000080035e4       0x90 ./Drivers/STM32F4xx_HAL_Driver/Src/stm32f4xx_hal_i2c.o
 .text.I2C_WaitOnRXNEFlagUntilTimeout
                0x0000000008003674       0xba ./Drivers/STM32F4xx_HAL_Driver/Src/stm32f4xx_hal_i2c.o
 .text.I2C_IsAcknowledgeFailed
                0x000000000800372e       0x5e ./Drivers/STM32F4xx_HAL_Driver/Src/stm32f4xx_hal_i2c.o
 .text.HAL_PWREx_EnableOverDrive
                0x000000000800378c       0xa0 ./Drivers/STM32F4xx_HAL_Driver/Src/stm32f4xx_hal_pwr_ex.o
                0x000000000800378c                HAL_PWREx_EnableOverDrive
 .text.HAL_RCC_ClockConfig
                0x000000000800382c      0x1cc ./Drivers/STM32F4xx_HAL_Driver/Src/stm32f4xx_hal_rcc.o
                0x000000000800382c                HAL_RCC_ClockConfig
 .text.HAL_RCC_GetHCLKFreq
                0x00000000080039f8       0x18 ./Drivers/STM32F4xx_HAL_Driver/Src/stm32f4xx_hal_rcc.o
                0x00000000080039f8                HAL_RCC_GetHCLKFreq
 .text.HAL_RCC_GetPCLK1Freq
                0x0000000008003a10       0x28 ./Drivers/STM32F4xx_HAL_Driver/Src/stm32f4xx_hal_rcc.o
                0x0000000008003a10                HAL_RCC_GetPCLK1Freq
 .text.HAL_RCC_GetPCLK2Freq
                0x0000000008003a38       0x28 ./Drivers/STM32F4xx_HAL_Driver/Src/stm32f4xx_hal_rcc.o
                0x0000000008003a38                HAL_RCC_GetPCLK2Freq
 .text.HAL_RCC_GetClockConfig
                0x0000000008003a60       0x64 ./Drivers/STM32F4xx_HAL_Driver/Src/stm32f4xx_hal_rcc.o
                0x0000000008003a60                HAL_RCC_GetClockConfig
 .text.HAL_RCC_GetSysClockFreq
                0x0000000008003ac4      0x460 ./Drivers/STM32F4xx_HAL_Driver/Src/stm32f4xx_hal_rcc_ex.o
                0x0000000008003ac4                HAL_RCC_GetSysClockFreq
 .text.HAL_RCC_OscConfig
                0x0000000008003f24      0x53c ./Drivers/STM32F4xx_HAL_Driver/Src/stm32f4xx_hal_rcc_ex.o
                0x0000000008003f24                HAL_RCC_OscConfig
 .text.HAL_SPI_Init
                0x0000000008004460      0x112 ./Drivers/STM32F4xx_HAL_Driver/Src/stm32f4xx_hal_spi.o
                0x0000000008004460                HAL_SPI_Init
 .text.HAL_SPI_Transmit
                0x0000000008004572      0x286 ./Drivers/STM32F4xx_HAL_Driver/Src/stm32f4xx_hal_spi.o
                0x0000000008004572                HAL_SPI_Transmit
 .text.HAL_SPI_TransmitReceive
                0x00000000080047f8      0x360 ./Drivers/STM32F4xx_HAL_Driver/Src/stm32f4xx_hal_spi.o
                0x00000000080047f8                HAL_SPI_TransmitReceive
 .text.HAL_SPI_GetState
                0x0000000008004b58       0x1c ./Drivers/STM32F4xx_HAL_Driver/Src/stm32f4xx_hal_spi.o
                0x0000000008004b58                HAL_SPI_GetState
 .text.SPI_WaitFlagStateUntilTimeout
                0x0000000008004b74      0x110 ./Drivers/STM32F4xx_HAL_Driver/Src/stm32f4xx_hal_spi.o
 .text.SPI_EndRxTxTransaction
                0x0000000008004c84       0xa8 ./Drivers/STM32F4xx_HAL_Driver/Src/stm32f4xx_hal_spi.o
 .text.HAL_TIM_Base_Init
                0x0000000008004d2c       0x9e ./Drivers/STM32F4xx_HAL_Driver/Src/stm32f4xx_hal_tim.o
                0x0000000008004d2c                HAL_TIM_Base_Init
 .text.HAL_TIM_Base_MspInit
                0x0000000008004dca       0x14 ./Drivers/STM32F4xx_HAL_Driver/Src/stm32f4xx_hal_tim.o
                0x0000000008004dca                HAL_TIM_Base_MspInit
 *fill*         0x0000000008004dde        0x2 
 .text.HAL_TIM_Base_Start_IT
                0x0000000008004de0       0xe0 ./Drivers/STM32F4xx_HAL_Driver/Src/stm32f4xx_hal_tim.o
                0x0000000008004de0                HAL_TIM_Base_Start_IT
 .text.HAL_TIM_PWM_Init
                0x0000000008004ec0       0x9e ./Drivers/STM32F4xx_HAL_Driver/Src/stm32f4xx_hal_tim.o
                0x0000000008004ec0                HAL_TIM_PWM_Init
 *fill*         0x0000000008004f5e        0x2 
 .text.HAL_TIM_PWM_Start
                0x0000000008004f60      0x190 ./Drivers/STM32F4xx_HAL_Driver/Src/stm32f4xx_hal_tim.o
                0x0000000008004f60                HAL_TIM_PWM_Start
 .text.HAL_TIM_IC_Init
                0x00000000080050f0       0x9e ./Drivers/STM32F4xx_HAL_Driver/Src/stm32f4xx_hal_tim.o
                0x00000000080050f0                HAL_TIM_IC_Init
 *fill*         0x000000000800518e        0x2 
 .text.HAL_TIM_IC_Start_IT
                0x0000000008005190      0x250 ./Drivers/STM32F4xx_HAL_Driver/Src/stm32f4xx_hal_tim.o
                0x0000000008005190                HAL_TIM_IC_Start_IT
 .text.HAL_TIM_IRQHandler
                0x00000000080053e0      0x1e0 ./Drivers/STM32F4xx_HAL_Driver/Src/stm32f4xx_hal_tim.o
                0x00000000080053e0                HAL_TIM_IRQHandler
 .text.HAL_TIM_IC_ConfigChannel
                0x00000000080055c0      0x138 ./Drivers/STM32F4xx_HAL_Driver/Src/stm32f4xx_hal_tim.o
                0x00000000080055c0                HAL_TIM_IC_ConfigChannel
 .text.HAL_TIM_PWM_ConfigChannel
                0x00000000080056f8      0x184 ./Drivers/STM32F4xx_HAL_Driver/Src/stm32f4xx_hal_tim.o
                0x00000000080056f8                HAL_TIM_PWM_ConfigChannel
 .text.HAL_TIM_ReadCapturedValue
                0x000000000800587c       0x88 ./Drivers/STM32F4xx_HAL_Driver/Src/stm32f4xx_hal_tim.o
                0x000000000800587c                HAL_TIM_ReadCapturedValue
 .text.HAL_TIM_OC_DelayElapsedCallback
                0x0000000008005904       0x14 ./Drivers/STM32F4xx_HAL_Driver/Src/stm32f4xx_hal_tim.o
                0x0000000008005904                HAL_TIM_OC_DelayElapsedCallback
 .text.HAL_TIM_PWM_PulseFinishedCallback
                0x0000000008005918       0x14 ./Drivers/STM32F4xx_HAL_Driver/Src/stm32f4xx_hal_tim.o
                0x0000000008005918                HAL_TIM_PWM_PulseFinishedCallback
 .text.HAL_TIM_TriggerCallback
                0x000000000800592c       0x14 ./Drivers/STM32F4xx_HAL_Driver/Src/stm32f4xx_hal_tim.o
                0x000000000800592c                HAL_TIM_TriggerCallback
 .text.TIM_Base_SetConfig
                0x0000000008005940      0x158 ./Drivers/STM32F4xx_HAL_Driver/Src/stm32f4xx_hal_tim.o
                0x0000000008005940                TIM_Base_SetConfig
 .text.TIM_OC1_SetConfig
                0x0000000008005a98       0xe0 ./Drivers/STM32F4xx_HAL_Driver/Src/stm32f4xx_hal_tim.o
 .text.TIM_OC2_SetConfig
                0x0000000008005b78       0xec ./Drivers/STM32F4xx_HAL_Driver/Src/stm32f4xx_hal_tim.o
                0x0000000008005b78                TIM_OC2_SetConfig
 .text.TIM_OC3_SetConfig
                0x0000000008005c64       0xe8 ./Drivers/STM32F4xx_HAL_Driver/Src/stm32f4xx_hal_tim.o
 .text.TIM_OC4_SetConfig
                0x0000000008005d4c       0xac ./Drivers/STM32F4xx_HAL_Driver/Src/stm32f4xx_hal_tim.o
 .text.TIM_TI1_SetConfig
                0x0000000008005df8       0xe8 ./Drivers/STM32F4xx_HAL_Driver/Src/stm32f4xx_hal_tim.o
                0x0000000008005df8                TIM_TI1_SetConfig
 .text.TIM_TI2_SetConfig
                0x0000000008005ee0       0x7a ./Drivers/STM32F4xx_HAL_Driver/Src/stm32f4xx_hal_tim.o
 .text.TIM_TI3_SetConfig
                0x0000000008005f5a       0x78 ./Drivers/STM32F4xx_HAL_Driver/Src/stm32f4xx_hal_tim.o
 .text.TIM_TI4_SetConfig
                0x0000000008005fd2       0x7a ./Drivers/STM32F4xx_HAL_Driver/Src/stm32f4xx_hal_tim.o
 .text.TIM_CCxChannelCmd
                0x000000000800604c       0x4a ./Drivers/STM32F4xx_HAL_Driver/Src/stm32f4xx_hal_tim.o
                0x000000000800604c                TIM_CCxChannelCmd
 *fill*         0x0000000008006096        0x2 
 .text.HAL_TIMEx_MasterConfigSynchronization
                0x0000000008006098       0xf8 ./Drivers/STM32F4xx_HAL_Driver/Src/stm32f4xx_hal_tim_ex.o
                0x0000000008006098                HAL_TIMEx_MasterConfigSynchronization
 .text.HAL_TIMEx_ConfigBreakDeadTime
                0x0000000008006190       0xa4 ./Drivers/STM32F4xx_HAL_Driver/Src/stm32f4xx_hal_tim_ex.o
                0x0000000008006190                HAL_TIMEx_ConfigBreakDeadTime
 .text.HAL_TIMEx_CommutCallback
                0x0000000008006234       0x14 ./Drivers/STM32F4xx_HAL_Driver/Src/stm32f4xx_hal_tim_ex.o
                0x0000000008006234                HAL_TIMEx_CommutCallback
 .text.HAL_TIMEx_BreakCallback
                0x0000000008006248       0x14 ./Drivers/STM32F4xx_HAL_Driver/Src/stm32f4xx_hal_tim_ex.o
                0x0000000008006248                HAL_TIMEx_BreakCallback
 .text.HAL_UART_Init
                0x000000000800625c       0xa0 ./Drivers/STM32F4xx_HAL_Driver/Src/stm32f4xx_hal_uart.o
                0x000000000800625c                HAL_UART_Init
 .text.HAL_UART_Receive_IT
                0x00000000080062fc       0x4a ./Drivers/STM32F4xx_HAL_Driver/Src/stm32f4xx_hal_uart.o
                0x00000000080062fc                HAL_UART_Receive_IT
 *fill*         0x0000000008006346        0x2 
 .text.HAL_UART_IRQHandler
                0x0000000008006348      0x524 ./Drivers/STM32F4xx_HAL_Driver/Src/stm32f4xx_hal_uart.o
                0x0000000008006348                HAL_UART_IRQHandler
 .text.HAL_UART_TxCpltCallback
                0x000000000800686c       0x14 ./Drivers/STM32F4xx_HAL_Driver/Src/stm32f4xx_hal_uart.o
                0x000000000800686c                HAL_UART_TxCpltCallback
 .text.HAL_UART_ErrorCallback
                0x0000000008006880       0x14 ./Drivers/STM32F4xx_HAL_Driver/Src/stm32f4xx_hal_uart.o
                0x0000000008006880                HAL_UART_ErrorCallback
 .text.HAL_UARTEx_RxEventCallback
                0x0000000008006894       0x18 ./Drivers/STM32F4xx_HAL_Driver/Src/stm32f4xx_hal_uart.o
                0x0000000008006894                HAL_UARTEx_RxEventCallback
 .text.UART_Start_Receive_IT
                0x00000000080068ac       0x74 ./Drivers/STM32F4xx_HAL_Driver/Src/stm32f4xx_hal_uart.o
                0x00000000080068ac                UART_Start_Receive_IT
 .text.UART_EndRxTransfer
                0x0000000008006920       0xc6 ./Drivers/STM32F4xx_HAL_Driver/Src/stm32f4xx_hal_uart.o
 .text.UART_DMAAbortOnError
                0x00000000080069e6       0x28 ./Drivers/STM32F4xx_HAL_Driver/Src/stm32f4xx_hal_uart.o
 .text.UART_Transmit_IT
                0x0000000008006a0e       0xa0 ./Drivers/STM32F4xx_HAL_Driver/Src/stm32f4xx_hal_uart.o
 .text.UART_EndTransmit_IT
                0x0000000008006aae       0x30 ./Drivers/STM32F4xx_HAL_Driver/Src/stm32f4xx_hal_uart.o
 .text.UART_Receive_IT
                0x0000000008006ade      0x17c ./Drivers/STM32F4xx_HAL_Driver/Src/stm32f4xx_hal_uart.o
 *fill*         0x0000000008006c5a        0x2 
 .text.UART_SetConfig
                0x0000000008006c5c      0x4e8 ./Drivers/STM32F4xx_HAL_Driver/Src/stm32f4xx_hal_uart.o
 .text.SysTick_Handler
                0x0000000008007144       0x20 ./Middlewares/Third_Party/FreeRTOS/Source/CMSIS_RTOS_V2/cmsis_os2.o
                0x0000000008007144                SysTick_Handler
 .text.osKernelInitialize
                0x0000000008007164       0x48 ./Middlewares/Third_Party/FreeRTOS/Source/CMSIS_RTOS_V2/cmsis_os2.o
                0x0000000008007164                osKernelInitialize
 .text.vApplicationGetIdleTaskMemory
                0x00000000080071ac       0x34 ./Middlewares/Third_Party/FreeRTOS/Source/CMSIS_RTOS_V2/cmsis_os2.o
                0x00000000080071ac                vApplicationGetIdleTaskMemory
 .text.vApplicationGetTimerTaskMemory
                0x00000000080071e0       0x34 ./Middlewares/Third_Party/FreeRTOS/Source/CMSIS_RTOS_V2/cmsis_os2.o
                0x00000000080071e0                vApplicationGetTimerTaskMemory
 .text.vListInitialise
                0x0000000008007214       0x40 ./Middlewares/Third_Party/FreeRTOS/Source/list.o
                0x0000000008007214                vListInitialise
 .text.vListInitialiseItem
                0x0000000008007254       0x1a ./Middlewares/Third_Party/FreeRTOS/Source/list.o
                0x0000000008007254                vListInitialiseItem
 .text.vListInsertEnd
                0x000000000800726e       0x48 ./Middlewares/Third_Party/FreeRTOS/Source/list.o
                0x000000000800726e                vListInsertEnd
 .text.vListInsert
                0x00000000080072b6       0x72 ./Middlewares/Third_Party/FreeRTOS/Source/list.o
                0x00000000080072b6                vListInsert
 .text.uxListRemove
                0x0000000008007328       0x54 ./Middlewares/Third_Party/FreeRTOS/Source/list.o
                0x0000000008007328                uxListRemove
 .text.xQueueGenericReset
                0x000000000800737c       0xd0 ./Middlewares/Third_Party/FreeRTOS/Source/queue.o
                0x000000000800737c                xQueueGenericReset
 .text.xQueueGenericCreateStatic
                0x000000000800744c       0xf0 ./Middlewares/Third_Party/FreeRTOS/Source/queue.o
                0x000000000800744c                xQueueGenericCreateStatic
 .text.xQueueGenericCreate
                0x000000000800753c       0x74 ./Middlewares/Third_Party/FreeRTOS/Source/queue.o
                0x000000000800753c                xQueueGenericCreate
 .text.prvInitialiseNewQueue
                0x00000000080075b0       0x46 ./Middlewares/Third_Party/FreeRTOS/Source/queue.o
 *fill*         0x00000000080075f6        0x2 
 .text.xQueueGenericSend
                0x00000000080075f8      0x1fc ./Middlewares/Third_Party/FreeRTOS/Source/queue.o
                0x00000000080075f8                xQueueGenericSend
 .text.xQueueGenericSendFromISR
                0x00000000080077f4      0x136 ./Middlewares/Third_Party/FreeRTOS/Source/queue.o
                0x00000000080077f4                xQueueGenericSendFromISR
 *fill*         0x000000000800792a        0x2 
 .text.xQueueReceive
                0x000000000800792c      0x1c0 ./Middlewares/Third_Party/FreeRTOS/Source/queue.o
                0x000000000800792c                xQueueReceive
 .text.prvCopyDataToQueue
                0x0000000008007aec       0xd4 ./Middlewares/Third_Party/FreeRTOS/Source/queue.o
 .text.prvCopyDataFromQueue
                0x0000000008007bc0       0x4c ./Middlewares/Third_Party/FreeRTOS/Source/queue.o
 .text.prvUnlockQueue
                0x0000000008007c0c       0xa4 ./Middlewares/Third_Party/FreeRTOS/Source/queue.o
 .text.prvIsQueueEmpty
                0x0000000008007cb0       0x2c ./Middlewares/Third_Party/FreeRTOS/Source/queue.o
 .text.prvIsQueueFull
                0x0000000008007cdc       0x30 ./Middlewares/Third_Party/FreeRTOS/Source/queue.o
 .text.vQueueAddToRegistry
                0x0000000008007d0c       0x54 ./Middlewares/Third_Party/FreeRTOS/Source/queue.o
                0x0000000008007d0c                vQueueAddToRegistry
 .text.vQueueWaitForMessageRestricted
                0x0000000008007d60       0x68 ./Middlewares/Third_Party/FreeRTOS/Source/queue.o
                0x0000000008007d60                vQueueWaitForMessageRestricted
 .text.xTaskCreateStatic
                0x0000000008007dc8       0xba ./Middlewares/Third_Party/FreeRTOS/Source/tasks.o
                0x0000000008007dc8                xTaskCreateStatic
 .text.xTaskCreate
                0x0000000008007e82       0x8a ./Middlewares/Third_Party/FreeRTOS/Source/tasks.o
                0x0000000008007e82                xTaskCreate
 .text.prvInitialiseNewTask
                0x0000000008007f0c      0x14c ./Middlewares/Third_Party/FreeRTOS/Source/tasks.o
 .text.prvAddNewTaskToReadyList
                0x0000000008008058       0xe0 ./Middlewares/Third_Party/FreeRTOS/Source/tasks.o
 .text.vTaskDelayUntil
                0x0000000008008138       0xfc ./Middlewares/Third_Party/FreeRTOS/Source/tasks.o
                0x0000000008008138                vTaskDelayUntil
 .text.vTaskStartScheduler
                0x0000000008008234       0xe0 ./Middlewares/Third_Party/FreeRTOS/Source/tasks.o
                0x0000000008008234                vTaskStartScheduler
 .text.vTaskSuspendAll
                0x0000000008008314       0x1c ./Middlewares/Third_Party/FreeRTOS/Source/tasks.o
                0x0000000008008314                vTaskSuspendAll
 .text.xTaskResumeAll
                0x0000000008008330      0x13c ./Middlewares/Third_Party/FreeRTOS/Source/tasks.o
                0x0000000008008330                xTaskResumeAll
 .text.xTaskGetTickCount
                0x000000000800846c       0x20 ./Middlewares/Third_Party/FreeRTOS/Source/tasks.o
                0x000000000800846c                xTaskGetTickCount
 .text.xTaskIncrementTick
                0x000000000800848c      0x174 ./Middlewares/Third_Party/FreeRTOS/Source/tasks.o
                0x000000000800848c                xTaskIncrementTick
 .text.vTaskSwitchContext
                0x0000000008008600       0xc8 ./Middlewares/Third_Party/FreeRTOS/Source/tasks.o
                0x0000000008008600                vTaskSwitchContext
 .text.vTaskPlaceOnEventList
                0x00000000080086c8       0x48 ./Middlewares/Third_Party/FreeRTOS/Source/tasks.o
                0x00000000080086c8                vTaskPlaceOnEventList
 .text.vTaskPlaceOnEventListRestricted
                0x0000000008008710       0x58 ./Middlewares/Third_Party/FreeRTOS/Source/tasks.o
                0x0000000008008710                vTaskPlaceOnEventListRestricted
 .text.xTaskRemoveFromEventList
                0x0000000008008768       0xc8 ./Middlewares/Third_Party/FreeRTOS/Source/tasks.o
                0x0000000008008768                xTaskRemoveFromEventList
 .text.vTaskInternalSetTimeOutState
                0x0000000008008830       0x2c ./Middlewares/Third_Party/FreeRTOS/Source/tasks.o
                0x0000000008008830                vTaskInternalSetTimeOutState
 .text.xTaskCheckForTimeOut
                0x000000000800885c       0xc4 ./Middlewares/Third_Party/FreeRTOS/Source/tasks.o
                0x000000000800885c                xTaskCheckForTimeOut
 .text.vTaskMissedYield
                0x0000000008008920       0x18 ./Middlewares/Third_Party/FreeRTOS/Source/tasks.o
                0x0000000008008920                vTaskMissedYield
 .text.prvIdleTask
                0x0000000008008938       0x30 ./Middlewares/Third_Party/FreeRTOS/Source/tasks.o
 .text.prvInitialiseTaskLists
                0x0000000008008968       0x80 ./Middlewares/Third_Party/FreeRTOS/Source/tasks.o
 .text.prvCheckTasksWaitingTermination
                0x00000000080089e8       0x5c ./Middlewares/Third_Party/FreeRTOS/Source/tasks.o
 .text.prvDeleteTCB
                0x0000000008008a44       0x68 ./Middlewares/Third_Party/FreeRTOS/Source/tasks.o
 .text.prvResetNextTaskUnblockTime
                0x0000000008008aac       0x40 ./Middlewares/Third_Party/FreeRTOS/Source/tasks.o
 .text.xTaskGetSchedulerState
                0x0000000008008aec       0x3c ./Middlewares/Third_Party/FreeRTOS/Source/tasks.o
                0x0000000008008aec                xTaskGetSchedulerState
 .text.xTaskPriorityDisinherit
                0x0000000008008b28       0xdc ./Middlewares/Third_Party/FreeRTOS/Source/tasks.o
                0x0000000008008b28                xTaskPriorityDisinherit
 .text.prvAddCurrentTaskToDelayedList
                0x0000000008008c04       0xa8 ./Middlewares/Third_Party/FreeRTOS/Source/tasks.o
 .text.xTimerCreateTimerTask
                0x0000000008008cac       0x90 ./Middlewares/Third_Party/FreeRTOS/Source/timers.o
                0x0000000008008cac                xTimerCreateTimerTask
 .text.xTimerGenericCommand
                0x0000000008008d3c       0x9c ./Middlewares/Third_Party/FreeRTOS/Source/timers.o
                0x0000000008008d3c                xTimerGenericCommand
 .text.prvProcessExpiredTimer
                0x0000000008008dd8       0x98 ./Middlewares/Third_Party/FreeRTOS/Source/timers.o
 .text.prvTimerTask
                0x0000000008008e70       0x24 ./Middlewares/Third_Party/FreeRTOS/Source/timers.o
 .text.prvProcessTimerOrBlockTask
                0x0000000008008e94       0x9c ./Middlewares/Third_Party/FreeRTOS/Source/timers.o
 .text.prvGetNextExpireTime
                0x0000000008008f30       0x48 ./Middlewares/Third_Party/FreeRTOS/Source/timers.o
 .text.prvSampleTimeNow
                0x0000000008008f78       0x40 ./Middlewares/Third_Party/FreeRTOS/Source/timers.o
 .text.prvInsertTimerInActiveList
                0x0000000008008fb8       0x84 ./Middlewares/Third_Party/FreeRTOS/Source/timers.o
 .text.prvProcessReceivedCommands
                0x000000000800903c      0x1c4 ./Middlewares/Third_Party/FreeRTOS/Source/timers.o
 .text.prvSwitchTimerLists
                0x0000000008009200       0xc8 ./Middlewares/Third_Party/FreeRTOS/Source/timers.o
 .text.prvCheckForValidListAndQueue
                0x00000000080092c8       0x80 ./Middlewares/Third_Party/FreeRTOS/Source/timers.o
 .text.pxPortInitialiseStack
                0x0000000008009348       0x68 ./Middlewares/Third_Party/FreeRTOS/Source/portable/GCC/ARM_CM4F/port.o
                0x0000000008009348                pxPortInitialiseStack
 .text.prvTaskExitError
                0x00000000080093b0       0x58 ./Middlewares/Third_Party/FreeRTOS/Source/portable/GCC/ARM_CM4F/port.o
 *fill*         0x0000000008009408        0x8 
 .text.SVC_Handler
                0x0000000008009410       0x28 ./Middlewares/Third_Party/FreeRTOS/Source/portable/GCC/ARM_CM4F/port.o
                0x0000000008009410                SVC_Handler
 .text.prvPortStartFirstTask
                0x0000000008009438       0x28 ./Middlewares/Third_Party/FreeRTOS/Source/portable/GCC/ARM_CM4F/port.o
 .text.xPortStartScheduler
                0x0000000008009460      0x144 ./Middlewares/Third_Party/FreeRTOS/Source/portable/GCC/ARM_CM4F/port.o
                0x0000000008009460                xPortStartScheduler
 .text.vPortEnterCritical
                0x00000000080095a4       0x60 ./Middlewares/Third_Party/FreeRTOS/Source/portable/GCC/ARM_CM4F/port.o
                0x00000000080095a4                vPortEnterCritical
 .text.vPortExitCritical
                0x0000000008009604       0x54 ./Middlewares/Third_Party/FreeRTOS/Source/portable/GCC/ARM_CM4F/port.o
                0x0000000008009604                vPortExitCritical
 *fill*         0x0000000008009658        0x8 
 .text.PendSV_Handler
                0x0000000008009660       0x68 ./Middlewares/Third_Party/FreeRTOS/Source/portable/GCC/ARM_CM4F/port.o
                0x0000000008009660                PendSV_Handler
 .text.xPortSysTickHandler
                0x00000000080096c8       0x44 ./Middlewares/Third_Party/FreeRTOS/Source/portable/GCC/ARM_CM4F/port.o
                0x00000000080096c8                xPortSysTickHandler
 .text.vPortSetupTimerInterrupt
                0x000000000800970c       0x48 ./Middlewares/Third_Party/FreeRTOS/Source/portable/GCC/ARM_CM4F/port.o
                0x000000000800970c                vPortSetupTimerInterrupt
 .text.vPortEnableVFP
                0x0000000008009754       0x14 ./Middlewares/Third_Party/FreeRTOS/Source/portable/GCC/ARM_CM4F/port.o
 .text.vPortValidateInterruptPriority
                0x0000000008009768       0x80 ./Middlewares/Third_Party/FreeRTOS/Source/portable/GCC/ARM_CM4F/port.o
                0x0000000008009768                vPortValidateInterruptPriority
 .text.pvPortMalloc
                0x00000000080097e8      0x198 ./Middlewares/Third_Party/FreeRTOS/Source/portable/MemMang/heap_4.o
                0x00000000080097e8                pvPortMalloc
 .text.vPortFree
                0x0000000008009980       0xc4 ./Middlewares/Third_Party/FreeRTOS/Source/portable/MemMang/heap_4.o
                0x0000000008009980                vPortFree
 .text.prvHeapInit
                0x0000000008009a44       0xc4 ./Middlewares/Third_Party/FreeRTOS/Source/portable/MemMang/heap_4.o
 .text.prvInsertBlockIntoFreeList
                0x0000000008009b08       0xb4 ./Middlewares/Third_Party/FreeRTOS/Source/portable/MemMang/heap_4.o
 .text.databaseQueueInit
                0x0000000008009bbc       0x30 ./UGV/Database/database.o
                0x0000000008009bbc                databaseQueueInit
 .text.GPS_Init
                0x0000000008009bec       0x38 ./UGV/Drivers/GPS/gps.o
                0x0000000008009bec                GPS_Init
 .text.GPS_Callback
                0x0000000008009c24       0x60 ./UGV/Drivers/GPS/gps.o
                0x0000000008009c24                GPS_Callback
 .text.GPS_Parse
                0x0000000008009c84      0x13c ./UGV/Drivers/GPS/gps.o
                0x0000000008009c84                GPS_Parse
 .text.GPS_GPRMC_Parse
                0x0000000008009dc0      0xa28 ./UGV/Drivers/GPS/gps.o
                0x0000000008009dc0                GPS_GPRMC_Parse
 .text.GPS_GPGGA_Parse
                0x000000000800a7e8      0x3fc ./UGV/Drivers/GPS/gps.o
                0x000000000800a7e8                GPS_GPGGA_Parse
 *fill*         0x000000000800abe4        0x4 
 .text.GPS_GPVTG_Parse
                0x000000000800abe8      0x3a0 ./UGV/Drivers/GPS/gps.o
                0x000000000800abe8                GPS_GPVTG_Parse
 .text.GPS_CheckSumControl
                0x000000000800af88       0x74 ./UGV/Drivers/GPS/gps.o
                0x000000000800af88                GPS_CheckSumControl
 .text.UGV_motorInit
                0x000000000800affc       0xb0 ./UGV/Drivers/MotorDriver/MotorDrive.o
                0x000000000800affc                UGV_motorInit
 .text.UGV_motorDrive
                0x000000000800b0ac       0x74 ./UGV/Drivers/MotorDriver/MotorDrive.o
                0x000000000800b0ac                UGV_motorDrive
 .text.motorUpDown
                0x000000000800b120      0x1ec ./UGV/Drivers/MotorDriver/MotorDrive.o
 .text.motorRightLeft
                0x000000000800b30c      0x63c ./UGV/Drivers/MotorDriver/MotorDrive.o
 .text.PIDController_Init
                0x000000000800b948       0x3c ./UGV/Drivers/PID/pid.o
                0x000000000800b948                PIDController_Init
 .text.kalman1_filter
                0x000000000800b984       0xfa ./UGV/Drivers/QMC/Kalman/kalman_filter.o
                0x000000000800b984                kalman1_filter
 *fill*         0x000000000800ba7e        0x2 
 .text.UGV_isDataReady
                0x000000000800ba80       0x3c ./UGV/Drivers/QMC/QMC5883/qmc5883.o
                0x000000000800ba80                UGV_isDataReady
 .text.UGV_getPositionAdc
                0x000000000800babc      0x1dc ./UGV/Drivers/QMC/QMC5883/qmc5883.o
 .text.UGV_getAzimuth
                0x000000000800bc98       0xd4 ./UGV/Drivers/QMC/QMC5883/qmc5883.o
                0x000000000800bc98                UGV_getAzimuth
 .text.UGV_rcReceiverInit
                0x000000000800bd6c       0x50 ./UGV/Drivers/RC/rcReceiver.o
                0x000000000800bd6c                UGV_rcReceiverInit
 .text.HAL_TIM_IC_CaptureCallback
                0x000000000800bdbc       0x64 ./UGV/Drivers/RC/rcReceiver.o
                0x000000000800bdbc                HAL_TIM_IC_CaptureCallback
 .text.UGV_rcDutyCalculate
                0x000000000800be20      0x120 ./UGV/Drivers/RC/rcReceiver.o
 .text.RCFilter_Init
                0x000000000800bf40       0x7c ./UGV/Drivers/RcFilter/rcFilter.o
                0x000000000800bf40                RCFilter_Init
 .text.RCFilter_Update
                0x000000000800bfbc       0x52 ./UGV/Drivers/RcFilter/rcFilter.o
                0x000000000800bfbc                RCFilter_Update
 .text.SX1278_SPIRead
                0x000000000800c00e       0x3e ./UGV/Drivers/SX1278/SX1278.o
                0x000000000800c00e                SX1278_SPIRead
 .text.SX1278_SPIWrite
                0x000000000800c04c       0x52 ./UGV/Drivers/SX1278/SX1278.o
                0x000000000800c04c                SX1278_SPIWrite
 .text.SX1278_SPIBurstRead
                0x000000000800c09e       0x72 ./UGV/Drivers/SX1278/SX1278.o
                0x000000000800c09e                SX1278_SPIBurstRead
 .text.SX1278_SPIBurstWrite
                0x000000000800c110       0x76 ./UGV/Drivers/SX1278/SX1278.o
                0x000000000800c110                SX1278_SPIBurstWrite
 *fill*         0x000000000800c186        0x2 
 .text.SX1278_config
                0x000000000800c188      0x208 ./UGV/Drivers/SX1278/SX1278.o
                0x000000000800c188                SX1278_config
 .text.SX1278_standby
                0x000000000800c390       0x20 ./UGV/Drivers/SX1278/SX1278.o
                0x000000000800c390                SX1278_standby
 .text.SX1278_sleep
                0x000000000800c3b0       0x20 ./UGV/Drivers/SX1278/SX1278.o
                0x000000000800c3b0                SX1278_sleep
 .text.SX1278_entryLoRa
                0x000000000800c3d0       0x1a ./UGV/Drivers/SX1278/SX1278.o
                0x000000000800c3d0                SX1278_entryLoRa
 .text.SX1278_clearLoRaIrq
                0x000000000800c3ea       0x1a ./UGV/Drivers/SX1278/SX1278.o
                0x000000000800c3ea                SX1278_clearLoRaIrq
 .text.SX1278_LoRaEntryRx
                0x000000000800c404       0xca ./UGV/Drivers/SX1278/SX1278.o
                0x000000000800c404                SX1278_LoRaEntryRx
 .text.SX1278_LoRaRxPacket
                0x000000000800c4ce       0x88 ./UGV/Drivers/SX1278/SX1278.o
                0x000000000800c4ce                SX1278_LoRaRxPacket
 .text.SX1278_LoRaEntryTx
                0x000000000800c556       0xb0 ./UGV/Drivers/SX1278/SX1278.o
                0x000000000800c556                SX1278_LoRaEntryTx
 .text.SX1278_LoRaTxPacket
                0x000000000800c606       0x7e ./UGV/Drivers/SX1278/SX1278.o
                0x000000000800c606                SX1278_LoRaTxPacket
 .text.SX1278_init
                0x000000000800c684       0x5a ./UGV/Drivers/SX1278/SX1278.o
                0x000000000800c684                SX1278_init
 .text.SX1278_available
                0x000000000800c6de       0x18 ./UGV/Drivers/SX1278/SX1278.o
                0x000000000800c6de                SX1278_available
 .text.SX1278_read
                0x000000000800c6f6       0x4c ./UGV/Drivers/SX1278/SX1278.o
                0x000000000800c6f6                SX1278_read
 .text.SX1278_hw_init
                0x000000000800c742       0x2a ./UGV/Drivers/SX1278/SX1278_hw.o
                0x000000000800c742                SX1278_hw_init
 .text.SX1278_hw_SetNSS
                0x000000000800c76c       0x2e ./UGV/Drivers/SX1278/SX1278_hw.o
                0x000000000800c76c                SX1278_hw_SetNSS
 .text.SX1278_hw_Reset
                0x000000000800c79a       0x48 ./UGV/Drivers/SX1278/SX1278_hw.o
                0x000000000800c79a                SX1278_hw_Reset
 .text.SX1278_hw_SPICommand
                0x000000000800c7e2       0x40 ./UGV/Drivers/SX1278/SX1278_hw.o
                0x000000000800c7e2                SX1278_hw_SPICommand
 .text.SX1278_hw_SPIReadByte
                0x000000000800c822       0x4c ./UGV/Drivers/SX1278/SX1278_hw.o
                0x000000000800c822                SX1278_hw_SPIReadByte
 .text.SX1278_hw_DelayMs
                0x000000000800c86e       0x16 ./UGV/Drivers/SX1278/SX1278_hw.o
                0x000000000800c86e                SX1278_hw_DelayMs
 .text.SX1278_hw_GetDIO0
                0x000000000800c884       0x2e ./UGV/Drivers/SX1278/SX1278_hw.o
                0x000000000800c884                SX1278_hw_GetDIO0
 *fill*         0x000000000800c8b2        0x2 
 .text.UGV_cameraServoInit
                0x000000000800c8b4       0x4c ./UGV/Drivers/Servo/cameraServo.o
                0x000000000800c8b4                UGV_cameraServoInit
 .text.init_PEC15_Table
                0x000000000800c900       0x70 ./UGV/Drivers/crc/crc15.o
                0x000000000800c900                init_PEC15_Table
 .text.UGV_ledControl
                0x000000000800c970       0x8c ./UGV/Drivers/ledControl/ledControl.o
                0x000000000800c970                UGV_ledControl
 .text.ugvMain  0x000000000800c9fc       0xd0 ./UGV/Main/ugvMain.o
                0x000000000800c9fc                ugvMain
 .text.ugvSystemInit
                0x000000000800cacc       0x48 ./UGV/Main/ugvMain.o
                0x000000000800cacc                ugvSystemInit
 .text.sx1278Init
                0x000000000800cb14       0x50 ./UGV/Main/ugvMain.o
 *fill*         0x000000000800cb64        0x4 
 .text.taskLoraCom
                0x000000000800cb68       0xc4 ./UGV/Tasks/TaskLoraCom/taskLoraCom.o
                0x000000000800cb68                taskLoraCom
 .text.dioIrqCallback
                0x000000000800cc2c       0x40 ./UGV/Tasks/TaskLoraCom/taskLoraCom.o
                0x000000000800cc2c                dioIrqCallback
 .text.__NVIC_SystemReset
                0x000000000800cc6c       0x2c ./UGV/Tasks/TaskMotorDrive/taskMotorDrive.o
 .text.taskMotorDrive
                0x000000000800cc98       0x54 ./UGV/Tasks/TaskMotorDrive/taskMotorDrive.o
                0x000000000800cc98                taskMotorDrive
 .text.__NVIC_SystemReset
                0x000000000800ccec       0x2c ./UGV/Tasks/TaskSensor/taskSensor.o
 .text.taskSensor
                0x000000000800cd18       0xa0 ./UGV/Tasks/TaskSensor/taskSensor.o
                0x000000000800cd18                taskSensor
 .text.qmcProc  0x000000000800cdb8       0x38 ./UGV/Tasks/TaskSensor/taskSensor.o
                0x000000000800cdb8                qmcProc
 .text.sprintf  0x000000000800cdf0       0x40 C:/ST/STM32CubeIDE_1.13.2/STM32CubeIDE/plugins/com.st.stm32cube.ide.mcu.externaltools.gnu-tools-for-stm32.11.3.rel1.win32_1.1.100.202309141235/tools/bin/../lib/gcc/arm-none-eabi/11.3.1/../../../../arm-none-eabi/lib/thumb/v7e-m+fp/hard\libc_nano.a(libc_a-sprintf.o)
                0x000000000800cdf0                siprintf
                0x000000000800cdf0                sprintf
 .text.memset   0x000000000800ce30       0x10 C:/ST/STM32CubeIDE_1.13.2/STM32CubeIDE/plugins/com.st.stm32cube.ide.mcu.externaltools.gnu-tools-for-stm32.11.3.rel1.win32_1.1.100.202309141235/tools/bin/../lib/gcc/arm-none-eabi/11.3.1/../../../../arm-none-eabi/lib/thumb/v7e-m+fp/hard\libc_nano.a(libc_a-memset.o)
                0x000000000800ce30                memset
 .text.strncmp  0x000000000800ce40       0x24 C:/ST/STM32CubeIDE_1.13.2/STM32CubeIDE/plugins/com.st.stm32cube.ide.mcu.externaltools.gnu-tools-for-stm32.11.3.rel1.win32_1.1.100.202309141235/tools/bin/../lib/gcc/arm-none-eabi/11.3.1/../../../../arm-none-eabi/lib/thumb/v7e-m+fp/hard\libc_nano.a(libc_a-strncmp.o)
                0x000000000800ce40                strncmp
 .text._reclaim_reent
                0x000000000800ce64       0xac C:/ST/STM32CubeIDE_1.13.2/STM32CubeIDE/plugins/com.st.stm32cube.ide.mcu.externaltools.gnu-tools-for-stm32.11.3.rel1.win32_1.1.100.202309141235/tools/bin/../lib/gcc/arm-none-eabi/11.3.1/../../../../arm-none-eabi/lib/thumb/v7e-m+fp/hard\libc_nano.a(libc_a-reent.o)
                0x000000000800ce64                _reclaim_reent
 .text.__errno  0x000000000800cf10        0xc C:/ST/STM32CubeIDE_1.13.2/STM32CubeIDE/plugins/com.st.stm32cube.ide.mcu.externaltools.gnu-tools-for-stm32.11.3.rel1.win32_1.1.100.202309141235/tools/bin/../lib/gcc/arm-none-eabi/11.3.1/../../../../arm-none-eabi/lib/thumb/v7e-m+fp/hard\libc_nano.a(libc_a-errno.o)
                0x000000000800cf10                __errno
 .text.__libc_init_array
                0x000000000800cf1c       0x48 C:/ST/STM32CubeIDE_1.13.2/STM32CubeIDE/plugins/com.st.stm32cube.ide.mcu.externaltools.gnu-tools-for-stm32.11.3.rel1.win32_1.1.100.202309141235/tools/bin/../lib/gcc/arm-none-eabi/11.3.1/../../../../arm-none-eabi/lib/thumb/v7e-m+fp/hard\libc_nano.a(libc_a-init.o)
                0x000000000800cf1c                __libc_init_array
 .text.__retarget_lock_acquire_recursive
                0x000000000800cf64        0x2 C:/ST/STM32CubeIDE_1.13.2/STM32CubeIDE/plugins/com.st.stm32cube.ide.mcu.externaltools.gnu-tools-for-stm32.11.3.rel1.win32_1.1.100.202309141235/tools/bin/../lib/gcc/arm-none-eabi/11.3.1/../../../../arm-none-eabi/lib/thumb/v7e-m+fp/hard\libc_nano.a(libc_a-lock.o)
                0x000000000800cf64                __retarget_lock_acquire_recursive
 .text.__retarget_lock_release_recursive
                0x000000000800cf66        0x2 C:/ST/STM32CubeIDE_1.13.2/STM32CubeIDE/plugins/com.st.stm32cube.ide.mcu.externaltools.gnu-tools-for-stm32.11.3.rel1.win32_1.1.100.202309141235/tools/bin/../lib/gcc/arm-none-eabi/11.3.1/../../../../arm-none-eabi/lib/thumb/v7e-m+fp/hard\libc_nano.a(libc_a-lock.o)
                0x000000000800cf66                __retarget_lock_release_recursive
 .text.memcpy   0x000000000800cf68       0x1c C:/ST/STM32CubeIDE_1.13.2/STM32CubeIDE/plugins/com.st.stm32cube.ide.mcu.externaltools.gnu-tools-for-stm32.11.3.rel1.win32_1.1.100.202309141235/tools/bin/../lib/gcc/arm-none-eabi/11.3.1/../../../../arm-none-eabi/lib/thumb/v7e-m+fp/hard\libc_nano.a(libc_a-memcpy-stub.o)
                0x000000000800cf68                memcpy
 .text._free_r  0x000000000800cf84       0x98 C:/ST/STM32CubeIDE_1.13.2/STM32CubeIDE/plugins/com.st.stm32cube.ide.mcu.externaltools.gnu-tools-for-stm32.11.3.rel1.win32_1.1.100.202309141235/tools/bin/../lib/gcc/arm-none-eabi/11.3.1/../../../../arm-none-eabi/lib/thumb/v7e-m+fp/hard\libc_nano.a(libc_a-freer.o)
                0x000000000800cf84                _free_r
 .text.sbrk_aligned
                0x000000000800d01c       0x40 C:/ST/STM32CubeIDE_1.13.2/STM32CubeIDE/plugins/com.st.stm32cube.ide.mcu.externaltools.gnu-tools-for-stm32.11.3.rel1.win32_1.1.100.202309141235/tools/bin/../lib/gcc/arm-none-eabi/11.3.1/../../../../arm-none-eabi/lib/thumb/v7e-m+fp/hard\libc_nano.a(libc_a-mallocr.o)
 .text._malloc_r
                0x000000000800d05c      0x100 C:/ST/STM32CubeIDE_1.13.2/STM32CubeIDE/plugins/com.st.stm32cube.ide.mcu.externaltools.gnu-tools-for-stm32.11.3.rel1.win32_1.1.100.202309141235/tools/bin/../lib/gcc/arm-none-eabi/11.3.1/../../../../arm-none-eabi/lib/thumb/v7e-m+fp/hard\libc_nano.a(libc_a-mallocr.o)
                0x000000000800d05c                _malloc_r
 .text.__malloc_lock
                0x000000000800d15c        0xc C:/ST/STM32CubeIDE_1.13.2/STM32CubeIDE/plugins/com.st.stm32cube.ide.mcu.externaltools.gnu-tools-for-stm32.11.3.rel1.win32_1.1.100.202309141235/tools/bin/../lib/gcc/arm-none-eabi/11.3.1/../../../../arm-none-eabi/lib/thumb/v7e-m+fp/hard\libc_nano.a(libc_a-mlock.o)
                0x000000000800d15c                __malloc_lock
 .text.__malloc_unlock
                0x000000000800d168        0xc C:/ST/STM32CubeIDE_1.13.2/STM32CubeIDE/plugins/com.st.stm32cube.ide.mcu.externaltools.gnu-tools-for-stm32.11.3.rel1.win32_1.1.100.202309141235/tools/bin/../lib/gcc/arm-none-eabi/11.3.1/../../../../arm-none-eabi/lib/thumb/v7e-m+fp/hard\libc_nano.a(libc_a-mlock.o)
                0x000000000800d168                __malloc_unlock
 .text.__ssputs_r
                0x000000000800d174       0xb4 C:/ST/STM32CubeIDE_1.13.2/STM32CubeIDE/plugins/com.st.stm32cube.ide.mcu.externaltools.gnu-tools-for-stm32.11.3.rel1.win32_1.1.100.202309141235/tools/bin/../lib/gcc/arm-none-eabi/11.3.1/../../../../arm-none-eabi/lib/thumb/v7e-m+fp/hard\libc_nano.a(libc_a-nano-svfprintf.o)
                0x000000000800d174                __ssputs_r
 .text._svfprintf_r
                0x000000000800d228      0x1fc C:/ST/STM32CubeIDE_1.13.2/STM32CubeIDE/plugins/com.st.stm32cube.ide.mcu.externaltools.gnu-tools-for-stm32.11.3.rel1.win32_1.1.100.202309141235/tools/bin/../lib/gcc/arm-none-eabi/11.3.1/../../../../arm-none-eabi/lib/thumb/v7e-m+fp/hard\libc_nano.a(libc_a-nano-svfprintf.o)
                0x000000000800d228                _svfiprintf_r
                0x000000000800d228                _svfprintf_r
 .text._printf_common
                0x000000000800d424       0xda C:/ST/STM32CubeIDE_1.13.2/STM32CubeIDE/plugins/com.st.stm32cube.ide.mcu.externaltools.gnu-tools-for-stm32.11.3.rel1.win32_1.1.100.202309141235/tools/bin/../lib/gcc/arm-none-eabi/11.3.1/../../../../arm-none-eabi/lib/thumb/v7e-m+fp/hard\libc_nano.a(libc_a-nano-vfprintf_i.o)
                0x000000000800d424                _printf_common
 *fill*         0x000000000800d4fe        0x2 
 .text._printf_i
                0x000000000800d500      0x244 C:/ST/STM32CubeIDE_1.13.2/STM32CubeIDE/plugins/com.st.stm32cube.ide.mcu.externaltools.gnu-tools-for-stm32.11.3.rel1.win32_1.1.100.202309141235/tools/bin/../lib/gcc/arm-none-eabi/11.3.1/../../../../arm-none-eabi/lib/thumb/v7e-m+fp/hard\libc_nano.a(libc_a-nano-vfprintf_i.o)
                0x000000000800d500                _printf_i
 .text.memmove  0x000000000800d744       0x34 C:/ST/STM32CubeIDE_1.13.2/STM32CubeIDE/plugins/com.st.stm32cube.ide.mcu.externaltools.gnu-tools-for-stm32.11.3.rel1.win32_1.1.100.202309141235/tools/bin/../lib/gcc/arm-none-eabi/11.3.1/../../../../arm-none-eabi/lib/thumb/v7e-m+fp/hard\libc_nano.a(libc_a-memmove.o)
                0x000000000800d744                memmove
 .text._sbrk_r  0x000000000800d778       0x20 C:/ST/STM32CubeIDE_1.13.2/STM32CubeIDE/plugins/com.st.stm32cube.ide.mcu.externaltools.gnu-tools-for-stm32.11.3.rel1.win32_1.1.100.202309141235/tools/bin/../lib/gcc/arm-none-eabi/11.3.1/../../../../arm-none-eabi/lib/thumb/v7e-m+fp/hard\libc_nano.a(libc_a-sbrkr.o)
                0x000000000800d778                _sbrk_r
 .text._realloc_r
                0x000000000800d798       0x5e C:/ST/STM32CubeIDE_1.13.2/STM32CubeIDE/plugins/com.st.stm32cube.ide.mcu.externaltools.gnu-tools-for-stm32.11.3.rel1.win32_1.1.100.202309141235/tools/bin/../lib/gcc/arm-none-eabi/11.3.1/../../../../arm-none-eabi/lib/thumb/v7e-m+fp/hard\libc_nano.a(libc_a-reallocr.o)
                0x000000000800d798                _realloc_r
 .text._malloc_usable_size_r
                0x000000000800d7f6       0x10 C:/ST/STM32CubeIDE_1.13.2/STM32CubeIDE/plugins/com.st.stm32cube.ide.mcu.externaltools.gnu-tools-for-stm32.11.3.rel1.win32_1.1.100.202309141235/tools/bin/../lib/gcc/arm-none-eabi/11.3.1/../../../../arm-none-eabi/lib/thumb/v7e-m+fp/hard\libc_nano.a(libc_a-msizer.o)
                0x000000000800d7f6                _malloc_usable_size_r
 .text.atan2    0x000000000800d806        0x4 C:/ST/STM32CubeIDE_1.13.2/STM32CubeIDE/plugins/com.st.stm32cube.ide.mcu.externaltools.gnu-tools-for-stm32.11.3.rel1.win32_1.1.100.202309141235/tools/bin/../lib/gcc/arm-none-eabi/11.3.1/../../../../arm-none-eabi/lib/thumb/v7e-m+fp/hard\libm.a(libm_a-w_atan2.o)
                0x000000000800d806                atan2
 *fill*         0x000000000800d80a        0x2 
 .text.pow      0x000000000800d80c       0xe0 C:/ST/STM32CubeIDE_1.13.2/STM32CubeIDE/plugins/com.st.stm32cube.ide.mcu.externaltools.gnu-tools-for-stm32.11.3.rel1.win32_1.1.100.202309141235/tools/bin/../lib/gcc/arm-none-eabi/11.3.1/../../../../arm-none-eabi/lib/thumb/v7e-m+fp/hard\libm.a(libm_a-w_pow.o)
                0x000000000800d80c                pow
 .text.finite   0x000000000800d8ec       0x16 C:/ST/STM32CubeIDE_1.13.2/STM32CubeIDE/plugins/com.st.stm32cube.ide.mcu.externaltools.gnu-tools-for-stm32.11.3.rel1.win32_1.1.100.202309141235/tools/bin/../lib/gcc/arm-none-eabi/11.3.1/../../../../arm-none-eabi/lib/thumb/v7e-m+fp/hard\libm.a(libm_a-s_finite.o)
                0x000000000800d8ec                finite
 *fill*         0x000000000800d902        0x6 
 .text.__ieee754_atan2
                0x000000000800d908      0x18c C:/ST/STM32CubeIDE_1.13.2/STM32CubeIDE/plugins/com.st.stm32cube.ide.mcu.externaltools.gnu-tools-for-stm32.11.3.rel1.win32_1.1.100.202309141235/tools/bin/../lib/gcc/arm-none-eabi/11.3.1/../../../../arm-none-eabi/lib/thumb/v7e-m+fp/hard\libm.a(libm_a-e_atan2.o)
                0x000000000800d908                __ieee754_atan2
 *fill*         0x000000000800da94        0x4 
 .text.__ieee754_pow
                0x000000000800da98      0xa54 C:/ST/STM32CubeIDE_1.13.2/STM32CubeIDE/plugins/com.st.stm32cube.ide.mcu.externaltools.gnu-tools-for-stm32.11.3.rel1.win32_1.1.100.202309141235/tools/bin/../lib/gcc/arm-none-eabi/11.3.1/../../../../arm-none-eabi/lib/thumb/v7e-m+fp/hard\libm.a(libm_a-e_pow.o)
                0x000000000800da98                __ieee754_pow
 *fill*         0x000000000800e4ec        0x4 
 .text.atan     0x000000000800e4f0      0x340 C:/ST/STM32CubeIDE_1.13.2/STM32CubeIDE/plugins/com.st.stm32cube.ide.mcu.externaltools.gnu-tools-for-stm32.11.3.rel1.win32_1.1.100.202309141235/tools/bin/../lib/gcc/arm-none-eabi/11.3.1/../../../../arm-none-eabi/lib/thumb/v7e-m+fp/hard\libm.a(libm_a-s_atan.o)
                0x000000000800e4f0                atan
 .text.fabs     0x000000000800e830       0x12 C:/ST/STM32CubeIDE_1.13.2/STM32CubeIDE/plugins/com.st.stm32cube.ide.mcu.externaltools.gnu-tools-for-stm32.11.3.rel1.win32_1.1.100.202309141235/tools/bin/../lib/gcc/arm-none-eabi/11.3.1/../../../../arm-none-eabi/lib/thumb/v7e-m+fp/hard\libm.a(libm_a-s_fabs.o)
                0x000000000800e830                fabs
 *fill*         0x000000000800e842        0x6 
 .text.scalbn   0x000000000800e848       0xfc C:/ST/STM32CubeIDE_1.13.2/STM32CubeIDE/plugins/com.st.stm32cube.ide.mcu.externaltools.gnu-tools-for-stm32.11.3.rel1.win32_1.1.100.202309141235/tools/bin/../lib/gcc/arm-none-eabi/11.3.1/../../../../arm-none-eabi/lib/thumb/v7e-m+fp/hard\libm.a(libm_a-s_scalbn.o)
                0x000000000800e848                scalbn
 .text.with_errno
                0x000000000800e944       0x14 C:/ST/STM32CubeIDE_1.13.2/STM32CubeIDE/plugins/com.st.stm32cube.ide.mcu.externaltools.gnu-tools-for-stm32.11.3.rel1.win32_1.1.100.202309141235/tools/bin/../lib/gcc/arm-none-eabi/11.3.1/../../../../arm-none-eabi/lib/thumb/v7e-m+fp/hard\libm.a(libm_a-math_err.o)
 .text.xflow    0x000000000800e958       0x28 C:/ST/STM32CubeIDE_1.13.2/STM32CubeIDE/plugins/com.st.stm32cube.ide.mcu.externaltools.gnu-tools-for-stm32.11.3.rel1.win32_1.1.100.202309141235/tools/bin/../lib/gcc/arm-none-eabi/11.3.1/../../../../arm-none-eabi/lib/thumb/v7e-m+fp/hard\libm.a(libm_a-math_err.o)
 .text.__math_uflow
                0x000000000800e980       0x12 C:/ST/STM32CubeIDE_1.13.2/STM32CubeIDE/plugins/com.st.stm32cube.ide.mcu.externaltools.gnu-tools-for-stm32.11.3.rel1.win32_1.1.100.202309141235/tools/bin/../lib/gcc/arm-none-eabi/11.3.1/../../../../arm-none-eabi/lib/thumb/v7e-m+fp/hard\libm.a(libm_a-math_err.o)
                0x000000000800e980                __math_uflow
 .text.__math_oflow
                0x000000000800e992       0x12 C:/ST/STM32CubeIDE_1.13.2/STM32CubeIDE/plugins/com.st.stm32cube.ide.mcu.externaltools.gnu-tools-for-stm32.11.3.rel1.win32_1.1.100.202309141235/tools/bin/../lib/gcc/arm-none-eabi/11.3.1/../../../../arm-none-eabi/lib/thumb/v7e-m+fp/hard\libm.a(libm_a-math_err.o)
                0x000000000800e992                __math_oflow
 .text.__ieee754_sqrt
                0x000000000800e9a4      0x1b4 C:/ST/STM32CubeIDE_1.13.2/STM32CubeIDE/plugins/com.st.stm32cube.ide.mcu.externaltools.gnu-tools-for-stm32.11.3.rel1.win32_1.1.100.202309141235/tools/bin/../lib/gcc/arm-none-eabi/11.3.1/../../../../arm-none-eabi/lib/thumb/v7e-m+fp/hard\libm.a(libm_a-e_sqrt.o)
                0x000000000800e9a4                __ieee754_sqrt
 *(.glue_7)
 .glue_7        0x000000000800eb58        0x0 linker stubs
 *(.glue_7t)
 .glue_7t       0x000000000800eb58        0x0 linker stubs
 *(.eh_frame)
 .eh_frame      0x000000000800eb58        0x0 C:/ST/STM32CubeIDE_1.13.2/STM32CubeIDE/plugins/com.st.stm32cube.ide.mcu.externaltools.gnu-tools-for-stm32.11.3.rel1.win32_1.1.100.202309141235/tools/bin/../lib/gcc/arm-none-eabi/11.3.1/thumb/v7e-m+fp/hard/crtbegin.o
 *(.init)
 .init          0x000000000800eb58        0x4 C:/ST/STM32CubeIDE_1.13.2/STM32CubeIDE/plugins/com.st.stm32cube.ide.mcu.externaltools.gnu-tools-for-stm32.11.3.rel1.win32_1.1.100.202309141235/tools/bin/../lib/gcc/arm-none-eabi/11.3.1/thumb/v7e-m+fp/hard/crti.o
                0x000000000800eb58                _init
 .init          0x000000000800eb5c        0x8 C:/ST/STM32CubeIDE_1.13.2/STM32CubeIDE/plugins/com.st.stm32cube.ide.mcu.externaltools.gnu-tools-for-stm32.11.3.rel1.win32_1.1.100.202309141235/tools/bin/../lib/gcc/arm-none-eabi/11.3.1/thumb/v7e-m+fp/hard/crtn.o
 *(.fini)
 .fini          0x000000000800eb64        0x4 C:/ST/STM32CubeIDE_1.13.2/STM32CubeIDE/plugins/com.st.stm32cube.ide.mcu.externaltools.gnu-tools-for-stm32.11.3.rel1.win32_1.1.100.202309141235/tools/bin/../lib/gcc/arm-none-eabi/11.3.1/thumb/v7e-m+fp/hard/crti.o
                0x000000000800eb64                _fini
 .fini          0x000000000800eb68        0x8 C:/ST/STM32CubeIDE_1.13.2/STM32CubeIDE/plugins/com.st.stm32cube.ide.mcu.externaltools.gnu-tools-for-stm32.11.3.rel1.win32_1.1.100.202309141235/tools/bin/../lib/gcc/arm-none-eabi/11.3.1/thumb/v7e-m+fp/hard/crtn.o
                0x000000000800eb70                . = ALIGN (0x4)
                0x000000000800eb70                _etext = .

.vfp11_veneer   0x000000000800eb70        0x0
 .vfp11_veneer  0x000000000800eb70        0x0 linker stubs

.v4_bx          0x000000000800eb70        0x0
 .v4_bx         0x000000000800eb70        0x0 linker stubs

.iplt           0x000000000800eb70        0x0
 .iplt          0x000000000800eb70        0x0 C:/ST/STM32CubeIDE_1.13.2/STM32CubeIDE/plugins/com.st.stm32cube.ide.mcu.externaltools.gnu-tools-for-stm32.11.3.rel1.win32_1.1.100.202309141235/tools/bin/../lib/gcc/arm-none-eabi/11.3.1/thumb/v7e-m+fp/hard/crtbegin.o

.rodata         0x000000000800eb70      0x160
                0x000000000800eb70                . = ALIGN (0x4)
 *(.rodata)
 .rodata        0x000000000800eb70        0x5 ./Middlewares/Third_Party/FreeRTOS/Source/tasks.o
 *fill*         0x000000000800eb75        0x3 
 .rodata        0x000000000800eb78        0xd ./Middlewares/Third_Party/FreeRTOS/Source/timers.o
 *fill*         0x000000000800eb85        0x3 
 .rodata        0x000000000800eb88       0x1b ./UGV/Drivers/GPS/gps.o
 *fill*         0x000000000800eba3        0x1 
 .rodata        0x000000000800eba4       0x1c ./UGV/Main/ugvMain.o
 *(.rodata*)
 .rodata.AHBPrescTable
                0x000000000800ebc0       0x10 ./Core/Src/system_stm32f4xx.o
                0x000000000800ebc0                AHBPrescTable
 .rodata.APBPrescTable
                0x000000000800ebd0        0x8 ./Core/Src/system_stm32f4xx.o
                0x000000000800ebd0                APBPrescTable
 .rodata.SX1278_Power
                0x000000000800ebd8        0x4 ./UGV/Drivers/SX1278/SX1278.o
 .rodata.SX1278_SpreadFactor
                0x000000000800ebdc        0x7 ./UGV/Drivers/SX1278/SX1278.o
 *fill*         0x000000000800ebe3        0x1 
 .rodata.SX1278_LoRaBandwidth
                0x000000000800ebe4        0xa ./UGV/Drivers/SX1278/SX1278.o
 *fill*         0x000000000800ebee        0x2 
 .rodata.SX1278_CodingRate
                0x000000000800ebf0        0x4 ./UGV/Drivers/SX1278/SX1278.o
 .rodata.SX1278_CRC_Sum
                0x000000000800ebf4        0x2 ./UGV/Drivers/SX1278/SX1278.o
 .rodata._svfprintf_r.str1.1
                0x000000000800ebf6       0x11 C:/ST/STM32CubeIDE_1.13.2/STM32CubeIDE/plugins/com.st.stm32cube.ide.mcu.externaltools.gnu-tools-for-stm32.11.3.rel1.win32_1.1.100.202309141235/tools/bin/../lib/gcc/arm-none-eabi/11.3.1/../../../../arm-none-eabi/lib/thumb/v7e-m+fp/hard\libc_nano.a(libc_a-nano-svfprintf.o)
 .rodata._printf_i.str1.1
                0x000000000800ec07       0x22 C:/ST/STM32CubeIDE_1.13.2/STM32CubeIDE/plugins/com.st.stm32cube.ide.mcu.externaltools.gnu-tools-for-stm32.11.3.rel1.win32_1.1.100.202309141235/tools/bin/../lib/gcc/arm-none-eabi/11.3.1/../../../../arm-none-eabi/lib/thumb/v7e-m+fp/hard\libc_nano.a(libc_a-nano-vfprintf_i.o)
 *fill*         0x000000000800ec29        0x7 
 .rodata.CSWTCH.8
                0x000000000800ec30       0x18 C:/ST/STM32CubeIDE_1.13.2/STM32CubeIDE/plugins/com.st.stm32cube.ide.mcu.externaltools.gnu-tools-for-stm32.11.3.rel1.win32_1.1.100.202309141235/tools/bin/../lib/gcc/arm-none-eabi/11.3.1/../../../../arm-none-eabi/lib/thumb/v7e-m+fp/hard\libm.a(libm_a-e_atan2.o)
 .rodata.CSWTCH.9
                0x000000000800ec48       0x18 C:/ST/STM32CubeIDE_1.13.2/STM32CubeIDE/plugins/com.st.stm32cube.ide.mcu.externaltools.gnu-tools-for-stm32.11.3.rel1.win32_1.1.100.202309141235/tools/bin/../lib/gcc/arm-none-eabi/11.3.1/../../../../arm-none-eabi/lib/thumb/v7e-m+fp/hard\libm.a(libm_a-e_atan2.o)
 .rodata.bp     0x000000000800ec60       0x10 C:/ST/STM32CubeIDE_1.13.2/STM32CubeIDE/plugins/com.st.stm32cube.ide.mcu.externaltools.gnu-tools-for-stm32.11.3.rel1.win32_1.1.100.202309141235/tools/bin/../lib/gcc/arm-none-eabi/11.3.1/../../../../arm-none-eabi/lib/thumb/v7e-m+fp/hard\libm.a(libm_a-e_pow.o)
 .rodata.dp_h   0x000000000800ec70       0x10 C:/ST/STM32CubeIDE_1.13.2/STM32CubeIDE/plugins/com.st.stm32cube.ide.mcu.externaltools.gnu-tools-for-stm32.11.3.rel1.win32_1.1.100.202309141235/tools/bin/../lib/gcc/arm-none-eabi/11.3.1/../../../../arm-none-eabi/lib/thumb/v7e-m+fp/hard\libm.a(libm_a-e_pow.o)
 .rodata.dp_l   0x000000000800ec80       0x10 C:/ST/STM32CubeIDE_1.13.2/STM32CubeIDE/plugins/com.st.stm32cube.ide.mcu.externaltools.gnu-tools-for-stm32.11.3.rel1.win32_1.1.100.202309141235/tools/bin/../lib/gcc/arm-none-eabi/11.3.1/../../../../arm-none-eabi/lib/thumb/v7e-m+fp/hard\libm.a(libm_a-e_pow.o)
 .rodata.atanhi
                0x000000000800ec90       0x20 C:/ST/STM32CubeIDE_1.13.2/STM32CubeIDE/plugins/com.st.stm32cube.ide.mcu.externaltools.gnu-tools-for-stm32.11.3.rel1.win32_1.1.100.202309141235/tools/bin/../lib/gcc/arm-none-eabi/11.3.1/../../../../arm-none-eabi/lib/thumb/v7e-m+fp/hard\libm.a(libm_a-s_atan.o)
 .rodata.atanlo
                0x000000000800ecb0       0x20 C:/ST/STM32CubeIDE_1.13.2/STM32CubeIDE/plugins/com.st.stm32cube.ide.mcu.externaltools.gnu-tools-for-stm32.11.3.rel1.win32_1.1.100.202309141235/tools/bin/../lib/gcc/arm-none-eabi/11.3.1/../../../../arm-none-eabi/lib/thumb/v7e-m+fp/hard\libm.a(libm_a-s_atan.o)
                0x000000000800ecd0                . = ALIGN (0x4)

.ARM.extab      0x000000000800ecd0        0x0
                0x000000000800ecd0                . = ALIGN (0x4)
 *(.ARM.extab* .gnu.linkonce.armextab.*)
                0x000000000800ecd0                . = ALIGN (0x4)

.ARM            0x000000000800ecd0        0x8
                0x000000000800ecd0                . = ALIGN (0x4)
                0x000000000800ecd0                __exidx_start = .
 *(.ARM.exidx*)
 .ARM.exidx     0x000000000800ecd0        0x8 C:/ST/STM32CubeIDE_1.13.2/STM32CubeIDE/plugins/com.st.stm32cube.ide.mcu.externaltools.gnu-tools-for-stm32.11.3.rel1.win32_1.1.100.202309141235/tools/bin/../lib/gcc/arm-none-eabi/11.3.1/thumb/v7e-m+fp/hard\libgcc.a(_udivmoddi4.o)
                0x000000000800ecd8                __exidx_end = .
                0x000000000800ecd8                . = ALIGN (0x4)

.rel.dyn        0x000000000800ecd8        0x0
 .rel.iplt      0x000000000800ecd8        0x0 C:/ST/STM32CubeIDE_1.13.2/STM32CubeIDE/plugins/com.st.stm32cube.ide.mcu.externaltools.gnu-tools-for-stm32.11.3.rel1.win32_1.1.100.202309141235/tools/bin/../lib/gcc/arm-none-eabi/11.3.1/thumb/v7e-m+fp/hard/crtbegin.o

.preinit_array  0x000000000800ecd8        0x0
                0x000000000800ecd8                . = ALIGN (0x4)
                0x000000000800ecd8                PROVIDE (__preinit_array_start = .)
 *(.preinit_array*)
                0x000000000800ecd8                PROVIDE (__preinit_array_end = .)
                0x000000000800ecd8                . = ALIGN (0x4)

.init_array     0x000000000800ecd8        0x4
                0x000000000800ecd8                . = ALIGN (0x4)
                0x000000000800ecd8                PROVIDE (__init_array_start = .)
 *(SORT_BY_NAME(.init_array.*))
 *(.init_array*)
 .init_array    0x000000000800ecd8        0x4 C:/ST/STM32CubeIDE_1.13.2/STM32CubeIDE/plugins/com.st.stm32cube.ide.mcu.externaltools.gnu-tools-for-stm32.11.3.rel1.win32_1.1.100.202309141235/tools/bin/../lib/gcc/arm-none-eabi/11.3.1/thumb/v7e-m+fp/hard/crtbegin.o
                0x000000000800ecdc                PROVIDE (__init_array_end = .)
                0x000000000800ecdc                . = ALIGN (0x4)

.fini_array     0x000000000800ecdc        0x4
                0x000000000800ecdc                . = ALIGN (0x4)
                [!provide]                        PROVIDE (__fini_array_start = .)
 *(SORT_BY_NAME(.fini_array.*))
 *(.fini_array*)
 .fini_array    0x000000000800ecdc        0x4 C:/ST/STM32CubeIDE_1.13.2/STM32CubeIDE/plugins/com.st.stm32cube.ide.mcu.externaltools.gnu-tools-for-stm32.11.3.rel1.win32_1.1.100.202309141235/tools/bin/../lib/gcc/arm-none-eabi/11.3.1/thumb/v7e-m+fp/hard/crtbegin.o
                [!provide]                        PROVIDE (__fini_array_end = .)
                0x000000000800ece0                . = ALIGN (0x4)
                0x000000000800ece0                _sidata = LOADADDR (.data)

.data           0x0000000020000000       0xb0 load address 0x000000000800ece0
                0x0000000020000000                . = ALIGN (0x4)
                0x0000000020000000                _sdata = .
 *(.data)
 *(.data*)
 .data.SystemCoreClock
                0x0000000020000000        0x4 ./Core/Src/system_stm32f4xx.o
                0x0000000020000000                SystemCoreClock
 .data.uwTickPrio
                0x0000000020000004        0x4 ./Drivers/STM32F4xx_HAL_Driver/Src/stm32f4xx_hal.o
                0x0000000020000004                uwTickPrio
 .data.uwTickFreq
                0x0000000020000008        0x1 ./Drivers/STM32F4xx_HAL_Driver/Src/stm32f4xx_hal.o
                0x0000000020000008                uwTickFreq
 *fill*         0x0000000020000009        0x3 
 .data.uxCriticalNesting
                0x000000002000000c        0x4 ./Middlewares/Third_Party/FreeRTOS/Source/portable/GCC/ARM_CM4F/port.o
 .data.pid      0x0000000020000010       0x38 ./UGV/Drivers/MotorDriver/MotorDrive.o
                0x0000000020000010                pid
 .data.mFactor  0x0000000020000048        0x4 ./UGV/Drivers/RC/rcReceiver.o
                0x0000000020000048                mFactor
 .data._impure_data
                0x000000002000004c       0x4c C:/ST/STM32CubeIDE_1.13.2/STM32CubeIDE/plugins/com.st.stm32cube.ide.mcu.externaltools.gnu-tools-for-stm32.11.3.rel1.win32_1.1.100.202309141235/tools/bin/../lib/gcc/arm-none-eabi/11.3.1/../../../../arm-none-eabi/lib/thumb/v7e-m+fp/hard\libc_nano.a(libc_a-impure.o)
                0x000000002000004c                _impure_data
 .data._impure_ptr
                0x0000000020000098        0x4 C:/ST/STM32CubeIDE_1.13.2/STM32CubeIDE/plugins/com.st.stm32cube.ide.mcu.externaltools.gnu-tools-for-stm32.11.3.rel1.win32_1.1.100.202309141235/tools/bin/../lib/gcc/arm-none-eabi/11.3.1/../../../../arm-none-eabi/lib/thumb/v7e-m+fp/hard\libc_nano.a(libc_a-impure.o)
                0x0000000020000098                _impure_ptr
 *fill*         0x000000002000009c        0x4 
 .data.one      0x00000000200000a0        0x8 C:/ST/STM32CubeIDE_1.13.2/STM32CubeIDE/plugins/com.st.stm32cube.ide.mcu.externaltools.gnu-tools-for-stm32.11.3.rel1.win32_1.1.100.202309141235/tools/bin/../lib/gcc/arm-none-eabi/11.3.1/../../../../arm-none-eabi/lib/thumb/v7e-m+fp/hard\libm.a(libm_a-e_sqrt.o)
 .data.tiny     0x00000000200000a8        0x8 C:/ST/STM32CubeIDE_1.13.2/STM32CubeIDE/plugins/com.st.stm32cube.ide.mcu.externaltools.gnu-tools-for-stm32.11.3.rel1.win32_1.1.100.202309141235/tools/bin/../lib/gcc/arm-none-eabi/11.3.1/../../../../arm-none-eabi/lib/thumb/v7e-m+fp/hard\libm.a(libm_a-e_sqrt.o)
 *(.RamFunc)
 *(.RamFunc*)
                0x00000000200000b0                . = ALIGN (0x4)
                0x00000000200000b0                _edata = .

.igot.plt       0x00000000200000b0        0x0 load address 0x000000000800ed90
 .igot.plt      0x00000000200000b0        0x0 C:/ST/STM32CubeIDE_1.13.2/STM32CubeIDE/plugins/com.st.stm32cube.ide.mcu.externaltools.gnu-tools-for-stm32.11.3.rel1.win32_1.1.100.202309141235/tools/bin/../lib/gcc/arm-none-eabi/11.3.1/thumb/v7e-m+fp/hard/crtbegin.o
                0x00000000200000b0                . = ALIGN (0x4)

.bss            0x00000000200000b0     0x544c load address 0x000000000800ed90
                0x00000000200000b0                _sbss = .
                0x00000000200000b0                __bss_start__ = _sbss
 *(.bss)
 .bss           0x00000000200000b0       0x1c C:/ST/STM32CubeIDE_1.13.2/STM32CubeIDE/plugins/com.st.stm32cube.ide.mcu.externaltools.gnu-tools-for-stm32.11.3.rel1.win32_1.1.100.202309141235/tools/bin/../lib/gcc/arm-none-eabi/11.3.1/thumb/v7e-m+fp/hard/crtbegin.o
 *(.bss*)
 .bss.hi2c1     0x00000000200000cc       0x54 ./Core/Src/i2c.o
                0x00000000200000cc                hi2c1
 .bss.hspi1     0x0000000020000120       0x58 ./Core/Src/spi.o
                0x0000000020000120                hspi1
 .bss.hspi2     0x0000000020000178       0x58 ./Core/Src/spi.o
                0x0000000020000178                hspi2
 .bss.htim6     0x00000000200001d0       0x48 ./Core/Src/stm32f4xx_hal_timebase_tim.o
                0x00000000200001d0                htim6
 .bss.__sbrk_heap_end
                0x0000000020000218        0x4 ./Core/Src/sysmem.o
 .bss.htim1     0x000000002000021c       0x48 ./Core/Src/tim.o
                0x000000002000021c                htim1
 .bss.htim2     0x0000000020000264       0x48 ./Core/Src/tim.o
                0x0000000020000264                htim2
 .bss.htim3     0x00000000200002ac       0x48 ./Core/Src/tim.o
                0x00000000200002ac                htim3
 .bss.htim4     0x00000000200002f4       0x48 ./Core/Src/tim.o
                0x00000000200002f4                htim4
 .bss.htim12    0x000000002000033c       0x48 ./Core/Src/tim.o
                0x000000002000033c                htim12
 .bss.huart2    0x0000000020000384       0x48 ./Core/Src/usart.o
                0x0000000020000384                huart2
 .bss.huart3    0x00000000200003cc       0x48 ./Core/Src/usart.o
                0x00000000200003cc                huart3
 .bss.uwTick    0x0000000020000414        0x4 ./Drivers/STM32F4xx_HAL_Driver/Src/stm32f4xx_hal.o
                0x0000000020000414                uwTick
 .bss.KernelState
                0x0000000020000418        0x4 ./Middlewares/Third_Party/FreeRTOS/Source/CMSIS_RTOS_V2/cmsis_os2.o
 .bss.Idle_TCB.3
                0x000000002000041c       0xa8 ./Middlewares/Third_Party/FreeRTOS/Source/CMSIS_RTOS_V2/cmsis_os2.o
 .bss.Idle_Stack.2
                0x00000000200004c4      0x200 ./Middlewares/Third_Party/FreeRTOS/Source/CMSIS_RTOS_V2/cmsis_os2.o
 .bss.Timer_TCB.1
                0x00000000200006c4       0xa8 ./Middlewares/Third_Party/FreeRTOS/Source/CMSIS_RTOS_V2/cmsis_os2.o
 .bss.Timer_Stack.0
                0x000000002000076c      0x400 ./Middlewares/Third_Party/FreeRTOS/Source/CMSIS_RTOS_V2/cmsis_os2.o
 .bss.xQueueRegistry
                0x0000000020000b6c       0x40 ./Middlewares/Third_Party/FreeRTOS/Source/queue.o
                0x0000000020000b6c                xQueueRegistry
 .bss.pxCurrentTCB
                0x0000000020000bac        0x4 ./Middlewares/Third_Party/FreeRTOS/Source/tasks.o
                0x0000000020000bac                pxCurrentTCB
 .bss.pxReadyTasksLists
                0x0000000020000bb0      0x460 ./Middlewares/Third_Party/FreeRTOS/Source/tasks.o
 .bss.xDelayedTaskList1
                0x0000000020001010       0x14 ./Middlewares/Third_Party/FreeRTOS/Source/tasks.o
 .bss.xDelayedTaskList2
                0x0000000020001024       0x14 ./Middlewares/Third_Party/FreeRTOS/Source/tasks.o
 .bss.pxDelayedTaskList
                0x0000000020001038        0x4 ./Middlewares/Third_Party/FreeRTOS/Source/tasks.o
 .bss.pxOverflowDelayedTaskList
                0x000000002000103c        0x4 ./Middlewares/Third_Party/FreeRTOS/Source/tasks.o
 .bss.xPendingReadyList
                0x0000000020001040       0x14 ./Middlewares/Third_Party/FreeRTOS/Source/tasks.o
 .bss.xTasksWaitingTermination
                0x0000000020001054       0x14 ./Middlewares/Third_Party/FreeRTOS/Source/tasks.o
 .bss.uxDeletedTasksWaitingCleanUp
                0x0000000020001068        0x4 ./Middlewares/Third_Party/FreeRTOS/Source/tasks.o
 .bss.xSuspendedTaskList
                0x000000002000106c       0x14 ./Middlewares/Third_Party/FreeRTOS/Source/tasks.o
 .bss.uxCurrentNumberOfTasks
                0x0000000020001080        0x4 ./Middlewares/Third_Party/FreeRTOS/Source/tasks.o
 .bss.xTickCount
                0x0000000020001084        0x4 ./Middlewares/Third_Party/FreeRTOS/Source/tasks.o
 .bss.uxTopReadyPriority
                0x0000000020001088        0x4 ./Middlewares/Third_Party/FreeRTOS/Source/tasks.o
 .bss.xSchedulerRunning
                0x000000002000108c        0x4 ./Middlewares/Third_Party/FreeRTOS/Source/tasks.o
 .bss.xPendedTicks
                0x0000000020001090        0x4 ./Middlewares/Third_Party/FreeRTOS/Source/tasks.o
 .bss.xYieldPending
                0x0000000020001094        0x4 ./Middlewares/Third_Party/FreeRTOS/Source/tasks.o
 .bss.xNumOfOverflows
                0x0000000020001098        0x4 ./Middlewares/Third_Party/FreeRTOS/Source/tasks.o
 .bss.uxTaskNumber
                0x000000002000109c        0x4 ./Middlewares/Third_Party/FreeRTOS/Source/tasks.o
 .bss.xNextTaskUnblockTime
                0x00000000200010a0        0x4 ./Middlewares/Third_Party/FreeRTOS/Source/tasks.o
 .bss.xIdleTaskHandle
                0x00000000200010a4        0x4 ./Middlewares/Third_Party/FreeRTOS/Source/tasks.o
 .bss.uxSchedulerSuspended
                0x00000000200010a8        0x4 ./Middlewares/Third_Party/FreeRTOS/Source/tasks.o
 .bss.xActiveTimerList1